C:/Users/laoam/OneDrive/Documents/stm32/workspace/freertostrustzone-master/freertostrustzone-master/Drivers/BSP/STM32L5xx_Nucleo/stm32l5xx_nucleo.c:119:9:BSP_GetVersion	0	static
C:/Users/laoam/OneDrive/Documents/stm32/workspace/freertostrustzone-master/freertostrustzone-master/Drivers/BSP/STM32L5xx_Nucleo/stm32l5xx_nucleo.c:128:16:BSP_GetBoardName	0	static
C:/Users/laoam/OneDrive/Documents/stm32/workspace/freertostrustzone-master/freertostrustzone-master/Drivers/BSP/STM32L5xx_Nucleo/stm32l5xx_nucleo.c:137:16:BSP_GetBoardID	0	static
C:/Users/laoam/OneDrive/Documents/stm32/workspace/freertostrustzone-master/freertostrustzone-master/Drivers/BSP/STM32L5xx_Nucleo/stm32l5xx_nucleo.c:155:9:BSP_LED_Init	48	static
C:/Users/laoam/OneDrive/Documents/stm32/workspace/freertostrustzone-master/freertostrustzone-master/Drivers/BSP/STM32L5xx_Nucleo/stm32l5xx_nucleo.c:195:9:BSP_LED_DeInit	16	static
C:/Users/laoam/OneDrive/Documents/stm32/workspace/freertostrustzone-master/freertostrustzone-master/Drivers/BSP/STM32L5xx_Nucleo/stm32l5xx_nucleo.c:217:9:BSP_LED_On	8	static
C:/Users/laoam/OneDrive/Documents/stm32/workspace/freertostrustzone-master/freertostrustzone-master/Drivers/BSP/STM32L5xx_Nucleo/stm32l5xx_nucleo.c:233:9:BSP_LED_Off	8	static
C:/Users/laoam/OneDrive/Documents/stm32/workspace/freertostrustzone-master/freertostrustzone-master/Drivers/BSP/STM32L5xx_Nucleo/stm32l5xx_nucleo.c:249:9:BSP_LED_Toggle	8	static
C:/Users/laoam/OneDrive/Documents/stm32/workspace/freertostrustzone-master/freertostrustzone-master/Drivers/BSP/STM32L5xx_Nucleo/stm32l5xx_nucleo.c:264:9:BSP_LED_GetState	8	static
C:/Users/laoam/OneDrive/Documents/stm32/workspace/freertostrustzone-master/freertostrustzone-master/Drivers/BSP/STM32L5xx_Nucleo/stm32l5xx_nucleo.c:292:9:BSP_PB_Init	40	static
C:/Users/laoam/OneDrive/Documents/stm32/workspace/freertostrustzone-master/freertostrustzone-master/Drivers/BSP/STM32L5xx_Nucleo/stm32l5xx_nucleo.c:349:9:BSP_PB_DeInit	8	static
C:/Users/laoam/OneDrive/Documents/stm32/workspace/freertostrustzone-master/freertostrustzone-master/Drivers/BSP/STM32L5xx_Nucleo/stm32l5xx_nucleo.c:366:9:BSP_PB_GetState	8	static
C:/Users/laoam/OneDrive/Documents/stm32/workspace/freertostrustzone-master/freertostrustzone-master/Drivers/BSP/STM32L5xx_Nucleo/stm32l5xx_nucleo.c:380:13:BSP_PB_Callback	0	static
C:/Users/laoam/OneDrive/Documents/stm32/workspace/freertostrustzone-master/freertostrustzone-master/Drivers/BSP/STM32L5xx_Nucleo/stm32l5xx_nucleo.c:644:13:BUTTON_USER_EXTI_Callback	8	static
C:/Users/laoam/OneDrive/Documents/stm32/workspace/freertostrustzone-master/freertostrustzone-master/Drivers/BSP/STM32L5xx_Nucleo/stm32l5xx_nucleo.c:396:6:BSP_PB_IRQHandler	0	static
C:/Users/laoam/OneDrive/Documents/stm32/workspace/freertostrustzone-master/freertostrustzone-master/Drivers/BSP/STM32L5xx_Nucleo/stm32l5xx_nucleo.c:472:9:BSP_COM_DeInit	48	static
C:/Users/laoam/OneDrive/Documents/stm32/workspace/freertostrustzone-master/freertostrustzone-master/Drivers/BSP/STM32L5xx_Nucleo/stm32l5xx_nucleo.c:589:26:MX_LPUART1_Init	0	static
C:/Users/laoam/OneDrive/Documents/stm32/workspace/freertostrustzone-master/freertostrustzone-master/Drivers/BSP/STM32L5xx_Nucleo/stm32l5xx_nucleo.c:611:26:MX_USART3_Init	0	static
C:/Users/laoam/OneDrive/Documents/stm32/workspace/freertostrustzone-master/freertostrustzone-master/Drivers/BSP/STM32L5xx_Nucleo/stm32l5xx_nucleo.c:418:9:BSP_COM_Init	112	static
