C:/Users/laoam/OneDrive/Documents/stm32/workspace/freertostrustzone-master/freertostrustzone-master/Secure/Src/stm32l5xx_it.c:73:6:NMI_Handler	0	static
C:/Users/laoam/OneDrive/Documents/stm32/workspace/freertostrustzone-master/freertostrustzone-master/Secure/Src/stm32l5xx_it.c:86:6:HardFault_Handler	0	static
C:/Users/laoam/OneDrive/Documents/stm32/workspace/freertostrustzone-master/freertostrustzone-master/Secure/Src/stm32l5xx_it.c:101:6:MemManage_Handler	0	static
C:/Users/laoam/OneDrive/Documents/stm32/workspace/freertostrustzone-master/freertostrustzone-master/Secure/Src/stm32l5xx_it.c:116:6:BusFault_Handler	0	static
C:/Users/laoam/OneDrive/Documents/stm32/workspace/freertostrustzone-master/freertostrustzone-master/Secure/Src/stm32l5xx_it.c:131:6:UsageFault_Handler	0	static
C:/Users/laoam/OneDrive/Documents/stm32/workspace/freertostrustzone-master/freertostrustzone-master/Secure/Src/stm32l5xx_it.c:146:6:SecureFault_Handler	8	static
C:/Users/laoam/OneDrive/Documents/stm32/workspace/freertostrustzone-master/freertostrustzone-master/Secure/Src/stm32l5xx_it.c:170:6:SVC_Handler	0	static
C:/Users/laoam/OneDrive/Documents/stm32/workspace/freertostrustzone-master/freertostrustzone-master/Secure/Src/stm32l5xx_it.c:183:6:DebugMon_Handler	0	static
C:/Users/laoam/OneDrive/Documents/stm32/workspace/freertostrustzone-master/freertostrustzone-master/Secure/Src/stm32l5xx_it.c:196:6:PendSV_Handler	0	static
C:/Users/laoam/OneDrive/Documents/stm32/workspace/freertostrustzone-master/freertostrustzone-master/Secure/Src/stm32l5xx_it.c:209:6:SysTick_Handler	0	static
C:/Users/laoam/OneDrive/Documents/stm32/workspace/freertostrustzone-master/freertostrustzone-master/Secure/Src/stm32l5xx_it.c:230:6:GTZC_IRQHandler	8	static
