Archive member included to satisfy reference by file (symbol)

C:/ST/STM32CubeIDE_2.0.0/STM32CubeIDE/plugins/com.st.stm32cube.ide.mcu.externaltools.gnu-tools-for-stm32.13.3.rel1.win32_1.0.100.202509120712/tools/bin/../lib/gcc/arm-none-eabi/13.3.1/../../../../arm-none-eabi/lib/thumb/v8-m.main+fp/hard\libc_nano.a(libc_a-exit.o)
                              C:/ST/STM32CubeIDE_2.0.0/STM32CubeIDE/plugins/com.st.stm32cube.ide.mcu.externaltools.gnu-tools-for-stm32.13.3.rel1.win32_1.0.100.202509120712/tools/bin/../lib/gcc/arm-none-eabi/13.3.1/../../../../arm-none-eabi/lib/thumb/v8-m.main+fp/hard/crt0.o (exit)
C:/ST/STM32CubeIDE_2.0.0/STM32CubeIDE/plugins/com.st.stm32cube.ide.mcu.externaltools.gnu-tools-for-stm32.13.3.rel1.win32_1.0.100.202509120712/tools/bin/../lib/gcc/arm-none-eabi/13.3.1/../../../../arm-none-eabi/lib/thumb/v8-m.main+fp/hard\libc_nano.a(libc_a-malloc.o)
                              ./Application/User/aes-gcm/aes-eax.o (malloc)
C:/ST/STM32CubeIDE_2.0.0/STM32CubeIDE/plugins/com.st.stm32cube.ide.mcu.externaltools.gnu-tools-for-stm32.13.3.rel1.win32_1.0.100.202509120712/tools/bin/../lib/gcc/arm-none-eabi/13.3.1/../../../../arm-none-eabi/lib/thumb/v8-m.main+fp/hard\libc_nano.a(libc_a-mallocr.o)
                              C:/ST/STM32CubeIDE_2.0.0/STM32CubeIDE/plugins/com.st.stm32cube.ide.mcu.externaltools.gnu-tools-for-stm32.13.3.rel1.win32_1.0.100.202509120712/tools/bin/../lib/gcc/arm-none-eabi/13.3.1/../../../../arm-none-eabi/lib/thumb/v8-m.main+fp/hard\libc_nano.a(libc_a-malloc.o) (_malloc_r)
C:/ST/STM32CubeIDE_2.0.0/STM32CubeIDE/plugins/com.st.stm32cube.ide.mcu.externaltools.gnu-tools-for-stm32.13.3.rel1.win32_1.0.100.202509120712/tools/bin/../lib/gcc/arm-none-eabi/13.3.1/../../../../arm-none-eabi/lib/thumb/v8-m.main+fp/hard\libc_nano.a(libc_a-mlock.o)
                              C:/ST/STM32CubeIDE_2.0.0/STM32CubeIDE/plugins/com.st.stm32cube.ide.mcu.externaltools.gnu-tools-for-stm32.13.3.rel1.win32_1.0.100.202509120712/tools/bin/../lib/gcc/arm-none-eabi/13.3.1/../../../../arm-none-eabi/lib/thumb/v8-m.main+fp/hard\libc_nano.a(libc_a-mallocr.o) (__malloc_lock)
C:/ST/STM32CubeIDE_2.0.0/STM32CubeIDE/plugins/com.st.stm32cube.ide.mcu.externaltools.gnu-tools-for-stm32.13.3.rel1.win32_1.0.100.202509120712/tools/bin/../lib/gcc/arm-none-eabi/13.3.1/../../../../arm-none-eabi/lib/thumb/v8-m.main+fp/hard\libc_nano.a(libc_a-ctype_.o)
                              ./Application/User/aes-gcm/aes-debug.o (_ctype_)
C:/ST/STM32CubeIDE_2.0.0/STM32CubeIDE/plugins/com.st.stm32cube.ide.mcu.externaltools.gnu-tools-for-stm32.13.3.rel1.win32_1.0.100.202509120712/tools/bin/../lib/gcc/arm-none-eabi/13.3.1/../../../../arm-none-eabi/lib/thumb/v8-m.main+fp/hard\libc_nano.a(libc_a-findfp.o)
                              C:/ST/STM32CubeIDE_2.0.0/STM32CubeIDE/plugins/com.st.stm32cube.ide.mcu.externaltools.gnu-tools-for-stm32.13.3.rel1.win32_1.0.100.202509120712/tools/bin/../lib/gcc/arm-none-eabi/13.3.1/../../../../arm-none-eabi/lib/thumb/v8-m.main+fp/hard\libc_nano.a(libc_a-exit.o) (__stdio_exit_handler)
C:/ST/STM32CubeIDE_2.0.0/STM32CubeIDE/plugins/com.st.stm32cube.ide.mcu.externaltools.gnu-tools-for-stm32.13.3.rel1.win32_1.0.100.202509120712/tools/bin/../lib/gcc/arm-none-eabi/13.3.1/../../../../arm-none-eabi/lib/thumb/v8-m.main+fp/hard\libc_nano.a(libc_a-fwalk.o)
                              C:/ST/STM32CubeIDE_2.0.0/STM32CubeIDE/plugins/com.st.stm32cube.ide.mcu.externaltools.gnu-tools-for-stm32.13.3.rel1.win32_1.0.100.202509120712/tools/bin/../lib/gcc/arm-none-eabi/13.3.1/../../../../arm-none-eabi/lib/thumb/v8-m.main+fp/hard\libc_nano.a(libc_a-findfp.o) (_fwalk_sglue)
C:/ST/STM32CubeIDE_2.0.0/STM32CubeIDE/plugins/com.st.stm32cube.ide.mcu.externaltools.gnu-tools-for-stm32.13.3.rel1.win32_1.0.100.202509120712/tools/bin/../lib/gcc/arm-none-eabi/13.3.1/../../../../arm-none-eabi/lib/thumb/v8-m.main+fp/hard\libc_nano.a(libc_a-printf.o)
                              ./Application/User/aes-gcm/aes-debug.o (printf)
C:/ST/STM32CubeIDE_2.0.0/STM32CubeIDE/plugins/com.st.stm32cube.ide.mcu.externaltools.gnu-tools-for-stm32.13.3.rel1.win32_1.0.100.202509120712/tools/bin/../lib/gcc/arm-none-eabi/13.3.1/../../../../arm-none-eabi/lib/thumb/v8-m.main+fp/hard\libc_nano.a(libc_a-putchar.o)
                              ./Application/User/aes-gcm/aes-debug.o (putchar)
C:/ST/STM32CubeIDE_2.0.0/STM32CubeIDE/plugins/com.st.stm32cube.ide.mcu.externaltools.gnu-tools-for-stm32.13.3.rel1.win32_1.0.100.202509120712/tools/bin/../lib/gcc/arm-none-eabi/13.3.1/../../../../arm-none-eabi/lib/thumb/v8-m.main+fp/hard\libc_nano.a(libc_a-stdio.o)
                              C:/ST/STM32CubeIDE_2.0.0/STM32CubeIDE/plugins/com.st.stm32cube.ide.mcu.externaltools.gnu-tools-for-stm32.13.3.rel1.win32_1.0.100.202509120712/tools/bin/../lib/gcc/arm-none-eabi/13.3.1/../../../../arm-none-eabi/lib/thumb/v8-m.main+fp/hard\libc_nano.a(libc_a-findfp.o) (__sread)
[...]
Memory Configuration

Name             Origin             Length             Attributes
RAM              0x30000000         0x00018000         xrw
ROM              0x0c000000         0x0003e000         xr
ROM_NSC          0x0c03e000         0x00002000         xr
*default*        0x00000000         0xffffffff

Linker script and memory map

LOAD C:/ST/STM32CubeIDE_2.0.0/STM32CubeIDE/plugins/com.st.stm32cube.ide.mcu.externaltools.gnu-tools-for-stm32.13.3.rel1.win32_1.0.100.202509120712/tools/bin/../lib/gcc/arm-none-eabi/13.3.1/thumb/v8-m.main+fp/hard/crti.o
LOAD C:/ST/STM32CubeIDE_2.0.0/STM32CubeIDE/plugins/com.st.stm32cube.ide.mcu.externaltools.gnu-tools-for-stm32.13.3.rel1.win32_1.0.100.202509120712/tools/bin/../lib/gcc/arm-none-eabi/13.3.1/thumb/v8-m.main+fp/hard/crtbegin.o
LOAD C:/ST/STM32CubeIDE_2.0.0/STM32CubeIDE/plugins/com.st.stm32cube.ide.mcu.externaltools.gnu-tools-for-stm32.13.3.rel1.win32_1.0.100.202509120712/tools/bin/../lib/gcc/arm-none-eabi/13.3.1/../../../../arm-none-eabi/lib/thumb/v8-m.main+fp/hard/crt0.o
LOAD ./Application/Startup/startup_stm32l552zetxq.o
LOAD ./Application/User/Aesnew/aes.o
LOAD ./Application/User/Crypto/hmac-sha256/hmac-sha256.o
LOAD ./Application/User/Speck/ff1_speck.o
LOAD ./Application/User/Speck/speck.o
LOAD ./Application/User/aes-gcm/aes-cbc.o
LOAD ./Application/User/aes-gcm/aes-ccm.o
LOAD ./Application/User/aes-gcm/aes-ctr.o
LOAD ./Application/User/aes-gcm/aes-debug.o
LOAD ./Application/User/aes-gcm/aes-eax.o
LOAD ./Application/User/aes-gcm/aes-encblock.o
LOAD ./Application/User/aes-gcm/aes-gcm-test.o
LOAD ./Application/User/aes-gcm/aes-gcm.o
LOAD ./Application/User/aes-gcm/aes-internal-dec.o
LOAD ./Application/User/aes-gcm/aes-internal-enc.o
LOAD ./Application/User/aes-gcm/aes-internal.o
LOAD ./Application/User/aes-gcm/aes-omac1.o
LOAD ./Application/User/aes-gcm/aes-unwrap.o
LOAD ./Application/User/aes-gcm/aes-wrap.o
LOAD ./Application/User/main.o
LOAD ./Application/User/secure_nsc.o
LOAD ./Application/User/stm32l5xx_hal_msp.o
LOAD ./Application/User/stm32l5xx_it.o
LOAD ./Application/User/syscalls.o
LOAD ./Application/User/sysmem.o
LOAD ./Drivers/BSP/STM32L5xx_Nucleo/stm32l5xx_nucleo.o
LOAD ./Drivers/CMSIS/system_stm32l5xx_s.o
LOAD ./Drivers/STM32L5xx_HAL_Driver/stm32l5xx_hal.o
LOAD ./Drivers/STM32L5xx_HAL_Driver/stm32l5xx_hal_cortex.o
LOAD ./Drivers/STM32L5xx_HAL_Driver/stm32l5xx_hal_dma.o
LOAD ./Drivers/STM32L5xx_HAL_Driver/stm32l5xx_hal_dma_ex.o
LOAD ./Drivers/STM32L5xx_HAL_Driver/stm32l5xx_hal_exti.o
LOAD ./Drivers/STM32L5xx_HAL_Driver/stm32l5xx_hal_flash.o
LOAD ./Drivers/STM32L5xx_HAL_Driver/stm32l5xx_hal_flash_ex.o
LOAD ./Drivers/STM32L5xx_HAL_Driver/stm32l5xx_hal_flash_ramfunc.o
LOAD ./Drivers/STM32L5xx_HAL_Driver/stm32l5xx_hal_gpio.o
LOAD ./Drivers/STM32L5xx_HAL_Driver/stm32l5xx_hal_gtzc.o
LOAD ./Drivers/STM32L5xx_HAL_Driver/stm32l5xx_hal_i2c.o
LOAD ./Drivers/STM32L5xx_HAL_Driver/stm32l5xx_hal_i2c_ex.o
LOAD ./Drivers/STM32L5xx_HAL_Driver/stm32l5xx_hal_icache.o
LOAD ./Drivers/STM32L5xx_HAL_Driver/stm32l5xx_hal_pwr.o
LOAD ./Drivers/STM32L5xx_HAL_Driver/stm32l5xx_hal_pwr_ex.o
LOAD ./Drivers/STM32L5xx_HAL_Driver/stm32l5xx_hal_rcc.o
LOAD ./Drivers/STM32L5xx_HAL_Driver/stm32l5xx_hal_rcc_ex.o
LOAD ./Drivers/STM32L5xx_HAL_Driver/stm32l5xx_hal_tim.o
LOAD ./Drivers/STM32L5xx_HAL_Driver/stm32l5xx_hal_tim_ex.o
LOAD ./Drivers/STM32L5xx_HAL_Driver/stm32l5xx_hal_uart.o
LOAD ./Drivers/STM32L5xx_HAL_Driver/stm32l5xx_hal_uart_ex.o
LOAD ./Middlewares/FreeRTOS/secure_context.o
LOAD ./Middlewares/FreeRTOS/secure_context_port.o
LOAD ./Middlewares/FreeRTOS/secure_heap.o
LOAD ./Middlewares/FreeRTOS/secure_init.o
START GROUP
LOAD C:/ST/STM32CubeIDE_2.0.0/STM32CubeIDE/plugins/com.st.stm32cube.ide.mcu.externaltools.gnu-tools-for-stm32.13.3.rel1.win32_1.0.100.202509120712/tools/bin/../lib/gcc/arm-none-eabi/13.3.1/../../../../arm-none-eabi/lib/thumb/v8-m.main+fp/hard\libc_nano.a
LOAD C:/ST/STM32CubeIDE_2.0.0/STM32CubeIDE/plugins/com.st.stm32cube.ide.mcu.externaltools.gnu-tools-for-stm32.13.3.rel1.win32_1.0.100.202509120712/tools/bin/../lib/gcc/arm-none-eabi/13.3.1/../../../../arm-none-eabi/lib/thumb/v8-m.main+fp/hard\libm.a
END GROUP
START GROUP
LOAD C:/ST/STM32CubeIDE_2.0.0/STM32CubeIDE/plugins/com.st.stm32cube.ide.mcu.externaltools.gnu-tools-for-stm32.13.3.rel1.win32_1.0.100.202509120712/tools/bin/../lib/gcc/arm-none-eabi/13.3.1/thumb/v8-m.main+fp/hard\libgcc.a
LOAD C:/ST/STM32CubeIDE_2.0.0/STM32CubeIDE/plugins/com.st.stm32cube.ide.mcu.externaltools.gnu-tools-for-stm32.13.3.rel1.win32_1.0.100.202509120712/tools/bin/../lib/gcc/arm-none-eabi/13.3.1/../../../../arm-none-eabi/lib/thumb/v8-m.main+fp/hard\libc_nano.a
END GROUP
START GROUP
LOAD C:/ST/STM32CubeIDE_2.0.0/STM32CubeIDE/plugins/com.st.stm32cube.ide.mcu.externaltools.gnu-tools-for-stm32.13.3.rel1.win32_1.0.100.202509120712/tools/bin/../lib/gcc/arm-none-eabi/13.3.1/thumb/v8-m.main+fp/hard\libgcc.a
LOAD C:/ST/STM32CubeIDE_2.0.0/STM32CubeIDE/plugins/com.st.stm32cube.ide.mcu.externaltools.gnu-tools-for-stm32.13.3.rel1.win32_1.0.100.202509120712/tools/bin/../lib/gcc/arm-none-eabi/13.3.1/../../../../arm-none-eabi/lib/thumb/v8-m.main+fp/hard\libc_nano.a
LOAD C:/ST/STM32CubeIDE_2.0.0/STM32CubeIDE/plugins/com.st.stm32cube.ide.mcu.externaltools.gnu-tools-for-stm32.13.3.rel1.win32_1.0.100.202509120712/tools/bin/../lib/gcc/arm-none-eabi/13.3.1/../../../../arm-none-eabi/lib/thumb/v8-m.main+fp/hard\libnosys.a
END GROUP
START GROUP
LOAD C:/ST/STM32CubeIDE_2.0.0/STM32CubeIDE/plugins/com.st.stm32cube.ide.mcu.externaltools.gnu-tools-for-stm32.13.3.rel1.win32_1.0.100.202509120712/tools/bin/../lib/gcc/arm-none-eabi/13.3.1/thumb/v8-m.main+fp/hard\libgcc.a
LOAD C:/ST/STM32CubeIDE_2.0.0/STM32CubeIDE/plugins/com.st.stm32cube.ide.mcu.externaltools.gnu-tools-for-stm32.13.3.rel1.win32_1.0.100.202509120712/tools/bin/../lib/gcc/arm-none-eabi/13.3.1/../../../../arm-none-eabi/lib/thumb/v8-m.main+fp/hard\libc_nano.a
LOAD C:/ST/STM32CubeIDE_2.0.0/STM32CubeIDE/plugins/com.st.stm32cube.ide.mcu.externaltools.gnu-tools-for-stm32.13.3.rel1.win32_1.0.100.202509120712/tools/bin/../lib/gcc/arm-none-eabi/13.3.1/../../../../arm-none-eabi/lib/thumb/v8-m.main+fp/hard\libnosys.a
END GROUP
LOAD C:/ST/STM32CubeIDE_2.0.0/STM32CubeIDE/plugins/com.st.stm32cube.ide.mcu.externaltools.gnu-tools-for-stm32.13.3.rel1.win32_1.0.100.202509120712/tools/bin/../lib/gcc/arm-none-eabi/13.3.1/thumb/v8-m.main+fp/hard/crtend.o
LOAD C:/ST/STM32CubeIDE_2.0.0/STM32CubeIDE/plugins/com.st.stm32cube.ide.mcu.externaltools.gnu-tools-for-stm32.13.3.rel1.win32_1.0.100.202509120712/tools/bin/../lib/gcc/arm-none-eabi/13.3.1/thumb/v8-m.main+fp/hard/crtn.o
                0x30018000                        _estack = (ORIGIN (RAM) + LENGTH (RAM))
                0x00000200                        _Min_Heap_Size = 0x200
                0x00000400                        _Min_Stack_Size = 0x400

.isr_vector     0x0c000000      0x1f8
                0x0c000000                        . = ALIGN (0x8)
 *(.isr_vector)
 .isr_vector    0x0c000000      0x1f4 ./Application/Startup/startup_stm32l552zetxq.o
                0x0c000000                g_pfnVectors
                0x0c0001f8                        . = ALIGN (0x8)
 *fill*         0x0c0001f4        0x4 

.text           0x0c0001f8     0x7d10
                0x0c0001f8                        . = ALIGN (0x8)
 *(.text)
 .text          0x0c0001f8       0x40 C:/ST/STM32CubeIDE_2.0.0/STM32CubeIDE/plugins/com.st.stm32cube.ide.mcu.externaltools.gnu-tools-for-stm32.13.3.rel1.win32_1.0.100.202509120712/tools/bin/../lib/gcc/arm-none-eabi/13.3.1/thumb/v8-m.main+fp/hard/crtbegin.o
 .text          0x0c000238      0x4e0 ./Application/User/Aesnew/aes.o
                0x0c000594                AES_init_ctx
                0x0c000596                AES_init_ctx_iv
                0x0c0005b8                AES_ctx_set_iv
                0x0c0005cc                AES_ECB_encrypt
                0x0c0005d4                AES_ECB_decrypt
                0x0c0005dc                AES_CBC_encrypt_buffer
                0x0c000630                AES_CBC_decrypt_buffer
                0x0c0006a8                AES_CTR_xcrypt_buffer
 .text          0x0c000718      0x450 ./Application/User/Crypto/hmac-sha256/hmac-sha256.o
                0x0c000718                sha256_initialize
                0x0c000778                sha256_update
                0x0c000978                sha256_finalize
                0x0c0009f8                sha256_get
                0x0c000a2e                hmac_sha256_initialize
                0x0c000ac0                hmac_sha256_update
                0x0c000ac6                hmac_sha256_finalize
                0x0c000b2e                hmac_sha256_get
 .text          0x0c000b68      0x284 ./Application/User/secure_nsc.o
                0x0c000b68                __acle_se_SECURE_RegisterCallback
                0x0c000bec                __acle_se_SECURE_RTSMARM_ShuffledHMAC_secure
 .text          0x0c000dec       0x58 ./Application/User/stm32l5xx_hal_msp.o
                0x0c000dec                HAL_MspInit
 .text          0x0c000e44       0xe4 ./Application/User/stm32l5xx_it.o
                0x0c000e44                NMI_Handler
                0x0c000e46                HardFault_Handler
                0x0c000e48                MemManage_Handler
                0x0c000e4a                BusFault_Handler
                0x0c000e4c                UsageFault_Handler
                0x0c000e4e                SecureFault_Handler
                0x0c000eb4                SVC_Handler
                0x0c000eb6                DebugMon_Handler
                0x0c000eb8                PendSV_Handler
                0x0c000eba                SysTick_Handler
                0x0c000ebe                GTZC_IRQHandler
 .text          0x0c000f28      0x464 ./Drivers/BSP/STM32L5xx_Nucleo/stm32l5xx_nucleo.o
                0x0c000f28                BSP_GetVersion
                0x0c000f30                BSP_GetBoardName
                0x0c000f38                BSP_GetBoardID
                0x0c000f40                BSP_LED_Init
                0x0c000fc0                BSP_LED_DeInit
                0x0c000fec                BSP_LED_On
                0x0c00100c                BSP_LED_Off
                0x0c00102c                BSP_LED_Toggle
                0x0c00104c                BSP_LED_GetState
                0x0c001070                BSP_PB_Init
                0x0c00110c                BSP_PB_DeInit
                0x0c001128                BSP_PB_GetState
                0x0c001140                BSP_PB_Callback
                0x0c00114c                BSP_PB_IRQHandler
                0x0c00115c                BSP_COM_DeInit
                0x0c0011fc                MX_LPUART1_Init
                0x0c001224                MX_USART3_Init
                0x0c001226                BSP_COM_Init
 .text          0x0c00138c      0x210 ./Drivers/CMSIS/system_stm32l5xx_s.o
                0x0c00138c                SystemInit
                0x0c001490                SystemCoreClockUpdate
                0x0c001524                __acle_se_SECURE_SystemCoreClockUpdate
 .text          0x0c00159c      0x31c ./Drivers/STM32L5xx_HAL_Driver/stm32l5xx_hal.o
                0x0c00159e                HAL_MspDeInit
                0x0c0015a0                HAL_DeInit
                0x0c0015d0                HAL_InitTick
                0x0c00161c                HAL_Init
                0x0c00163e                HAL_IncTick
                0x0c001654                HAL_GetTick
                0x0c001660                HAL_GetTickPrio
                0x0c00166c                HAL_SetTickFreq
                0x0c001694                HAL_GetTickFreq
                0x0c0016a0                HAL_Delay
                0x0c0016c4                HAL_SuspendTick
                0x0c0016d2                HAL_ResumeTick
                0x0c0016e0                HAL_GetHalVersion
                0x0c0016e8                HAL_GetREVID
                0x0c0016f4                HAL_GetDEVID
                0x0c001704                HAL_GetUIDw0
                0x0c001710                HAL_GetUIDw1
                0x0c00171c                HAL_GetUIDw2
                0x0c001728                HAL_DBGMCU_EnableDBGStopMode
                0x0c001738                HAL_DBGMCU_DisableDBGStopMode
                0x0c001748                HAL_DBGMCU_EnableDBGStandbyMode
                0x0c001758                HAL_DBGMCU_DisableDBGStandbyMode
                0x0c001768                HAL_SYSCFG_SRAM2Erase
                0x0c001780                HAL_SYSCFG_VREFBUF_HighImpedanceConfig
                0x0c001794                HAL_SYSCFG_VREFBUF_TrimmingConfig
                0x0c0017a8                HAL_SYSCFG_VREFBUF_VoltageScalingConfig
                0x0c0017d4                HAL_SYSCFG_EnableVREFBUF
                0x0c001804                HAL_SYSCFG_DisableVREFBUF
                0x0c001814                HAL_SYSCFG_EnableIOAnalogBooster
                0x0c001828                HAL_SYSCFG_DisableIOAnalogBooster
                0x0c001838                HAL_SYSCFG_EnableIOAnalogSwitchVdd
                0x0c00184c                HAL_SYSCFG_DisableIOAnalogSwitchVdd
                0x0c00185c                HAL_SYSCFG_Lock
                0x0c00186c                HAL_SYSCFG_GetLock
                0x0c001888                HAL_SYSCFG_ConfigAttributes
                0x0c00189c                HAL_SYSCFG_GetConfigAttributes
 .text          0x0c0018b8      0x3ac ./Drivers/STM32L5xx_HAL_Driver/stm32l5xx_hal_cortex.o
                0x0c00191e                HAL_NVIC_SetPriorityGrouping
                0x0c001944                HAL_NVIC_SetPriority
                0x0c0019a4                HAL_NVIC_EnableIRQ
                0x0c0019c0                HAL_NVIC_DisableIRQ
                0x0c0019e4                HAL_NVIC_SystemReset
                0x0c001a08                HAL_SYSTICK_Config
                0x0c001a30                HAL_NVIC_GetPriorityGrouping
                0x0c001a40                HAL_NVIC_GetPriority
                0x0c001a9c                HAL_NVIC_SetPendingIRQ
                0x0c001ab8                HAL_NVIC_GetPendingIRQ
                0x0c001adc                HAL_NVIC_ClearPendingIRQ
                0x0c001af8                HAL_NVIC_GetActive
                0x0c001b1c                HAL_SYSTICK_CLKSourceConfig
                0x0c001b32                HAL_SYSTICK_Callback
                0x0c001b34                HAL_SYSTICK_IRQHandler
                0x0c001b3c                HAL_MPU_Enable
                0x0c001b60                HAL_MPU_Disable
                0x0c001b88                HAL_MPU_EnableRegion
                0x0c001ba0                HAL_MPU_DisableRegion
                0x0c001bb8                HAL_MPU_ConfigRegion
                0x0c001bc4                HAL_MPU_ConfigMemoryAttributes
                0x0c001bd0                HAL_MPU_Enable_NS
                0x0c001bf4                HAL_MPU_Disable_NS
                0x0c001c1c                HAL_MPU_EnableRegion_NS
                0x0c001c34                HAL_MPU_DisableRegion_NS
                0x0c001c4c                HAL_MPU_ConfigRegion_NS
                0x0c001c58                HAL_MPU_ConfigMemoryAttributes_NS
 .text          0x0c001c64      0x6cc ./Drivers/STM32L5xx_HAL_Driver/stm32l5xx_hal_dma.o
                0x0c001ce0                HAL_DMA_Init
                0x0c001db8                HAL_DMA_DeInit
                0x0c001e64                HAL_DMA_Start
                0x0c001eaa                HAL_DMA_Start_IT
                0x0c001f2a                HAL_DMA_Abort
                0x0c001f8e                HAL_DMA_Abort_IT
                0x0c001ff8                HAL_DMA_PollForTransfer
                0x0c0020f4                HAL_DMA_IRQHandler
                0x0c0021b6                HAL_DMA_RegisterCallback
                0x0c002202                HAL_DMA_UnRegisterCallback
                0x0c002262                HAL_DMA_GetState
                0x0c002268                HAL_DMA_GetError
                0x0c00226c                HAL_DMA_ConfigChannelAttributes
                0x0c0022e4                HAL_DMA_GetConfigChannelAttributes
 .text          0x0c002330      0x360 ./Drivers/STM32L5xx_HAL_Driver/stm32l5xx_hal_exti.o
                0x0c002330                HAL_EXTI_SetConfigLine
                0x0c0023e8                HAL_EXTI_GetConfigLine
                0x0c00248c                HAL_EXTI_ClearConfigLine
                0x0c002520                HAL_EXTI_RegisterCallback
                0x0c00253a                HAL_EXTI_GetHandle
                0x0c002546                HAL_EXTI_IRQHandler
                0x0c002588                HAL_EXTI_GetPending
                0x0c0025b8                HAL_EXTI_ClearPending
                0x0c0025e0                HAL_EXTI_GenerateSWI
                0x0c0025fc                HAL_EXTI_ConfigLineAttributes
                0x0c002648                HAL_EXTI_GetConfigLineAttributes
 .text          0x0c002690      0x33c ./Drivers/STM32L5xx_HAL_Driver/stm32l5xx_hal_gpio.o
                0x0c002690                HAL_GPIO_Init
                0x0c002814                HAL_GPIO_DeInit
                0x0c002928                HAL_GPIO_ReadPin
                0x0c002934                HAL_GPIO_WritePin
                0x0c00293e                HAL_GPIO_TogglePin
                0x0c002950                HAL_GPIO_LockPin
                0x0c00297a                HAL_GPIO_EXTI_Rising_Callback
                0x0c00297c                HAL_GPIO_EXTI_Falling_Callback
                0x0c00297e                HAL_GPIO_EXTI_IRQHandler
                0x0c0029a4                HAL_GPIO_ConfigPinAttributes
                0x0c0029b4                HAL_GPIO_GetConfigPinAttributes
 .text          0x0c0029cc      0x95c ./Drivers/STM32L5xx_HAL_Driver/stm32l5xx_hal_gtzc.o
                0x0c0029cc                HAL_GTZC_TZSC_ConfigPeriphAttributes
                0x0c002ab0                HAL_GTZC_TZSC_GetConfigPeriphAttributes
                0x0c002bb8                HAL_GTZC_TZSC_MPCWM_ConfigMemAttributes
                0x0c002c4c                HAL_GTZC_TZSC_MPCWM_GetConfigMemAttributes
                0x0c002cc4                HAL_GTZC_TZSC_Lock
                0x0c002cce                HAL_GTZC_TZSC_GetLock
                0x0c002cd6                HAL_GTZC_MPCBB_ConfigMem
                0x0c002d50                HAL_GTZC_MPCBB_GetConfigMem
                0x0c002db8                HAL_GTZC_MPCBB_ConfigMemAttributes
                0x0c002ec0                HAL_GTZC_MPCBB_GetConfigMemAttributes
                0x0c002f98                HAL_GTZC_MPCBB_LockConfig
                0x0c003050                HAL_GTZC_MPCBB_GetLockConfig
                0x0c0030e8                HAL_GTZC_MPCBB_Lock
                0x0c00311c                HAL_GTZC_MPCBB_GetLock
                0x0c00314c                HAL_GTZC_TZIC_DisableIT
                0x0c003190                HAL_GTZC_TZIC_EnableIT
                0x0c0031dc                HAL_GTZC_TZIC_GetFlag
                0x0c003268                HAL_GTZC_TZIC_ClearFlag
                0x0c0032b4                HAL_GTZC_TZIC_Callback
                0x0c0032b6                HAL_GTZC_IRQHandler
 .text          0x0c003328      0x244 ./Drivers/STM32L5xx_HAL_Driver/stm32l5xx_hal_icache.o
                0x0c003328                HAL_ICACHE_ConfigAssociativityMode
                0x0c003348                HAL_ICACHE_DeInit
                0x0c003388                HAL_ICACHE_Enable
                0x0c00339c                HAL_ICACHE_Disable
                0x0c0033d4                HAL_ICACHE_IsEnabled
                0x0c0033e4                HAL_ICACHE_Invalidate_IT
                0x0c00340c                HAL_ICACHE_WaitForInvalidateComplete
                0x0c003444                HAL_ICACHE_Invalidate
                0x0c00345c                HAL_ICACHE_Monitor_Start
                0x0c00346c                HAL_ICACHE_Monitor_Stop
                0x0c003480                HAL_ICACHE_Monitor_Reset
                0x0c00349c                HAL_ICACHE_Monitor_GetHitValue
                0x0c0034a8                HAL_ICACHE_Monitor_GetMissValue
                0x0c0034b4                HAL_ICACHE_InvalidateCompleteCallback
                0x0c0034b6                HAL_ICACHE_ErrorCallback
                0x0c0034b8                HAL_ICACHE_IRQHandler
                0x0c0034f4                HAL_ICACHE_EnableRemapRegion
                0x0c003544                HAL_ICACHE_DisableRemapRegion
 .text          0x0c00356c      0x24c ./Drivers/STM32L5xx_HAL_Driver/stm32l5xx_hal_pwr.o
                0x0c00356c                HAL_PWR_DeInit
                0x0c003584                HAL_PWR_EnableBkUpAccess
                0x0c003594                HAL_PWR_DisableBkUpAccess
                0x0c0035a4                HAL_PWR_ConfigPVD
                0x0c00362c                HAL_PWR_EnablePVD
                0x0c00363c                HAL_PWR_DisablePVD
                0x0c00364c                HAL_PWR_EnableWakeUpPin
                0x0c00366c                HAL_PWR_DisableWakeUpPin
                0x0c003680                HAL_PWR_EnterSLEEPMode
                0x0c0036c0                HAL_PWR_EnterSTOPMode
                0x0c0036d2                HAL_PWR_EnterSTANDBYMode
                0x0c0036f8                HAL_PWR_EnableSleepOnExit
                0x0c003708                HAL_PWR_DisableSleepOnExit
                0x0c003718                HAL_PWR_EnableSEVOnPend
                0x0c003728                HAL_PWR_DisableSEVOnPend
                0x0c003738                HAL_PWR_PVDCallback
                0x0c00373a                HAL_PWR_ConfigAttributes
                0x0c003784                HAL_PWR_GetConfigAttributes
 .text          0x0c0037b8      0x8f0 ./Drivers/STM32L5xx_HAL_Driver/stm32l5xx_hal_pwr_ex.o
                0x0c0037b8                HAL_PWREx_GetVoltageRange
                0x0c0037c8                HAL_PWREx_EnableBatteryCharging
                0x0c0037e4                HAL_PWREx_DisableBatteryCharging
                0x0c0037f4                HAL_PWREx_EnableVddUSB
                0x0c003804                HAL_PWREx_DisableVddUSB
                0x0c003814                HAL_PWREx_EnableVddIO2
                0x0c003824                HAL_PWREx_DisableVddIO2
                0x0c003834                HAL_PWREx_EnableGPIOPullUp
                0x0c0038f0                HAL_PWREx_DisableGPIOPullUp
                0x0c003974                HAL_PWREx_EnableGPIOPullDown
                0x0c003a30                HAL_PWREx_DisableGPIOPullDown
                0x0c003ab8                HAL_PWREx_EnablePullUpPullDownConfig
                0x0c003ac8                HAL_PWREx_DisablePullUpPullDownConfig
                0x0c003ad8                HAL_PWREx_ConfigSRAM2ContentRetention
                0x0c003aec                HAL_PWREx_EnableSRAM2ContentRetention
                0x0c003af4                HAL_PWREx_DisableSRAM2ContentRetention
                0x0c003afa                HAL_PWREx_EnablePVM1
                0x0c003b0c                HAL_PWREx_DisablePVM1
                0x0c003b1c                HAL_PWREx_EnablePVM2
                0x0c003b2c                HAL_PWREx_DisablePVM2
                0x0c003b3c                HAL_PWREx_EnablePVM3
                0x0c003b4c                HAL_PWREx_DisablePVM3
                0x0c003b5c                HAL_PWREx_EnablePVM4
                0x0c003b6c                HAL_PWREx_DisablePVM4
                0x0c003b7c                HAL_PWREx_ConfigPVM
                0x0c003d40                HAL_PWREx_EnableLowPowerRunMode
                0x0c003d50                HAL_PWREx_DisableLowPowerRunMode
                0x0c003d98                HAL_PWREx_EnterSTOP0Mode
                0x0c003dcc                HAL_PWREx_EnterSTOP1Mode
                0x0c003e04                HAL_PWREx_EnterSTOP2Mode
                0x0c003e3c                HAL_PWREx_EnterSHUTDOWNMode
                0x0c003e60                HAL_PWREx_PVM1Callback
                0x0c003e62                HAL_PWREx_PVM2Callback
                0x0c003e64                HAL_PWREx_PVM3Callback
                0x0c003e66                HAL_PWREx_PVM4Callback
                0x0c003e68                HAL_PWREx_PVD_PVM_IRQHandler
                0x0c003ecc                HAL_PWREx_EnableUCPDStandbyMode
                0x0c003edc                HAL_PWREx_DisableUCPDStandbyMode
                0x0c003eec                HAL_PWREx_EnableUCPDDeadBattery
                0x0c003efc                HAL_PWREx_DisableUCPDDeadBattery
                0x0c003f0c                HAL_PWREx_EnableUltraLowPowerMode
                0x0c003f1c                HAL_PWREx_DisableUltraLowPowerMode
                0x0c003f2c                HAL_PWREx_SMPS_GetEffectiveMode
                0x0c003f48                HAL_PWREx_ControlVoltageScaling
                0x0c003fb4                HAL_PWREx_SMPS_EnableFastStart
                0x0c003fc4                HAL_PWREx_SMPS_DisableFastStart
                0x0c003fd4                HAL_PWREx_SMPS_DisableBypassMode
                0x0c003fe4                HAL_PWREx_SMPS_EnableBypassMode
                0x0c003ff4                HAL_PWREx_SMPS_SetMode
                0x0c004078                HAL_PWREx_SMPS_EnableExternal
                0x0c004088                HAL_PWREx_SMPS_DisableExternal
                0x0c004098                HAL_PWREx_SMPS_GetMainRegulatorExtSMPSReadyStatus
 .text          0x0c0040a8      0xe00 ./Drivers/STM32L5xx_HAL_Driver/stm32l5xx_hal_rcc.o
                0x0c004128                HAL_RCC_DeInit
                0x0c0042d0                HAL_RCC_MCOConfig
                0x0c004320                HAL_RCC_GetSysClockFreq
                0x0c0043c0                HAL_RCC_GetHCLKFreq
                0x0c0043e0                HAL_RCC_OscConfig
                0x0c004a68                HAL_RCC_ClockConfig
                0x0c004c84                HAL_RCC_GetPCLK1Freq
                0x0c004ca4                HAL_RCC_GetPCLK2Freq
                0x0c004cc4                HAL_RCC_GetOscConfig
                0x0c004da8                HAL_RCC_GetClockConfig
                0x0c004de4                HAL_RCC_EnableCSS
                0x0c004df4                HAL_RCC_CSSCallback
                0x0c004df6                HAL_RCC_NMI_IRQHandler
                0x0c004e10                HAL_RCC_GetResetSource
                0x0c004e2c                HAL_RCC_ConfigAttributes
                0x0c004e78                HAL_RCC_GetConfigAttributes
 .text          0x0c004ea8     0x1f70 ./Drivers/STM32L5xx_HAL_Driver/stm32l5xx_hal_uart.o
                0x0c00508a                HAL_UART_MspInit
                0x0c00508c                HAL_UART_MspDeInit
                0x0c00508e                HAL_UART_DeInit
                0x0c0050cc                HAL_UART_Transmit_IT
                0x0c005178                HAL_UART_Transmit_DMA
                0x0c0051fc                HAL_UART_DMAPause
                0x0c005276                HAL_UART_DMAResume
                0x0c0052ee                HAL_UART_DMAStop
                0x0c00538a                HAL_UART_Abort
                0x0c005488                HAL_UART_AbortTransmit
                0x0c005518                HAL_UART_AbortReceive
                0x0c0055c4                HAL_UART_TxCpltCallback
                0x0c00560c                HAL_UART_TxHalfCpltCallback
                0x0c005618                HAL_UART_RxCpltCallback
                0x0c00561a                HAL_UART_RxHalfCpltCallback
                0x0c00561c                HAL_UART_ErrorCallback
                0x0c00567a                HAL_UART_AbortCpltCallback
                0x0c00567c                HAL_UART_Abort_IT
                0x0c005832                HAL_UART_AbortTransmitCpltCallback
                0x0c005834                HAL_UART_AbortTransmit_IT
                0x0c0058f4                HAL_UART_AbortReceiveCpltCallback
                0x0c0058f6                HAL_UART_AbortReceive_IT
                0x0c0059de                HAL_UARTEx_RxEventCallback
                0x0c0059e0                HAL_UART_IRQHandler
                0x0c006262                HAL_UART_ReceiverTimeout_Config
                0x0c00627c                HAL_UART_EnableReceiverTimeout
                0x0c0062bc                HAL_UART_DisableReceiverTimeout
                0x0c0062fc                HAL_MultiProcessor_EnterMuteMode
                0x0c006308                HAL_HalfDuplex_EnableTransmitter
                0x0c006354                HAL_HalfDuplex_EnableReceiver
                0x0c0063a0                HAL_LIN_SendBreak
                0x0c0063cc                HAL_UART_GetState
                0x0c0063d8                HAL_UART_GetError
                0x0c0063de                UART_SetConfig
                0x0c006634                UART_AdvFeatureConfig
                0x0c0066de                UART_WaitOnFlagUntilTimeout
                0x0c00676e                HAL_UART_Transmit
                0x0c006818                HAL_UART_Receive
                0x0c0068ee                UART_CheckIdleState
                0x0c0069a4                HAL_UART_Init
                0x0c006a04                HAL_HalfDuplex_Init
                0x0c006a6c                HAL_LIN_Init
                0x0c006af0                HAL_MultiProcessor_Init
                0x0c006b72                HAL_MultiProcessor_EnableMuteMode
                0x0c006ba6                HAL_MultiProcessor_DisableMuteMode
                0x0c006bda                UART_Start_Receive_IT
                0x0c006cf0                HAL_UART_Receive_IT
                0x0c006d34                UART_Start_Receive_DMA
                0x0c006dd4                HAL_UART_Receive_DMA
 .text          0x0c006e18      0x480 ./Drivers/STM32L5xx_HAL_Driver/stm32l5xx_hal_uart_ex.o
                0x0c006e5c                HAL_RS485Ex_Init
                0x0c006ed6                HAL_UARTEx_WakeupCallback
                0x0c006ed8                HAL_UARTEx_RxFifoFullCallback
                0x0c006eda                HAL_UARTEx_TxFifoEmptyCallback
                0x0c006edc                HAL_MultiProcessorEx_AddressLength_Set
                0x0c006f08                HAL_UARTEx_StopModeWakeUpSourceConfig
                0x0c006f94                HAL_UARTEx_EnableStopMode
                0x0c006fc0                HAL_UARTEx_DisableStopMode
                0x0c006fec                HAL_UARTEx_EnableFifoMode
                0x0c00702c                HAL_UARTEx_DisableFifoMode
                0x0c007062                HAL_UARTEx_SetTxFifoThreshold
                0x0c0070a2                HAL_UARTEx_SetRxFifoThreshold
                0x0c0070e2                HAL_UARTEx_ReceiveToIdle
                0x0c007202                HAL_UARTEx_ReceiveToIdle_IT
                0x0c007248                HAL_UARTEx_ReceiveToIdle_DMA
                0x0c007292                HAL_UARTEx_GetRxEventType
 .text          0x0c007298      0x1ac ./Middlewares/FreeRTOS/secure_context.o
                0x0c007298                __acle_se_SecureContext_Init
                0x0c007316                __acle_se_SecureContext_AllocateContext
                0x0c0073b4                __acle_se_SecureContext_FreeContext
 .text          0x0c007444       0xfa ./Middlewares/FreeRTOS/secure_context_port.o
                0x0c007444                __acle_se_SecureContext_LoadContext
                0x0c0074be                __acle_se_SecureContext_SaveContext
 *fill*         0x0c00753e        0x2 
 .text          0x0c007540      0x1c4 ./Middlewares/FreeRTOS/secure_heap.o
                0x0c00758c                pvPortMalloc
                0x0c007690                vPortFree
                0x0c0076e8                xPortGetFreeHeapSize
                0x0c0076f4                xPortGetMinimumEverFreeHeapSize
                0x0c007700                vPortInitialiseBlocks
 .text          0x0c007704      0x11a ./Middlewares/FreeRTOS/secure_init.o
                0x0c007704                __acle_se_SecureInit_DePrioritizeNSExceptions
                0x0c007788                __acle_se_SecureInit_EnableNSFPUAccess
 .text          0x0c00781e       0x5c C:/ST/STM32CubeIDE_2.0.0/STM32CubeIDE/plugins/com.st.stm32cube.ide.mcu.externaltools.gnu-tools-for-stm32.13.3.rel1.win32_1.0.100.202509120712/tools/bin/../lib/gcc/arm-none-eabi/13.3.1/thumb/v8-m.main+fp/hard\libgcc.a(cmse_nonsecure_call.o)
                0x0c00781e                __gnu_cmse_nonsecure_call
 *fill*         0x0c00787a        0x2 
 .text          0x0c00787c       0x30 C:/ST/STM32CubeIDE_2.0.0/STM32CubeIDE/plugins/com.st.stm32cube.ide.mcu.externaltools.gnu-tools-for-stm32.13.3.rel1.win32_1.0.100.202509120712/tools/bin/../lib/gcc/arm-none-eabi/13.3.1/thumb/v8-m.main+fp/hard\libgcc.a(_aeabi_uldivmod.o)
                0x0c00787c                __aeabi_uldivmod
 .text          0x0c0078ac      0x348 C:/ST/STM32CubeIDE_2.0.0/STM32CubeIDE/plugins/com.st.stm32cube.ide.mcu.externaltools.gnu-tools-for-stm32.13.3.rel1.win32_1.0.100.202509120712/tools/bin/../lib/gcc/arm-none-eabi/13.3.1/thumb/v8-m.main+fp/hard\libgcc.a(_udivmoddi4.o)
                0x0c0078ac                __udivmoddi4
 .text          0x0c007bf4        0x4 C:/ST/STM32CubeIDE_2.0.0/STM32CubeIDE/plugins/com.st.stm32cube.ide.mcu.externaltools.gnu-tools-for-stm32.13.3.rel1.win32_1.0.100.202509120712/tools/bin/../lib/gcc/arm-none-eabi/13.3.1/thumb/v8-m.main+fp/hard\libgcc.a(_dvmd_tls.o)
                0x0c007bf4                __aeabi_idiv0
                0x0c007bf4                __aeabi_ldiv0
 *(.text*)
 .text.Reset_Handler
                0x0c007bf8       0x50 ./Application/Startup/startup_stm32l552zetxq.o
                0x0c007bf8                Reset_Handler
 .text.Default_Handler
                0x0c007c48        0x2 ./Application/Startup/startup_stm32l552zetxq.o
                0x0c007c48                EXTI2_IRQHandler
                0x0c007c48                TIM8_TRG_COM_IRQHandler
                0x0c007c48                TIM8_CC_IRQHandler
                0x0c007c48                EXTI5_IRQHandler
                0x0c007c48                FLASH_S_IRQHandler
                0x0c007c48                EXTI13_IRQHandler
                0x0c007c48                TIM1_CC_IRQHandler
                0x0c007c48                TSC_IRQHandler
                0x0c007c48                TAMP_IRQHandler
                0x0c007c48                TIM6_IRQHandler
                0x0c007c48                EXTI12_IRQHandler
                0x0c007c48                DMA2_Channel8_IRQHandler
                0x0c007c48                EXTI3_IRQHandler
                0x0c007c48                EXTI8_IRQHandler
                0x0c007c48                LPTIM2_IRQHandler
                0x0c007c48                DFSDM1_FLT1_IRQHandler
                0x0c007c48                USB_FS_IRQHandler
                0x0c007c48                I2C3_ER_IRQHandler
                0x0c007c48                DFSDM1_FLT2_IRQHandler
                0x0c007c48                DMAMUX1_IRQHandler
                0x0c007c48                LPTIM3_IRQHandler
                0x0c007c48                EXTI0_IRQHandler
                0x0c007c48                I2C2_EV_IRQHandler
                0x0c007c48                FPU_IRQHandler
                0x0c007c48                FDCAN1_IT1_IRQHandler
                0x0c007c48                ADC1_2_IRQHandler
                0x0c007c48                SPI1_IRQHandler
                0x0c007c48                OCTOSPI1_IRQHandler
                0x0c007c48                TIM8_UP_IRQHandler
                0x0c007c48                RCC_S_IRQHandler
                0x0c007c48                DMA2_Channel2_IRQHandler
                0x0c007c48                DMA1_Channel4_IRQHandler
                0x0c007c48                SAI2_IRQHandler
                0x0c007c48                DFSDM1_FLT3_IRQHandler
                0x0c007c48                EXTI15_IRQHandler
                0x0c007c48                TIM17_IRQHandler
                0x0c007c48                USART3_IRQHandler
                0x0c007c48                RTC_IRQHandler
                0x0c007c48                EXTI9_IRQHandler
                0x0c007c48                DMA1_Channel7_IRQHandler
                0x0c007c48                UART5_IRQHandler
                0x0c007c48                TIM4_IRQHandler
                0x0c007c48                DMA2_Channel1_IRQHandler
                0x0c007c48                I2C1_EV_IRQHandler
                0x0c007c48                DMA1_Channel6_IRQHandler
                0x0c007c48                TIM16_IRQHandler
                0x0c007c48                UART4_IRQHandler
                0x0c007c48                DMA2_Channel4_IRQHandler
                0x0c007c48                TIM3_IRQHandler
                0x0c007c48                RCC_IRQHandler
                0x0c007c48                TIM1_TRG_COM_IRQHandler
                0x0c007c48                DMA1_Channel1_IRQHandler
                0x0c007c48                Default_Handler
                0x0c007c48                DMA2_Channel7_IRQHandler
                0x0c007c48                DMA1_Channel8_IRQHandler
                0x0c007c48                TIM7_IRQHandler
                0x0c007c48                SDMMC1_IRQHandler
                0x0c007c48                TIM5_IRQHandler
                0x0c007c48                UCPD1_IRQHandler
                0x0c007c48                TIM15_IRQHandler
                0x0c007c48                I2C3_EV_IRQHandler
                0x0c007c48                PVD_PVM_IRQHandler
                0x0c007c48                SPI2_IRQHandler
                0x0c007c48                EXTI14_IRQHandler
                0x0c007c48                EXTI11_IRQHandler
                0x0c007c48                DMA2_Channel5_IRQHandler
                0x0c007c48                CRS_IRQHandler
                0x0c007c48                DMA1_Channel5_IRQHandler
                0x0c007c48                EXTI4_IRQHandler
                0x0c007c48                RTC_S_IRQHandler
                0x0c007c48                RNG_IRQHandler
                0x0c007c48                DMAMUX1_S_IRQHandler
                0x0c007c48                DMA1_Channel3_IRQHandler
                0x0c007c48                COMP_IRQHandler
                0x0c007c48                TIM1_UP_IRQHandler
                0x0c007c48                WWDG_IRQHandler
                0x0c007c48                I2C4_EV_IRQHandler
                0x0c007c48                LPUART1_IRQHandler
                0x0c007c48                DMA2_Channel6_IRQHandler
                0x0c007c48                FDCAN1_IT0_IRQHandler
                0x0c007c48                TIM2_IRQHandler
                0x0c007c48                TAMP_S_IRQHandler
                0x0c007c48                EXTI7_IRQHandler
                0x0c007c48                TIM1_BRK_IRQHandler
                0x0c007c48                DAC_IRQHandler
                0x0c007c48                EXTI1_IRQHandler
                0x0c007c48                USART2_IRQHandler
                0x0c007c48                DFSDM1_FLT0_IRQHandler
                0x0c007c48                I2C2_ER_IRQHandler
                0x0c007c48                DMA1_Channel2_IRQHandler
                0x0c007c48                TIM8_BRK_IRQHandler
                0x0c007c48                FLASH_IRQHandler
                0x0c007c48                USART1_IRQHandler
                0x0c007c48                EXTI10_IRQHandler
                0x0c007c48                SPI3_IRQHandler
                0x0c007c48                I2C1_ER_IRQHandler
                0x0c007c48                FMC_IRQHandler
                0x0c007c48                EXTI6_IRQHandler
                0x0c007c48                LPTIM1_IRQHandler
                0x0c007c48                I2C4_ER_IRQHandler
                0x0c007c48                ICACHE_IRQHandler
                0x0c007c48                SAI1_IRQHandler
                0x0c007c48                HASH_IRQHandler
                0x0c007c48                DMA2_Channel3_IRQHandler
 *fill*         0x0c007c4a        0x2 
 .text.startup  0x0c007c4c      0x22c ./Application/User/main.o
                0x0c007c4c                main
 .text.memset   0x0c007e78       0x10 C:/ST/STM32CubeIDE_2.0.0/STM32CubeIDE/plugins/com.st.stm32cube.ide.mcu.externaltools.gnu-tools-for-stm32.13.3.rel1.win32_1.0.100.202509120712/tools/bin/../lib/gcc/arm-none-eabi/13.3.1/../../../../arm-none-eabi/lib/thumb/v8-m.main+fp/hard\libc_nano.a(libc_a-memset.o)
                0x0c007e78                memset
 .text.__libc_init_array
                0x0c007e88       0x48 C:/ST/STM32CubeIDE_2.0.0/STM32CubeIDE/plugins/com.st.stm32cube.ide.mcu.externaltools.gnu-tools-for-stm32.13.3.rel1.win32_1.0.100.202509120712/tools/bin/../lib/gcc/arm-none-eabi/13.3.1/../../../../arm-none-eabi/lib/thumb/v8-m.main+fp/hard\libc_nano.a(libc_a-init.o)
                0x0c007e88                __libc_init_array
 .text.memcpy   0x0c007ed0       0x1a C:/ST/STM32CubeIDE_2.0.0/STM32CubeIDE/plugins/com.st.stm32cube.ide.mcu.externaltools.gnu-tools-for-stm32.13.3.rel1.win32_1.0.100.202509120712/tools/bin/../lib/gcc/arm-none-eabi/13.3.1/../../../../arm-none-eabi/lib/thumb/v8-m.main+fp/hard\libc_nano.a(libc_a-memcpy-stub.o)
                0x0c007ed0                memcpy
 *(.glue_7)
 .glue_7        0x0c007eea        0x0 linker stubs
 *(.glue_7t)
 .glue_7t       0x0c007eea        0x0 linker stubs
 *(.eh_frame)
 *fill*         0x0c007eea        0x2 
 .eh_frame      0x0c007eec        0x0 C:/ST/STM32CubeIDE_2.0.0/STM32CubeIDE/plugins/com.st.stm32cube.ide.mcu.externaltools.gnu-tools-for-stm32.13.3.rel1.win32_1.0.100.202509120712/tools/bin/../lib/gcc/arm-none-eabi/13.3.1/thumb/v8-m.main+fp/hard/crtbegin.o
 *(.init)
 .init          0x0c007eec        0x4 C:/ST/STM32CubeIDE_2.0.0/STM32CubeIDE/plugins/com.st.stm32cube.ide.mcu.externaltools.gnu-tools-for-stm32.13.3.rel1.win32_1.0.100.202509120712/tools/bin/../lib/gcc/arm-none-eabi/13.3.1/thumb/v8-m.main+fp/hard/crti.o
                0x0c007eec                _init
 .init          0x0c007ef0        0x8 C:/ST/STM32CubeIDE_2.0.0/STM32CubeIDE/plugins/com.st.stm32cube.ide.mcu.externaltools.gnu-tools-for-stm32.13.3.rel1.win32_1.0.100.202509120712/tools/bin/../lib/gcc/arm-none-eabi/13.3.1/thumb/v8-m.main+fp/hard/crtn.o
 *(.fini)
 .fini          0x0c007ef8        0x4 C:/ST/STM32CubeIDE_2.0.0/STM32CubeIDE/plugins/com.st.stm32cube.ide.mcu.externaltools.gnu-tools-for-stm32.13.3.rel1.win32_1.0.100.202509120712/tools/bin/../lib/gcc/arm-none-eabi/13.3.1/thumb/v8-m.main+fp/hard/crti.o
                0x0c007ef8                _fini
 .fini          0x0c007efc        0x8 C:/ST/STM32CubeIDE_2.0.0/STM32CubeIDE/plugins/com.st.stm32cube.ide.mcu.externaltools.gnu-tools-for-stm32.13.3.rel1.win32_1.0.100.202509120712/tools/bin/../lib/gcc/arm-none-eabi/13.3.1/thumb/v8-m.main+fp/hard/crtn.o
                0x0c007f08                        . = ALIGN (0x8)
 *fill*         0x0c007f04        0x4 
                0x0c007f08                        _etext = .

.vfp11_veneer   0x0c007f08        0x0
 .vfp11_veneer  0x0c007f08        0x0 linker stubs

.v4_bx          0x0c007f08        0x0
 .v4_bx         0x0c007f08        0x0 linker stubs

.iplt           0x0c007f08        0x0
 .iplt          0x0c007f08        0x0 C:/ST/STM32CubeIDE_2.0.0/STM32CubeIDE/plugins/com.st.stm32cube.ide.mcu.externaltools.gnu-tools-for-stm32.13.3.rel1.win32_1.0.100.202509120712/tools/bin/../lib/gcc/arm-none-eabi/13.3.1/thumb/v8-m.main+fp/hard/crtbegin.o

.rodata         0x0c007f08      0x3d0
                0x0c007f08                        . = ALIGN (0x8)
 *(.rodata)
 .rodata        0x0c007f08      0x100 ./Application/User/Crypto/hmac-sha256/hmac-sha256.o
 *(.rodata*)
 .rodata.Rcon   0x0c008008        0xb ./Application/User/Aesnew/aes.o
 .rodata.rsbox  0x0c008013      0x100 ./Application/User/Aesnew/aes.o
 .rodata.sbox   0x0c008113      0x100 ./Application/User/Aesnew/aes.o
 .rodata.key    0x0c008213        0xf ./Application/User/secure_nsc.o
 .rodata.str1.1
                0x0c008222       0x19 ./Drivers/BSP/STM32L5xx_Nucleo/stm32l5xx_nucleo.o
 *fill*         0x0c00823b        0x1 
 .rodata.COM_UART
                0x0c00823c        0x8 ./Drivers/BSP/STM32L5xx_Nucleo/stm32l5xx_nucleo.o
 .rodata.LED_PORT
                0x0c008244        0xc ./Drivers/BSP/STM32L5xx_Nucleo/stm32l5xx_nucleo.o
 .rodata.LED_PIN
                0x0c008250        0x6 ./Drivers/BSP/STM32L5xx_Nucleo/stm32l5xx_nucleo.o
 *fill*         0x0c008256        0x2 
 .rodata.MSIRangeTable
                0x0c008258       0x40 ./Drivers/CMSIS/system_stm32l5xx_s.o
                0x0c008258                MSIRangeTable
 .rodata.APBPrescTable
                0x0c008298        0x8 ./Drivers/CMSIS/system_stm32l5xx_s.o
                0x0c008298                APBPrescTable
 .rodata.AHBPrescTable
                0x0c0082a0       0x10 ./Drivers/CMSIS/system_stm32l5xx_s.o
                0x0c0082a0                AHBPrescTable
 .rodata.UARTPrescTable
                0x0c0082b0       0x18 ./Drivers/STM32L5xx_HAL_Driver/stm32l5xx_hal_uart.o
                0x0c0082b0                UARTPrescTable
 .rodata.denominator.0
                0x0c0082c8        0x8 ./Drivers/STM32L5xx_HAL_Driver/stm32l5xx_hal_uart_ex.o
 .rodata.numerator.1
                0x0c0082d0        0x8 ./Drivers/STM32L5xx_HAL_Driver/stm32l5xx_hal_uart_ex.o
                0x0c0082d8                        . = ALIGN (0x8)

.ARM.extab      0x0c0082d8        0x0
                0x0c0082d8                        . = ALIGN (0x8)
 *(.ARM.extab* .gnu.linkonce.armextab.*)
                0x0c0082d8                        . = ALIGN (0x8)

.ARM            0x0c0082d8        0x8
                0x0c0082d8                        . = ALIGN (0x8)
                0x0c0082d8                        __exidx_start = .
 *(.ARM.exidx*)
 .ARM.exidx     0x0c0082d8        0x8 C:/ST/STM32CubeIDE_2.0.0/STM32CubeIDE/plugins/com.st.stm32cube.ide.mcu.externaltools.gnu-tools-for-stm32.13.3.rel1.win32_1.0.100.202509120712/tools/bin/../lib/gcc/arm-none-eabi/13.3.1/thumb/v8-m.main+fp/hard\libgcc.a(_udivmoddi4.o)
                0x0c0082e0                        __exidx_end = .
                0x0c0082e0                        . = ALIGN (0x8)

.preinit_array  0x0c0082e0        0x0
                0x0c0082e0                        . = ALIGN (0x8)
                0x0c0082e0                        PROVIDE (__preinit_array_start = .)
 *(.preinit_array*)
                0x0c0082e0                        PROVIDE (__preinit_array_end = .)
                0x0c0082e0                        . = ALIGN (0x8)

.init_array     0x0c0082e0        0x8
                0x0c0082e0                        . = ALIGN (0x8)
                0x0c0082e0                        PROVIDE (__init_array_start = .)
 *(SORT_BY_NAME(.init_array.*))
 *(.init_array*)
 .init_array    0x0c0082e0        0x4 C:/ST/STM32CubeIDE_2.0.0/STM32CubeIDE/plugins/com.st.stm32cube.ide.mcu.externaltools.gnu-tools-for-stm32.13.3.rel1.win32_1.0.100.202509120712/tools/bin/../lib/gcc/arm-none-eabi/13.3.1/thumb/v8-m.main+fp/hard/crtbegin.o
                0x0c0082e4                        PROVIDE (__init_array_end = .)
                0x0c0082e8                        . = ALIGN (0x8)
 *fill*         0x0c0082e4        0x4 

.fini_array     0x0c0082e8        0x8
                0x0c0082e8                        . = ALIGN (0x8)
                [!provide]                        PROVIDE (__fini_array_start = .)
 *(SORT_BY_NAME(.fini_array.*))
 *(.fini_array*)
 .fini_array    0x0c0082e8        0x4 C:/ST/STM32CubeIDE_2.0.0/STM32CubeIDE/plugins/com.st.stm32cube.ide.mcu.externaltools.gnu-tools-for-stm32.13.3.rel1.win32_1.0.100.202509120712/tools/bin/../lib/gcc/arm-none-eabi/13.3.1/thumb/v8-m.main+fp/hard/crtbegin.o
                [!provide]                        PROVIDE (__fini_array_end = .)
                0x0c0082f0                        . = ALIGN (0x8)
 *fill*         0x0c0082ec        0x4 
                0x0c0082f0                        _sidata = LOADADDR (.data)

.rel.dyn        0x0c0082f0        0x0
 .rel.iplt      0x0c0082f0        0x0 C:/ST/STM32CubeIDE_2.0.0/STM32CubeIDE/plugins/com.st.stm32cube.ide.mcu.externaltools.gnu-tools-for-stm32.13.3.rel1.win32_1.0.100.202509120712/tools/bin/../lib/gcc/arm-none-eabi/13.3.1/thumb/v8-m.main+fp/hard/crtbegin.o

.data           0x30000000       0x10 load address 0x0c0082f0
                0x30000000                        . = ALIGN (0x8)
                0x30000000                        _sdata = .
 *(.data)
 *(.data*)
 .data.real_memory
                0x30000000        0x4 ./Application/User/secure_nsc.o
                0x30000000                real_memory
 .data.SystemCoreClock
                0x30000004        0x4 ./Drivers/CMSIS/system_stm32l5xx_s.o
                0x30000004                SystemCoreClock
 .data.uwTickFreq
                0x30000008        0x1 ./Drivers/STM32L5xx_HAL_Driver/stm32l5xx_hal.o
                0x30000008                uwTickFreq
 *fill*         0x30000009        0x3 
 .data.uwTickPrio
                0x3000000c        0x4 ./Drivers/STM32L5xx_HAL_Driver/stm32l5xx_hal.o
                0x3000000c                uwTickPrio
                0x30000010                        . = ALIGN (0x8)
                0x30000010                        _edata = .

.igot.plt       0x30000010        0x0 load address 0x0c008300
 .igot.plt      0x30000010        0x0 C:/ST/STM32CubeIDE_2.0.0/STM32CubeIDE/plugins/com.st.stm32cube.ide.mcu.externaltools.gnu-tools-for-stm32.13.3.rel1.win32_1.0.100.202509120712/tools/bin/../lib/gcc/arm-none-eabi/13.3.1/thumb/v8-m.main+fp/hard/crtbegin.o

.gnu.sgstubs    0x0c03e000       0x60
                0x0c03e000                        . = ALIGN (0x8)
 *(.gnu.sgstubs*)
                0x0c03e000                        . = ALIGN (0x8)
 .gnu.sgstubs.__stub
                0x0c03e000       0x50 linker stubs
                0x0c03e000                SecureInit_DePrioritizeNSExceptions
                0x0c03e008                SECURE_SystemCoreClockUpdate
                0x0c03e010                SecureContext_AllocateContext
                0x0c03e018                SecureContext_Init
                0x0c03e020                SecureContext_LoadContext
                0x0c03e028                SECURE_RegisterCallback
                0x0c03e030                SecureContext_SaveContext
                0x0c03e038                SecureInit_EnableNSFPUAccess
                0x0c03e040                SecureContext_FreeContext
                0x0c03e048                SECURE_RTSMARM_ShuffledHMAC_secure
                0x0c03e050                        . = ALIGN (0x8)

.bss            0x30000010     0x2a80
                0x30000010                        _sbss = .
                0x30000010                        __bss_start__ = _sbss
 *(.bss)
 .bss           0x30000010       0x1c C:/ST/STM32CubeIDE_2.0.0/STM32CubeIDE/plugins/com.st.stm32cube.ide.mcu.externaltools.gnu-tools-for-stm32.13.3.rel1.win32_1.0.100.202509120712/tools/bin/../lib/gcc/arm-none-eabi/13.3.1/thumb/v8-m.main+fp/hard/crtbegin.o
 *(.bss*)
 .bss.rtsmarm_used_bits
                0x3000002c       0x20 ./Application/User/secure_nsc.o
 .bss.hmac      0x3000004c       0xe8 ./Application/User/secure_nsc.o
 .bss.pSecureErrorCallback
                0x30000134        0x4 ./Application/User/secure_nsc.o
                0x30000134                pSecureErrorCallback
 .bss.pSecureFaultCallback
                0x30000138        0x4 ./Application/User/secure_nsc.o
                0x30000138                pSecureFaultCallback
 .bss.hpb_exti  0x3000013c        0xc ./Drivers/BSP/STM32L5xx_Nucleo/stm32l5xx_nucleo.o
 .bss.hcom_uart
                0x30000148      0x128 ./Drivers/BSP/STM32L5xx_Nucleo/stm32l5xx_nucleo.o
                0x30000148                hcom_uart
 .bss.uwTick    0x30000270        0x4 ./Drivers/STM32L5xx_HAL_Driver/stm32l5xx_hal.o
                0x30000270                uwTick
 .bss.xBlockAllocatedBit
                0x30000274        0x4 ./Middlewares/FreeRTOS/secure_heap.o
 .bss.xMinimumEverFreeBytesRemaining
                0x30000278        0x4 ./Middlewares/FreeRTOS/secure_heap.o
 .bss.xFreeBytesRemaining
                0x3000027c        0x4 ./Middlewares/FreeRTOS/secure_heap.o
 .bss.pxEnd     0x30000280        0x4 ./Middlewares/FreeRTOS/secure_heap.o
 .bss.xStart    0x30000284        0x8 ./Middlewares/FreeRTOS/secure_heap.o
 .bss.ucHeap    0x3000028c     0x2800 ./Middlewares/FreeRTOS/secure_heap.o
 *(COMMON)
                0x30002a90                        . = ALIGN (0x8)
 *fill*         0x30002a8c        0x4 
                0x30002a90                        _ebss = .
                0x30002a90                        __bss_end__ = _ebss

._user_heap_stack
                0x30002a90      0x600
                0x30002a90                        . = ALIGN (0x8)
                [!provide]                        PROVIDE (end = .)
                0x30002a90                        PROVIDE (_end = .)
                0x30002c90                        . = (. + _Min_Heap_Size)
 *fill*         0x30002a90      0x200 
                0x30003090                        . = (. + _Min_Stack_Size)
 *fill*         0x30002c90      0x400 
                0x30003090                        . = ALIGN (0x8)

/DISCARD/
 libc.a(*)
 libm.a(*)
 libgcc.a(*)

.ARM.attributes
                0x00000000       0x36
 *(.ARM.attributes)
 .ARM.attributes
                0x00000000       0x26 C:/ST/STM32CubeIDE_2.0.0/STM32CubeIDE/plugins/com.st.stm32cube.ide.mcu.externaltools.gnu-tools-for-stm32.13.3.rel1.win32_1.0.100.202509120712/tools/bin/../lib/gcc/arm-none-eabi/13.3.1/thumb/v8-m.main+fp/hard/crti.o
 .ARM.attributes
                0x00000026       0x38 C:/ST/STM32CubeIDE_2.0.0/STM32CubeIDE/plugins/com.st.stm32cube.ide.mcu.externaltools.gnu-tools-for-stm32.13.3.rel1.win32_1.0.100.202509120712/tools/bin/../lib/gcc/arm-none-eabi/13.3.1/thumb/v8-m.main+fp/hard/crtbegin.o
 .ARM.attributes
                0x0000005e       0x24 ./Application/Startup/startup_stm32l552zetxq.o
 .ARM.attributes
                0x00000082       0x3a ./Application/User/Aesnew/aes.o
 .ARM.attributes
                0x000000bc       0x3a ./Application/User/Crypto/hmac-sha256/hmac-sha256.o
 .ARM.attributes
                0x000000f6       0x3a ./Application/User/main.o
 .ARM.attributes
                0x00000130       0x3a ./Application/User/secure_nsc.o
 .ARM.attributes
                0x0000016a       0x3a ./Application/User/stm32l5xx_hal_msp.o
 .ARM.attributes
                0x000001a4       0x3a ./Application/User/stm32l5xx_it.o
 .ARM.attributes
                0x000001de       0x3a ./Drivers/BSP/STM32L5xx_Nucleo/stm32l5xx_nucleo.o
 .ARM.attributes
                0x00000218       0x3a ./Drivers/CMSIS/system_stm32l5xx_s.o
 .ARM.attributes
                0x00000252       0x3a ./Drivers/STM32L5xx_HAL_Driver/stm32l5xx_hal.o
 .ARM.attributes
                0x0000028c       0x3a ./Drivers/STM32L5xx_HAL_Driver/stm32l5xx_hal_cortex.o
 .ARM.attributes
                0x000002c6       0x3a ./Drivers/STM32L5xx_HAL_Driver/stm32l5xx_hal_dma.o
 .ARM.attributes
                0x00000300       0x3a ./Drivers/STM32L5xx_HAL_Driver/stm32l5xx_hal_exti.o
 .ARM.attributes
                0x0000033a       0x3a ./Drivers/STM32L5xx_HAL_Driver/stm32l5xx_hal_gpio.o
 .ARM.attributes
                0x00000374       0x3a ./Drivers/STM32L5xx_HAL_Driver/stm32l5xx_hal_gtzc.o
 .ARM.attributes
                0x000003ae       0x3a ./Drivers/STM32L5xx_HAL_Driver/stm32l5xx_hal_icache.o
 .ARM.attributes
                0x000003e8       0x3a ./Drivers/STM32L5xx_HAL_Driver/stm32l5xx_hal_pwr.o
 .ARM.attributes
                0x00000422       0x3a ./Drivers/STM32L5xx_HAL_Driver/stm32l5xx_hal_pwr_ex.o
 .ARM.attributes
                0x0000045c       0x3a ./Drivers/STM32L5xx_HAL_Driver/stm32l5xx_hal_rcc.o
 .ARM.attributes
                0x00000496       0x3a ./Drivers/STM32L5xx_HAL_Driver/stm32l5xx_hal_uart.o
 .ARM.attributes
                0x000004d0       0x3a ./Drivers/STM32L5xx_HAL_Driver/stm32l5xx_hal_uart_ex.o
 .ARM.attributes
                0x0000050a       0x3a ./Middlewares/FreeRTOS/secure_context.o
 .ARM.attributes
                0x00000544       0x3a ./Middlewares/FreeRTOS/secure_context_port.o
 .ARM.attributes
                0x0000057e       0x3a ./Middlewares/FreeRTOS/secure_heap.o
 .ARM.attributes
                0x000005b8       0x3a ./Middlewares/FreeRTOS/secure_init.o
 .ARM.attributes
                0x000005f2       0x38 C:/ST/STM32CubeIDE_2.0.0/STM32CubeIDE/plugins/com.st.stm32cube.ide.mcu.externaltools.gnu-tools-for-stm32.13.3.rel1.win32_1.0.100.202509120712/tools/bin/../lib/gcc/arm-none-eabi/13.3.1/../../../../arm-none-eabi/lib/thumb/v8-m.main+fp/hard\libc_nano.a(libc_a-memset.o)
 .ARM.attributes
                0x0000062a       0x38 C:/ST/STM32CubeIDE_2.0.0/STM32CubeIDE/plugins/com.st.stm32cube.ide.mcu.externaltools.gnu-tools-for-stm32.13.3.rel1.win32_1.0.100.202509120712/tools/bin/../lib/gcc/arm-none-eabi/13.3.1/../../../../arm-none-eabi/lib/thumb/v8-m.main+fp/hard\libc_nano.a(libc_a-init.o)
 .ARM.attributes
                0x00000662       0x38 C:/ST/STM32CubeIDE_2.0.0/STM32CubeIDE/plugins/com.st.stm32cube.ide.mcu.externaltools.gnu-tools-for-stm32.13.3.rel1.win32_1.0.100.202509120712/tools/bin/../lib/gcc/arm-none-eabi/13.3.1/../../../../arm-none-eabi/lib/thumb/v8-m.main+fp/hard\libc_nano.a(libc_a-memcpy-stub.o)
 .ARM.attributes
                0x0000069a       0x24 C:/ST/STM32CubeIDE_2.0.0/STM32CubeIDE/plugins/com.st.stm32cube.ide.mcu.externaltools.gnu-tools-for-stm32.13.3.rel1.win32_1.0.100.202509120712/tools/bin/../lib/gcc/arm-none-eabi/13.3.1/thumb/v8-m.main+fp/hard\libgcc.a(cmse_nonsecure_call.o)
 .ARM.attributes
                0x000006be       0x26 C:/ST/STM32CubeIDE_2.0.0/STM32CubeIDE/plugins/com.st.stm32cube.ide.mcu.externaltools.gnu-tools-for-stm32.13.3.rel1.win32_1.0.100.202509120712/tools/bin/../lib/gcc/arm-none-eabi/13.3.1/thumb/v8-m.main+fp/hard\libgcc.a(_aeabi_uldivmod.o)
 .ARM.attributes
                0x000006e4       0x38 C:/ST/STM32CubeIDE_2.0.0/STM32CubeIDE/plugins/com.st.stm32cube.ide.mcu.externaltools.gnu-tools-for-stm32.13.3.rel1.win32_1.0.100.202509120712/tools/bin/../lib/gcc/arm-none-eabi/13.3.1/thumb/v8-m.main+fp/hard\libgcc.a(_udivmoddi4.o)
 .ARM.attributes
                0x0000071c       0x26 C:/ST/STM32CubeIDE_2.0.0/STM32CubeIDE/plugins/com.st.stm32cube.ide.mcu.externaltools.gnu-tools-for-stm32.13.3.rel1.win32_1.0.100.202509120712/tools/bin/../lib/gcc/arm-none-eabi/13.3.1/thumb/v8-m.main+fp/hard\libgcc.a(_dvmd_tls.o)
 .ARM.attributes
                0x00000742       0x26 C:/ST/STM32CubeIDE_2.0.0/STM32CubeIDE/plugins/com.st.stm32cube.ide.mcu.externaltools.gnu-tools-for-stm32.13.3.rel1.win32_1.0.100.202509120712/tools/bin/../lib/gcc/arm-none-eabi/13.3.1/thumb/v8-m.main+fp/hard/crtn.o
OUTPUT(FreeRTOS_SecureIOToggle_TrustZone_Secure.elf elf32-littlearm)
LOAD linker stubs
LOAD C:/ST/STM32CubeIDE_2.0.0/STM32CubeIDE/plugins/com.st.stm32cube.ide.mcu.externaltools.gnu-tools-for-stm32.13.3.rel1.win32_1.0.100.202509120712/tools/bin/../lib/gcc/arm-none-eabi/13.3.1/../../../../arm-none-eabi/lib/thumb/v8-m.main+fp/hard\libc.a
LOAD C:/ST/STM32CubeIDE_2.0.0/STM32CubeIDE/plugins/com.st.stm32cube.ide.mcu.externaltools.gnu-tools-for-stm32.13.3.rel1.win32_1.0.100.202509120712/tools/bin/../lib/gcc/arm-none-eabi/13.3.1/../../../../arm-none-eabi/lib/thumb/v8-m.main+fp/hard\libm.a
LOAD C:/ST/STM32CubeIDE_2.0.0/STM32CubeIDE/plugins/com.st.stm32cube.ide.mcu.externaltools.gnu-tools-for-stm32.13.3.rel1.win32_1.0.100.202509120712/tools/bin/../lib/gcc/arm-none-eabi/13.3.1/thumb/v8-m.main+fp/hard\libgcc.a

.debug_line     0x00000000    0x17360
 .debug_line    0x00000000       0x77 ./Application/Startup/startup_stm32l552zetxq.o
 .debug_line    0x00000077      0xd75 ./Application/User/Aesnew/aes.o
 .debug_line    0x00000dec      0xbd5 ./Application/User/Crypto/hmac-sha256/hmac-sha256.o
 .debug_line    0x000019c1      0xb7e ./Application/User/main.o
 .debug_line    0x0000253f      0xe9d ./Application/User/secure_nsc.o
 .debug_line    0x000033dc      0x8ca ./Application/User/stm32l5xx_hal_msp.o
 .debug_line    0x00003ca6      0x95e ./Application/User/stm32l5xx_it.o
 .debug_line    0x00004604      0xd24 ./Drivers/BSP/STM32L5xx_Nucleo/stm32l5xx_nucleo.o
 .debug_line    0x00005328      0x9ce ./Drivers/CMSIS/system_stm32l5xx_s.o
 .debug_line    0x00005cf6      0xc10 ./Drivers/STM32L5xx_HAL_Driver/stm32l5xx_hal.o
 .debug_line    0x00006906      0xf32 ./Drivers/STM32L5xx_HAL_Driver/stm32l5xx_hal_cortex.o
 .debug_line    0x00007838     0x1383 ./Drivers/STM32L5xx_HAL_Driver/stm32l5xx_hal_dma.o
 .debug_line    0x00008bbb      0xe92 ./Drivers/STM32L5xx_HAL_Driver/stm32l5xx_hal_exti.o
 .debug_line    0x00009a4d      0xd51 ./Drivers/STM32L5xx_HAL_Driver/stm32l5xx_hal_gpio.o
 .debug_line    0x0000a79e     0x144f ./Drivers/STM32L5xx_HAL_Driver/stm32l5xx_hal_gtzc.o
 .debug_line    0x0000bbed      0xade ./Drivers/STM32L5xx_HAL_Driver/stm32l5xx_hal_icache.o
 .debug_line    0x0000c6cb      0xa25 ./Drivers/STM32L5xx_HAL_Driver/stm32l5xx_hal_pwr.o
 .debug_line    0x0000d0f0      0xe9c ./Drivers/STM32L5xx_HAL_Driver/stm32l5xx_hal_pwr_ex.o
 .debug_line    0x0000df8c     0x1903 ./Drivers/STM32L5xx_HAL_Driver/stm32l5xx_hal_rcc.o
 .debug_line    0x0000f88f     0x5042 ./Drivers/STM32L5xx_HAL_Driver/stm32l5xx_hal_uart.o
 .debug_line    0x000148d1     0x1051 ./Drivers/STM32L5xx_HAL_Driver/stm32l5xx_hal_uart_ex.o
 .debug_line    0x00015922      0x721 ./Middlewares/FreeRTOS/secure_context.o
 .debug_line    0x00016043      0x4ec ./Middlewares/FreeRTOS/secure_context_port.o
 .debug_line    0x0001652f      0x94c ./Middlewares/FreeRTOS/secure_heap.o
 .debug_line    0x00016e7b      0x4e5 ./Middlewares/FreeRTOS/secure_init.o

.debug_line_str
                0x00000000       0x7c
 .debug_line_str
                0x00000000       0x7c ./Application/Startup/startup_stm32l552zetxq.o

.debug_info     0x00000000    0x15ae3
 .debug_info    0x00000000       0x30 ./Application/Startup/startup_stm32l552zetxq.o
 .debug_info    0x00000030      0xc1d ./Application/User/Aesnew/aes.o
 .debug_info    0x00000c4d      0x8c8 ./Application/User/Crypto/hmac-sha256/hmac-sha256.o
 .debug_info    0x00001515      0xd7b ./Application/User/main.o
 .debug_info    0x00002290      0xa44 ./Application/User/secure_nsc.o
 .debug_info    0x00002cd4      0x6c9 ./Application/User/stm32l5xx_hal_msp.o
 .debug_info    0x0000339d      0x19c ./Application/User/stm32l5xx_it.o
 .debug_info    0x00003539     0x1e3d ./Drivers/BSP/STM32L5xx_Nucleo/stm32l5xx_nucleo.o
 .debug_info    0x00005376      0xa6a ./Drivers/CMSIS/system_stm32l5xx_s.o
 .debug_info    0x00005de0      0xeb8 ./Drivers/STM32L5xx_HAL_Driver/stm32l5xx_hal.o
 .debug_info    0x00006c98     0x154e ./Drivers/STM32L5xx_HAL_Driver/stm32l5xx_hal_cortex.o
 .debug_info    0x000081e6      0xb08 ./Drivers/STM32L5xx_HAL_Driver/stm32l5xx_hal_dma.o
 .debug_info    0x00008cee      0x8a2 ./Drivers/STM32L5xx_HAL_Driver/stm32l5xx_hal_exti.o
 .debug_info    0x00009590      0x6d0 ./Drivers/STM32L5xx_HAL_Driver/stm32l5xx_hal_gpio.o
 .debug_info    0x00009c60      0xd60 ./Drivers/STM32L5xx_HAL_Driver/stm32l5xx_hal_gtzc.o
 .debug_info    0x0000a9c0      0x564 ./Drivers/STM32L5xx_HAL_Driver/stm32l5xx_hal_icache.o
 .debug_info    0x0000af24      0xd32 ./Drivers/STM32L5xx_HAL_Driver/stm32l5xx_hal_pwr.o
 .debug_info    0x0000bc56      0xe55 ./Drivers/STM32L5xx_HAL_Driver/stm32l5xx_hal_pwr_ex.o
 .debug_info    0x0000caab     0x1297 ./Drivers/STM32L5xx_HAL_Driver/stm32l5xx_hal_rcc.o
 .debug_info    0x0000dd42     0x62d1 ./Drivers/STM32L5xx_HAL_Driver/stm32l5xx_hal_uart.o
 .debug_info    0x00014013     0x12f8 ./Drivers/STM32L5xx_HAL_Driver/stm32l5xx_hal_uart_ex.o
 .debug_info    0x0001530b      0x244 ./Middlewares/FreeRTOS/secure_context.o
 .debug_info    0x0001554f       0xd8 ./Middlewares/FreeRTOS/secure_context_port.o
 .debug_info    0x00015627      0x3e5 ./Middlewares/FreeRTOS/secure_heap.o
 .debug_info    0x00015a0c       0xd7 ./Middlewares/FreeRTOS/secure_init.o

.debug_abbrev   0x00000000     0x3b36
 .debug_abbrev  0x00000000       0x24 ./Application/Startup/startup_stm32l552zetxq.o
 .debug_abbrev  0x00000024      0x34e ./Application/User/Aesnew/aes.o
 .debug_abbrev  0x00000372      0x251 ./Application/User/Crypto/hmac-sha256/hmac-sha256.o
 .debug_abbrev  0x000005c3      0x2ff ./Application/User/main.o
 .debug_abbrev  0x000008c2      0x37a ./Application/User/secure_nsc.o
 .debug_abbrev  0x00000c3c      0x15f ./Application/User/stm32l5xx_hal_msp.o
 .debug_abbrev  0x00000d9b      0x127 ./Application/User/stm32l5xx_it.o
 .debug_abbrev  0x00000ec2      0x425 ./Drivers/BSP/STM32L5xx_Nucleo/stm32l5xx_nucleo.o
 .debug_abbrev  0x000012e7      0x1a8 ./Drivers/CMSIS/system_stm32l5xx_s.o
 .debug_abbrev  0x0000148f      0x339 ./Drivers/STM32L5xx_HAL_Driver/stm32l5xx_hal.o
 .debug_abbrev  0x000017c8      0x3fc ./Drivers/STM32L5xx_HAL_Driver/stm32l5xx_hal_cortex.o
 .debug_abbrev  0x00001bc4      0x2bd ./Drivers/STM32L5xx_HAL_Driver/stm32l5xx_hal_dma.o
 .debug_abbrev  0x00001e81      0x1ad ./Drivers/STM32L5xx_HAL_Driver/stm32l5xx_hal_exti.o
 .debug_abbrev  0x0000202e      0x244 ./Drivers/STM32L5xx_HAL_Driver/stm32l5xx_hal_gpio.o
 .debug_abbrev  0x00002272      0x228 ./Drivers/STM32L5xx_HAL_Driver/stm32l5xx_hal_gtzc.o
 .debug_abbrev  0x0000249a      0x238 ./Drivers/STM32L5xx_HAL_Driver/stm32l5xx_hal_icache.o
 .debug_abbrev  0x000026d2      0x231 ./Drivers/STM32L5xx_HAL_Driver/stm32l5xx_hal_pwr.o
 .debug_abbrev  0x00002903      0x2ec ./Drivers/STM32L5xx_HAL_Driver/stm32l5xx_hal_pwr_ex.o
 .debug_abbrev  0x00002bef      0x324 ./Drivers/STM32L5xx_HAL_Driver/stm32l5xx_hal_rcc.o
 .debug_abbrev  0x00002f13      0x472 ./Drivers/STM32L5xx_HAL_Driver/stm32l5xx_hal_uart.o
 .debug_abbrev  0x00003385      0x34f ./Drivers/STM32L5xx_HAL_Driver/stm32l5xx_hal_uart_ex.o
 .debug_abbrev  0x000036d4      0x144 ./Middlewares/FreeRTOS/secure_context.o
 .debug_abbrev  0x00003818       0x96 ./Middlewares/FreeRTOS/secure_context_port.o
 .debug_abbrev  0x000038ae      0x203 ./Middlewares/FreeRTOS/secure_heap.o
 .debug_abbrev  0x00003ab1       0x85 ./Middlewares/FreeRTOS/secure_init.o

.debug_aranges  0x00000000      0x330
 .debug_aranges
                0x00000000       0x28 ./Application/Startup/startup_stm32l552zetxq.o
 .debug_aranges
                0x00000028       0x20 ./Application/User/Aesnew/aes.o
 .debug_aranges
                0x00000048       0x20 ./Application/User/Crypto/hmac-sha256/hmac-sha256.o
 .debug_aranges
                0x00000068       0x28 ./Application/User/main.o
 .debug_aranges
                0x00000090       0x20 ./Application/User/secure_nsc.o
 .debug_aranges
                0x000000b0       0x20 ./Application/User/stm32l5xx_hal_msp.o
 .debug_aranges
                0x000000d0       0x20 ./Application/User/stm32l5xx_it.o
 .debug_aranges
                0x000000f0       0x20 ./Drivers/BSP/STM32L5xx_Nucleo/stm32l5xx_nucleo.o
 .debug_aranges
                0x00000110       0x20 ./Drivers/CMSIS/system_stm32l5xx_s.o
 .debug_aranges
                0x00000130       0x20 ./Drivers/STM32L5xx_HAL_Driver/stm32l5xx_hal.o
 .debug_aranges
                0x00000150       0x20 ./Drivers/STM32L5xx_HAL_Driver/stm32l5xx_hal_cortex.o
 .debug_aranges
                0x00000170       0x20 ./Drivers/STM32L5xx_HAL_Driver/stm32l5xx_hal_dma.o
 .debug_aranges
                0x00000190       0x20 ./Drivers/STM32L5xx_HAL_Driver/stm32l5xx_hal_exti.o
 .debug_aranges
                0x000001b0       0x20 ./Drivers/STM32L5xx_HAL_Driver/stm32l5xx_hal_gpio.o
 .debug_aranges
                0x000001d0       0x20 ./Drivers/STM32L5xx_HAL_Driver/stm32l5xx_hal_gtzc.o
 .debug_aranges
                0x000001f0       0x20 ./Drivers/STM32L5xx_HAL_Driver/stm32l5xx_hal_icache.o
 .debug_aranges
                0x00000210       0x20 ./Drivers/STM32L5xx_HAL_Driver/stm32l5xx_hal_pwr.o
 .debug_aranges
                0x00000230       0x20 ./Drivers/STM32L5xx_HAL_Driver/stm32l5xx_hal_pwr_ex.o
 .debug_aranges
                0x00000250       0x20 ./Drivers/STM32L5xx_HAL_Driver/stm32l5xx_hal_rcc.o
 .debug_aranges
                0x00000270       0x20 ./Drivers/STM32L5xx_HAL_Driver/stm32l5xx_hal_uart.o
 .debug_aranges
                0x00000290       0x20 ./Drivers/STM32L5xx_HAL_Driver/stm32l5xx_hal_uart_ex.o
 .debug_aranges
                0x000002b0       0x20 ./Middlewares/FreeRTOS/secure_context.o
 .debug_aranges
                0x000002d0       0x20 ./Middlewares/FreeRTOS/secure_context_port.o
 .debug_aranges
                0x000002f0       0x20 ./Middlewares/FreeRTOS/secure_heap.o
 .debug_aranges
                0x00000310       0x20 ./Middlewares/FreeRTOS/secure_init.o

.debug_str      0x00000000   0x110bca
 .debug_str     0x00000000   0x110bca ./Application/Startup/startup_stm32l552zetxq.o
                                 0x98 (size before relaxing)
 .debug_str     0x00110bca        0x0 ./Application/User/Aesnew/aes.o
                               0x764c (size before relaxing)
 .debug_str     0x00110bca        0x0 ./Application/User/Crypto/hmac-sha256/hmac-sha256.o
                               0x837c (size before relaxing)
 .debug_str     0x00110bca        0x0 ./Application/User/main.o
                             0x1072c2 (size before relaxing)
 .debug_str     0x00110bca        0x0 ./Application/User/secure_nsc.o
                             0x109d36 (size before relaxing)
 .debug_str     0x00110bca        0x0 ./Application/User/stm32l5xx_hal_msp.o
                             0x103d8b (size before relaxing)
 .debug_str     0x00110bca        0x0 ./Application/User/stm32l5xx_it.o
                             0x103689 (size before relaxing)
 .debug_str     0x00110bca        0x0 ./Drivers/BSP/STM32L5xx_Nucleo/stm32l5xx_nucleo.o
                             0x104903 (size before relaxing)
 .debug_str     0x00110bca        0x0 ./Drivers/CMSIS/system_stm32l5xx_s.o
                             0x103640 (size before relaxing)
 .debug_str     0x00110bca        0x0 ./Drivers/STM32L5xx_HAL_Driver/stm32l5xx_hal.o
                             0x103b6a (size before relaxing)
 .debug_str     0x00110bca        0x0 ./Drivers/STM32L5xx_HAL_Driver/stm32l5xx_hal_cortex.o
                             0x1039e7 (size before relaxing)
 .debug_str     0x00110bca        0x0 ./Drivers/STM32L5xx_HAL_Driver/stm32l5xx_hal_dma.o
                             0x10331c (size before relaxing)
 .debug_str     0x00110bca        0x0 ./Drivers/STM32L5xx_HAL_Driver/stm32l5xx_hal_exti.o
                             0x103021 (size before relaxing)
 .debug_str     0x00110bca        0x0 ./Drivers/STM32L5xx_HAL_Driver/stm32l5xx_hal_gpio.o
                             0x102f84 (size before relaxing)
 .debug_str     0x00110bca        0x0 ./Drivers/STM32L5xx_HAL_Driver/stm32l5xx_hal_gtzc.o
                             0x103706 (size before relaxing)
 .debug_str     0x00110bca        0x0 ./Drivers/STM32L5xx_HAL_Driver/stm32l5xx_hal_icache.o
                             0x10337d (size before relaxing)
 .debug_str     0x00110bca        0x0 ./Drivers/STM32L5xx_HAL_Driver/stm32l5xx_hal_pwr.o
                             0x1033af (size before relaxing)
 .debug_str     0x00110bca        0x0 ./Drivers/STM32L5xx_HAL_Driver/stm32l5xx_hal_pwr_ex.o
                             0x103706 (size before relaxing)
 .debug_str     0x00110bca        0x0 ./Drivers/STM32L5xx_HAL_Driver/stm32l5xx_hal_rcc.o
                             0x1035bb (size before relaxing)
 .debug_str     0x00110bca        0x0 ./Drivers/STM32L5xx_HAL_Driver/stm32l5xx_hal_uart.o
                             0x103ef2 (size before relaxing)
 .debug_str     0x00110bca        0x0 ./Drivers/STM32L5xx_HAL_Driver/stm32l5xx_hal_uart_ex.o
                             0x10366f (size before relaxing)
 .debug_str     0x00110bca        0x0 ./Middlewares/FreeRTOS/secure_context.o
                               0x83f5 (size before relaxing)
 .debug_str     0x00110bca        0x0 ./Middlewares/FreeRTOS/secure_context_port.o
                               0x4cf7 (size before relaxing)
 .debug_str     0x00110bca        0x0 ./Middlewares/FreeRTOS/secure_heap.o
                               0x7d53 (size before relaxing)
 .debug_str     0x00110bca        0x0 ./Middlewares/FreeRTOS/secure_init.o
                               0x4803 (size before relaxing)

.debug_rnglists
                0x00000000      0x389
 .debug_rnglists
                0x00000000       0x19 ./Application/Startup/startup_stm32l552zetxq.o
 .debug_rnglists
                0x00000019       0x4d ./Application/User/Aesnew/aes.o
 .debug_rnglists
                0x00000066       0x59 ./Application/User/Crypto/hmac-sha256/hmac-sha256.o
 .debug_rnglists
                0x000000bf       0x35 ./Application/User/main.o
 .debug_rnglists
                0x000000f4       0x9e ./Application/User/secure_nsc.o
 .debug_rnglists
                0x00000192       0x20 ./Application/User/stm32l5xx_hal_msp.o
 .debug_rnglists
                0x000001b2       0x43 ./Drivers/BSP/STM32L5xx_Nucleo/stm32l5xx_nucleo.o
 .debug_rnglists
                0x000001f5       0x14 ./Drivers/CMSIS/system_stm32l5xx_s.o
 .debug_rnglists
                0x00000209       0x88 ./Drivers/STM32L5xx_HAL_Driver/stm32l5xx_hal_cortex.o
 .debug_rnglists
                0x00000291       0x17 ./Drivers/STM32L5xx_HAL_Driver/stm32l5xx_hal_dma.o
 .debug_rnglists
                0x000002a8       0x41 ./Drivers/STM32L5xx_HAL_Driver/stm32l5xx_hal_rcc.o
 .debug_rnglists
                0x000002e9       0x8c ./Drivers/STM32L5xx_HAL_Driver/stm32l5xx_hal_uart.o
 .debug_rnglists
                0x00000375       0x14 ./Middlewares/FreeRTOS/secure_context_port.o

.debug_loclists
                0x00000000     0x9063
 .debug_loclists
                0x00000000      0x8c3 ./Application/User/Aesnew/aes.o
 .debug_loclists
                0x000008c3      0x903 ./Application/User/Crypto/hmac-sha256/hmac-sha256.o
 .debug_loclists
                0x000011c6       0x27 ./Application/User/main.o
 .debug_loclists
                0x000011ed      0x368 ./Application/User/secure_nsc.o
 .debug_loclists
                0x00001555       0x38 ./Application/User/stm32l5xx_it.o
 .debug_loclists
                0x0000158d      0x393 ./Drivers/BSP/STM32L5xx_Nucleo/stm32l5xx_nucleo.o
 .debug_loclists
                0x00001920       0xa0 ./Drivers/CMSIS/system_stm32l5xx_s.o
 .debug_loclists
                0x000019c0      0x247 ./Drivers/STM32L5xx_HAL_Driver/stm32l5xx_hal.o
 .debug_loclists
                0x00001c07      0x4a0 ./Drivers/STM32L5xx_HAL_Driver/stm32l5xx_hal_cortex.o
 .debug_loclists
                0x000020a7      0x651 ./Drivers/STM32L5xx_HAL_Driver/stm32l5xx_hal_dma.o
 .debug_loclists
                0x000026f8      0x86d ./Drivers/STM32L5xx_HAL_Driver/stm32l5xx_hal_exti.o
 .debug_loclists
                0x00002f65      0x270 ./Drivers/STM32L5xx_HAL_Driver/stm32l5xx_hal_gpio.o
 .debug_loclists
                0x000031d5      0xde8 ./Drivers/STM32L5xx_HAL_Driver/stm32l5xx_hal_gtzc.o
 .debug_loclists
                0x00003fbd      0x291 ./Drivers/STM32L5xx_HAL_Driver/stm32l5xx_hal_icache.o
 .debug_loclists
                0x0000424e      0x17c ./Drivers/STM32L5xx_HAL_Driver/stm32l5xx_hal_pwr.o
 .debug_loclists
                0x000043ca      0x48d ./Drivers/STM32L5xx_HAL_Driver/stm32l5xx_hal_pwr_ex.o
 .debug_loclists
                0x00004857      0x6aa ./Drivers/STM32L5xx_HAL_Driver/stm32l5xx_hal_rcc.o
 .debug_loclists
                0x00004f01     0x3550 ./Drivers/STM32L5xx_HAL_Driver/stm32l5xx_hal_uart.o
 .debug_loclists
                0x00008451      0x7ab ./Drivers/STM32L5xx_HAL_Driver/stm32l5xx_hal_uart_ex.o
 .debug_loclists
                0x00008bfc       0xce ./Middlewares/FreeRTOS/secure_context.o
 .debug_loclists
                0x00008cca       0x47 ./Middlewares/FreeRTOS/secure_context_port.o
 .debug_loclists
                0x00008d11      0x334 ./Middlewares/FreeRTOS/secure_heap.o
 .debug_loclists
                0x00009045       0x1e ./Middlewares/FreeRTOS/secure_init.o

.debug_macro    0x00000000    0x2aed8
 .debug_macro   0x00000000      0x170 ./Application/User/Aesnew/aes.o
 .debug_macro   0x00000170      0xae4 ./Application/User/Aesnew/aes.o
 .debug_macro   0x00000c54       0x22 ./Application/User/Aesnew/aes.o
 .debug_macro   0x00000c76       0x5b ./Application/User/Aesnew/aes.o
 .debug_macro   0x00000cd1       0x2a ./Application/User/Aesnew/aes.o
 .debug_macro   0x00000cfb       0x94 ./Application/User/Aesnew/aes.o
 .debug_macro   0x00000d8f       0x43 ./Application/User/Aesnew/aes.o
 .debug_macro   0x00000dd2       0x34 ./Application/User/Aesnew/aes.o
 .debug_macro   0x00000e06      0x190 ./Application/User/Aesnew/aes.o
 .debug_macro   0x00000f96       0x57 ./Application/User/Aesnew/aes.o
 .debug_macro   0x00000fed      0x370 ./Application/User/Aesnew/aes.o
 .debug_macro   0x0000135d       0x16 ./Application/User/Aesnew/aes.o
 .debug_macro   0x00001373       0x4a ./Application/User/Aesnew/aes.o
 .debug_macro   0x000013bd       0x34 ./Application/User/Aesnew/aes.o
 .debug_macro   0x000013f1       0x10 ./Application/User/Aesnew/aes.o
 .debug_macro   0x00001401       0x58 ./Application/User/Aesnew/aes.o
 .debug_macro   0x00001459       0x8e ./Application/User/Aesnew/aes.o
 .debug_macro   0x000014e7       0x1c ./Application/User/Aesnew/aes.o
 .debug_macro   0x00001503      0x185 ./Application/User/Aesnew/aes.o
 .debug_macro   0x00001688       0x10 ./Application/User/Aesnew/aes.o
 .debug_macro   0x00001698       0x3c ./Application/User/Aesnew/aes.o
 .debug_macro   0x000016d4       0x20 ./Application/User/Aesnew/aes.o
 .debug_macro   0x000016f4      0x103 ./Application/User/Aesnew/aes.o
 .debug_macro   0x000017f7       0x6a ./Application/User/Aesnew/aes.o
 .debug_macro   0x00001861      0x1df ./Application/User/Aesnew/aes.o
 .debug_macro   0x00001a40       0x2e ./Application/User/Aesnew/aes.o
 .debug_macro   0x00001a6e      0x181 ./Application/User/Crypto/hmac-sha256/hmac-sha256.o
 .debug_macro   0x00001bef      0x119 ./Application/User/Crypto/hmac-sha256/hmac-sha256.o
 .debug_macro   0x00001d08       0x1c ./Application/User/Crypto/hmac-sha256/hmac-sha256.o
 .debug_macro   0x00001d24       0x10 ./Application/User/Crypto/hmac-sha256/hmac-sha256.o
 .debug_macro   0x00001d34       0x16 ./Application/User/Crypto/hmac-sha256/hmac-sha256.o
 .debug_macro   0x00001d4a       0x16 ./Application/User/Crypto/hmac-sha256/hmac-sha256.o
 .debug_macro   0x00001d60      0x146 ./Application/User/Crypto/hmac-sha256/hmac-sha256.o
 .debug_macro   0x00001ea6       0x16 ./Application/User/Crypto/hmac-sha256/hmac-sha256.o
 .debug_macro   0x00001ebc       0x16 ./Application/User/Crypto/hmac-sha256/hmac-sha256.o
 .debug_macro   0x00001ed2       0x29 ./Application/User/Crypto/hmac-sha256/hmac-sha256.o
 .debug_macro   0x00001efb      0x315 ./Application/User/main.o
 .debug_macro   0x00002210       0x16 ./Application/User/main.o
 .debug_macro   0x00002226      0x19c ./Application/User/main.o
 .debug_macro   0x000023c2       0x63 ./Application/User/main.o
 .debug_macro   0x00002425       0x2e ./Application/User/main.o
 .debug_macro   0x00002453       0x42 ./Application/User/main.o
 .debug_macro   0x00002495       0x1c ./Application/User/main.o
 .debug_macro   0x000024b1       0x29 ./Application/User/main.o
 .debug_macro   0x000024da       0xfb ./Application/User/main.o
 .debug_macro   0x000025d5     0x1486 ./Application/User/main.o
 .debug_macro   0x00003a5b       0x5e ./Application/User/main.o
 .debug_macro   0x00003ab9    0x1aca2 ./Application/User/main.o
 .debug_macro   0x0001e75b       0x6c ./Application/User/main.o
 .debug_macro   0x0001e7c7     0x353c ./Application/User/main.o
 .debug_macro   0x00021d03       0x5d ./Application/User/main.o
 .debug_macro   0x00021d60     0x1995 ./Application/User/main.o
 .debug_macro   0x000236f5      0xa52 ./Application/User/main.o
 .debug_macro   0x00024147      0x1e4 ./Application/User/main.o
 .debug_macro   0x0002432b      0x1d8 ./Application/User/main.o
 .debug_macro   0x00024503      0x50b ./Application/User/main.o
 .debug_macro   0x00024a0e      0x1ab ./Application/User/main.o
 .debug_macro   0x00024bb9       0x4a ./Application/User/main.o
 .debug_macro   0x00024c03      0x1b9 ./Application/User/main.o
 .debug_macro   0x00024dbc      0x23e ./Application/User/main.o
 .debug_macro   0x00024ffa      0x432 ./Application/User/main.o
 .debug_macro   0x0002542c       0x4f ./Application/User/main.o
 .debug_macro   0x0002547b      0x131 ./Application/User/main.o
 .debug_macro   0x000255ac      0x325 ./Application/User/main.o
 .debug_macro   0x000258d1      0x22c ./Application/User/main.o
 .debug_macro   0x00025afd       0x5b ./Application/User/main.o
 .debug_macro   0x00025b58       0xa5 ./Application/User/main.o
 .debug_macro   0x00025bfd       0xc9 ./Application/User/main.o
 .debug_macro   0x00025cc6      0x1a7 ./Application/User/main.o
 .debug_macro   0x00025e6d      0x487 ./Application/User/main.o
 .debug_macro   0x000262f4      0xabb ./Application/User/main.o
 .debug_macro   0x00026daf      0x184 ./Application/User/main.o
 .debug_macro   0x00026f33      0x693 ./Application/User/main.o
 .debug_macro   0x000275c6       0xa6 ./Application/User/main.o
 .debug_macro   0x0002766c      0x445 ./Application/User/main.o
 .debug_macro   0x00027ab1       0x22 ./Application/User/main.o
 .debug_macro   0x00027ad3       0x52 ./Application/User/main.o
 .debug_macro   0x00027b25      0x14c ./Application/User/main.o
 .debug_macro   0x00027c71       0x16 ./Application/User/main.o
 .debug_macro   0x00027c87      0x4c9 ./Application/User/secure_nsc.o
 .debug_macro   0x00028150       0x70 ./Application/User/secure_nsc.o
 .debug_macro   0x000281c0      0x11f ./Application/User/secure_nsc.o
 .debug_macro   0x000282df      0x237 ./Application/User/stm32l5xx_hal_msp.o
 .debug_macro   0x00028516      0x241 ./Application/User/stm32l5xx_it.o
 .debug_macro   0x00028757      0x234 ./Drivers/BSP/STM32L5xx_Nucleo/stm32l5xx_nucleo.o
 .debug_macro   0x0002898b       0x1c ./Drivers/BSP/STM32L5xx_Nucleo/stm32l5xx_nucleo.o
 .debug_macro   0x000289a7      0x226 ./Drivers/CMSIS/system_stm32l5xx_s.o
 .debug_macro   0x00028bcd      0x17d ./Drivers/CMSIS/system_stm32l5xx_s.o
 .debug_macro   0x00028d4a      0x23d ./Drivers/STM32L5xx_HAL_Driver/stm32l5xx_hal.o
 .debug_macro   0x00028f87      0x20d ./Drivers/STM32L5xx_HAL_Driver/stm32l5xx_hal_cortex.o
 .debug_macro   0x00029194      0x20d ./Drivers/STM32L5xx_HAL_Driver/stm32l5xx_hal_dma.o
 .debug_macro   0x000293a1      0x225 ./Drivers/STM32L5xx_HAL_Driver/stm32l5xx_hal_exti.o
 .debug_macro   0x000295c6      0x213 ./Drivers/STM32L5xx_HAL_Driver/stm32l5xx_hal_gpio.o
 .debug_macro   0x000297d9      0x27f ./Drivers/STM32L5xx_HAL_Driver/stm32l5xx_hal_gtzc.o
 .debug_macro   0x00029a58      0x23f ./Drivers/STM32L5xx_HAL_Driver/stm32l5xx_hal_icache.o
 .debug_macro   0x00029c97      0x225 ./Drivers/STM32L5xx_HAL_Driver/stm32l5xx_hal_pwr.o
 .debug_macro   0x00029ebc      0x23d ./Drivers/STM32L5xx_HAL_Driver/stm32l5xx_hal_pwr_ex.o
 .debug_macro   0x0002a0f9      0x237 ./Drivers/STM32L5xx_HAL_Driver/stm32l5xx_hal_rcc.o
 .debug_macro   0x0002a330      0x238 ./Drivers/STM32L5xx_HAL_Driver/stm32l5xx_hal_uart.o
 .debug_macro   0x0002a568      0x219 ./Drivers/STM32L5xx_HAL_Driver/stm32l5xx_hal_uart_ex.o
 .debug_macro   0x0002a781      0x16c ./Middlewares/FreeRTOS/secure_context.o
 .debug_macro   0x0002a8ed      0x174 ./Middlewares/FreeRTOS/secure_context.o
 .debug_macro   0x0002aa61      0x11c ./Middlewares/FreeRTOS/secure_context.o
 .debug_macro   0x0002ab7d       0x9b ./Middlewares/FreeRTOS/secure_context.o
 .debug_macro   0x0002ac18       0x85 ./Middlewares/FreeRTOS/secure_context_port.o
 .debug_macro   0x0002ac9d      0x16b ./Middlewares/FreeRTOS/secure_heap.o
 .debug_macro   0x0002ae08       0xd0 ./Middlewares/FreeRTOS/secure_init.o

.comment        0x00000000       0x43
 .comment       0x00000000       0x43 ./Application/User/Aesnew/aes.o
                                 0x44 (size before relaxing)
 .comment       0x00000043        0x0 ./Application/User/Crypto/hmac-sha256/hmac-sha256.o
                                 0x44 (size before relaxing)
 .comment       0x00000043        0x0 ./Application/User/main.o
                                 0x44 (size before relaxing)
 .comment       0x00000043        0x0 ./Application/User/secure_nsc.o
                                 0x44 (size before relaxing)
 .comment       0x00000043        0x0 ./Application/User/stm32l5xx_hal_msp.o
                                 0x44 (size before relaxing)
 .comment       0x00000043        0x0 ./Application/User/stm32l5xx_it.o
                                 0x44 (size before relaxing)
 .comment       0x00000043        0x0 ./Drivers/BSP/STM32L5xx_Nucleo/stm32l5xx_nucleo.o
                                 0x44 (size before relaxing)
 .comment       0x00000043        0x0 ./Drivers/CMSIS/system_stm32l5xx_s.o
                                 0x44 (size before relaxing)
 .comment       0x00000043        0x0 ./Drivers/STM32L5xx_HAL_Driver/stm32l5xx_hal.o
                                 0x44 (size before relaxing)
 .comment       0x00000043        0x0 ./Drivers/STM32L5xx_HAL_Driver/stm32l5xx_hal_cortex.o
                                 0x44 (size before relaxing)
 .comment       0x00000043        0x0 ./Drivers/STM32L5xx_HAL_Driver/stm32l5xx_hal_dma.o
                                 0x44 (size before relaxing)
 .comment       0x00000043        0x0 ./Drivers/STM32L5xx_HAL_Driver/stm32l5xx_hal_exti.o
                                 0x44 (size before relaxing)
 .comment       0x00000043        0x0 ./Drivers/STM32L5xx_HAL_Driver/stm32l5xx_hal_gpio.o
                                 0x44 (size before relaxing)
 .comment       0x00000043        0x0 ./Drivers/STM32L5xx_HAL_Driver/stm32l5xx_hal_gtzc.o
                                 0x44 (size before relaxing)
 .comment       0x00000043        0x0 ./Drivers/STM32L5xx_HAL_Driver/stm32l5xx_hal_icache.o
                                 0x44 (size before relaxing)
 .comment       0x00000043        0x0 ./Drivers/STM32L5xx_HAL_Driver/stm32l5xx_hal_pwr.o
                                 0x44 (size before relaxing)
 .comment       0x00000043        0x0 ./Drivers/STM32L5xx_HAL_Driver/stm32l5xx_hal_pwr_ex.o
                                 0x44 (size before relaxing)
 .comment       0x00000043        0x0 ./Drivers/STM32L5xx_HAL_Driver/stm32l5xx_hal_rcc.o
                                 0x44 (size before relaxing)
 .comment       0x00000043        0x0 ./Drivers/STM32L5xx_HAL_Driver/stm32l5xx_hal_uart.o
                                 0x44 (size before relaxing)
 .comment       0x00000043        0x0 ./Drivers/STM32L5xx_HAL_Driver/stm32l5xx_hal_uart_ex.o
                                 0x44 (size before relaxing)
 .comment       0x00000043        0x0 ./Middlewares/FreeRTOS/secure_context.o
                                 0x44 (size before relaxing)
 .comment       0x00000043        0x0 ./Middlewares/FreeRTOS/secure_context_port.o
                                 0x44 (size before relaxing)
 .comment       0x00000043        0x0 ./Middlewares/FreeRTOS/secure_heap.o
                                 0x44 (size before relaxing)
 .comment       0x00000043        0x0 ./Middlewares/FreeRTOS/secure_init.o
                                 0x44 (size before relaxing)

.debug_frame    0x00000000     0x233c
 .debug_frame   0x00000000      0x194 ./Application/User/Aesnew/aes.o
 .debug_frame   0x00000194      0x11c ./Application/User/Crypto/hmac-sha256/hmac-sha256.o
 .debug_frame   0x000002b0       0x3c ./Application/User/main.o
 .debug_frame   0x000002ec       0x5c ./Application/User/secure_nsc.o
 .debug_frame   0x00000348       0x2c ./Application/User/stm32l5xx_hal_msp.o
 .debug_frame   0x00000374       0xd0 ./Application/User/stm32l5xx_it.o
 .debug_frame   0x00000444      0x1e0 ./Drivers/BSP/STM32L5xx_Nucleo/stm32l5xx_nucleo.o
 .debug_frame   0x00000624       0x54 ./Drivers/CMSIS/system_stm32l5xx_s.o
 .debug_frame   0x00000678      0x2a0 ./Drivers/STM32L5xx_HAL_Driver/stm32l5xx_hal.o
 .debug_frame   0x00000918      0x208 ./Drivers/STM32L5xx_HAL_Driver/stm32l5xx_hal_cortex.o
 .debug_frame   0x00000b20      0x1a8 ./Drivers/STM32L5xx_HAL_Driver/stm32l5xx_hal_dma.o
 .debug_frame   0x00000cc8      0x124 ./Drivers/STM32L5xx_HAL_Driver/stm32l5xx_hal_exti.o
 .debug_frame   0x00000dec      0x104 ./Drivers/STM32L5xx_HAL_Driver/stm32l5xx_hal_gpio.o
 .debug_frame   0x00000ef0      0x1ec ./Drivers/STM32L5xx_HAL_Driver/stm32l5xx_hal_gtzc.o
 .debug_frame   0x000010dc      0x160 ./Drivers/STM32L5xx_HAL_Driver/stm32l5xx_hal_icache.o
 .debug_frame   0x0000123c      0x138 ./Drivers/STM32L5xx_HAL_Driver/stm32l5xx_hal_pwr.o
 .debug_frame   0x00001374      0x36c ./Drivers/STM32L5xx_HAL_Driver/stm32l5xx_hal_pwr_ex.o
 .debug_frame   0x000016e0      0x1b4 ./Drivers/STM32L5xx_HAL_Driver/stm32l5xx_hal_rcc.o
 .debug_frame   0x00001894      0x6d4 ./Drivers/STM32L5xx_HAL_Driver/stm32l5xx_hal_uart.o
 .debug_frame   0x00001f68      0x1a8 ./Drivers/STM32L5xx_HAL_Driver/stm32l5xx_hal_uart_ex.o
 .debug_frame   0x00002110       0x64 ./Middlewares/FreeRTOS/secure_context.o
 .debug_frame   0x00002174       0x30 ./Middlewares/FreeRTOS/secure_context_port.o
 .debug_frame   0x000021a4       0x90 ./Middlewares/FreeRTOS/secure_heap.o
 .debug_frame   0x00002234       0x30 ./Middlewares/FreeRTOS/secure_init.o
 .debug_frame   0x00002264       0x20 C:/ST/STM32CubeIDE_2.0.0/STM32CubeIDE/plugins/com.st.stm32cube.ide.mcu.externaltools.gnu-tools-for-stm32.13.3.rel1.win32_1.0.100.202509120712/tools/bin/../lib/gcc/arm-none-eabi/13.3.1/../../../../arm-none-eabi/lib/thumb/v8-m.main+fp/hard\libc_nano.a(libc_a-memset.o)
 .debug_frame   0x00002284       0x2c C:/ST/STM32CubeIDE_2.0.0/STM32CubeIDE/plugins/com.st.stm32cube.ide.mcu.externaltools.gnu-tools-for-stm32.13.3.rel1.win32_1.0.100.202509120712/tools/bin/../lib/gcc/arm-none-eabi/13.3.1/../../../../arm-none-eabi/lib/thumb/v8-m.main+fp/hard\libc_nano.a(libc_a-init.o)
 .debug_frame   0x000022b0       0x28 C:/ST/STM32CubeIDE_2.0.0/STM32CubeIDE/plugins/com.st.stm32cube.ide.mcu.externaltools.gnu-tools-for-stm32.13.3.rel1.win32_1.0.100.202509120712/tools/bin/../lib/gcc/arm-none-eabi/13.3.1/../../../../arm-none-eabi/lib/thumb/v8-m.main+fp/hard\libc_nano.a(libc_a-memcpy-stub.o)
 .debug_frame   0x000022d8       0x2c C:/ST/STM32CubeIDE_2.0.0/STM32CubeIDE/plugins/com.st.stm32cube.ide.mcu.externaltools.gnu-tools-for-stm32.13.3.rel1.win32_1.0.100.202509120712/tools/bin/../lib/gcc/arm-none-eabi/13.3.1/thumb/v8-m.main+fp/hard\libgcc.a(_aeabi_uldivmod.o)
 .debug_frame   0x00002304       0x38 C:/ST/STM32CubeIDE_2.0.0/STM32CubeIDE/plugins/com.st.stm32cube.ide.mcu.externaltools.gnu-tools-for-stm32.13.3.rel1.win32_1.0.100.202509120712/tools/bin/../lib/gcc/arm-none-eabi/13.3.1/thumb/v8-m.main+fp/hard\libgcc.a(_udivmoddi4.o)
