C:/Users/PC/STM32CubeIDE/workspace_2.0.0/freertos/Middlewares/Third_Party/FreeRTOS/Source/portable/GCC/ARM_CM33/non_secure/portasm.c:42:6:vRestoreContextOfFirstTask	0	static,ignoring_inline_asm
C:/Users/PC/STM32CubeIDE/workspace_2.0.0/freertos/Middlewares/Third_Party/FreeRTOS/Source/portable/GCC/ARM_CM33/non_secure/portasm.c:114:12:xIsPrivileged	0	static,ignoring_inline_asm
C:/Users/PC/STM32CubeIDE/workspace_2.0.0/freertos/Middlewares/Third_Party/FreeRTOS/Source/portable/GCC/ARM_CM33/non_secure/portasm.c:131:6:vRaisePrivilege	0	static,ignoring_inline_asm
C:/Users/PC/STM32CubeIDE/workspace_2.0.0/freertos/Middlewares/Third_Party/FreeRTOS/Source/portable/GCC/ARM_CM33/non_secure/portasm.c:144:6:vResetPrivilege	0	static,ignoring_inline_asm
C:/Users/PC/STM32CubeIDE/workspace_2.0.0/freertos/Middlewares/Third_Party/FreeRTOS/Source/portable/GCC/ARM_CM33/non_secure/portasm.c:157:6:vStartFirstTask	0	static,ignoring_inline_asm
C:/Users/PC/STM32CubeIDE/workspace_2.0.0/freertos/Middlewares/Third_Party/FreeRTOS/Source/portable/GCC/ARM_CM33/non_secure/portasm.c:179:10:ulSetInterruptMask	0	static,ignoring_inline_asm
C:/Users/PC/STM32CubeIDE/workspace_2.0.0/freertos/Middlewares/Third_Party/FreeRTOS/Source/portable/GCC/ARM_CM33/non_secure/portasm.c:194:6:vClearInterruptMask	0	static,ignoring_inline_asm
C:/Users/PC/STM32CubeIDE/workspace_2.0.0/freertos/Middlewares/Third_Party/FreeRTOS/Source/portable/GCC/ARM_CM33/non_secure/portasm.c:207:6:PendSV_Handler	0	static,ignoring_inline_asm
C:/Users/PC/STM32CubeIDE/workspace_2.0.0/freertos/Middlewares/Third_Party/FreeRTOS/Source/portable/GCC/ARM_CM33/non_secure/portasm.c:369:6:SVC_Handler	0	static,ignoring_inline_asm
C:/Users/PC/STM32CubeIDE/workspace_2.0.0/freertos/Middlewares/Third_Party/FreeRTOS/Source/portable/GCC/ARM_CM33/non_secure/portasm.c:386:6:vPortAllocateSecureContext	0	static,ignoring_inline_asm
C:/Users/PC/STM32CubeIDE/workspace_2.0.0/freertos/Middlewares/Third_Party/FreeRTOS/Source/portable/GCC/ARM_CM33/non_secure/portasm.c:397:6:vPortFreeSecureContext	0	static,ignoring_inline_asm
