C:/Users/laoam/OneDrive/Documents/stm32/workspace/freertostrustzone-master/freertostrustzone-master/Middlewares/Third_Party/FreeRTOS/Source/portable/GCC/ARM_CM33/non_secure/port.c:565:13:prvTaskExitError	16	static
C:/Users/laoam/OneDrive/Documents/stm32/workspace/freertostrustzone-master/freertostrustzone-master/Middlewares/Third_Party/FreeRTOS/Source/portable/GCC/ARM_CM33/non_secure/port.c:544:30:vPortSetupTimerInterrupt	0	static
C:/Users/laoam/OneDrive/Documents/stm32/workspace/freertostrustzone-master/freertostrustzone-master/Middlewares/Third_Party/FreeRTOS/Source/portable/GCC/ARM_CM33/non_secure/port.c:700:6:vPortYield	0	static,ignoring_inline_asm
C:/Users/laoam/OneDrive/Documents/stm32/workspace/freertostrustzone-master/freertostrustzone-master/Middlewares/Third_Party/FreeRTOS/Source/portable/GCC/ARM_CM33/non_secure/port.c:712:6:vPortEnterCritical	8	static,ignoring_inline_asm
C:/Users/laoam/OneDrive/Documents/stm32/workspace/freertostrustzone-master/freertostrustzone-master/Middlewares/Third_Party/FreeRTOS/Source/portable/GCC/ARM_CM33/non_secure/port.c:724:6:vPortExitCritical	8	static
C:/Users/laoam/OneDrive/Documents/stm32/workspace/freertostrustzone-master/freertostrustzone-master/Middlewares/Third_Party/FreeRTOS/Source/portable/GCC/ARM_CM33/non_secure/port.c:736:6:xPortSysTickHandler	8	static
C:/Users/laoam/OneDrive/Documents/stm32/workspace/freertostrustzone-master/freertostrustzone-master/Middlewares/Third_Party/FreeRTOS/Source/portable/GCC/ARM_CM33/non_secure/port.c:753:6:vPortSVCHandler_C	8	static
C:/Users/laoam/OneDrive/Documents/stm32/workspace/freertostrustzone-master/freertostrustzone-master/Middlewares/Third_Party/FreeRTOS/Source/portable/GCC/ARM_CM33/non_secure/port.c:879:15:pxPortInitialiseStack	8	static
C:/Users/laoam/OneDrive/Documents/stm32/workspace/freertostrustzone-master/freertostrustzone-master/Middlewares/Third_Party/FreeRTOS/Source/portable/GCC/ARM_CM33/non_secure/port.c:988:12:xPortStartScheduler	8	static
C:/Users/laoam/OneDrive/Documents/stm32/workspace/freertostrustzone-master/freertostrustzone-master/Middlewares/Third_Party/FreeRTOS/Source/portable/GCC/ARM_CM33/non_secure/port.c:1025:6:vPortEndScheduler	8	static
C:/Users/laoam/OneDrive/Documents/stm32/workspace/freertostrustzone-master/freertostrustzone-master/Middlewares/Third_Party/FreeRTOS/Source/portable/GCC/ARM_CM33/non_secure/port.c:1128:12:xPortIsInsideInterrupt	0	static,ignoring_inline_asm
