C:/Users/laoam/OneDrive/Documents/stm32/workspace/freertostrustzone-master/freertostrustzone-master/Secure/Src/system_stm32l5xx_s.c:224:6:SystemInit	8	static
C:/Users/laoam/OneDrive/Documents/stm32/workspace/freertostrustzone-master/freertostrustzone-master/Secure/Src/system_stm32l5xx_s.c:288:6:SystemCoreClockUpdate	0	static
C:/Users/laoam/OneDrive/Documents/stm32/workspace/freertostrustzone-master/freertostrustzone-master/Secure/Src/system_stm32l5xx_s.c:365:24:SECURE_SystemCoreClockUpdate	8	static
