Archive member included to satisfy reference by file (symbol)

C:/ST/STM32CubeIDE_2.0.0/STM32CubeIDE/plugins/com.st.stm32cube.ide.mcu.externaltools.gnu-tools-for-stm32.13.3.rel1.win32_1.0.100.202509120712/tools/bin/../lib/gcc/arm-none-eabi/13.3.1/../../../../arm-none-eabi/lib/thumb/v8-m.main+fp/hard\libc_nano.a(libc_a-calloc.o)
                              ./Application/User/main.o (calloc)
C:/ST/STM32CubeIDE_2.0.0/STM32CubeIDE/plugins/com.st.stm32cube.ide.mcu.externaltools.gnu-tools-for-stm32.13.3.rel1.win32_1.0.100.202509120712/tools/bin/../lib/gcc/arm-none-eabi/13.3.1/../../../../arm-none-eabi/lib/thumb/v8-m.main+fp/hard\libc_nano.a(libc_a-callocr.o)
                              C:/ST/STM32CubeIDE_2.0.0/STM32CubeIDE/plugins/com.st.stm32cube.ide.mcu.externaltools.gnu-tools-for-stm32.13.3.rel1.win32_1.0.100.202509120712/tools/bin/../lib/gcc/arm-none-eabi/13.3.1/../../../../arm-none-eabi/lib/thumb/v8-m.main+fp/hard\libc_nano.a(libc_a-calloc.o) (_calloc_r)
C:/ST/STM32CubeIDE_2.0.0/STM32CubeIDE/plugins/com.st.stm32cube.ide.mcu.externaltools.gnu-tools-for-stm32.13.3.rel1.win32_1.0.100.202509120712/tools/bin/../lib/gcc/arm-none-eabi/13.3.1/../../../../arm-none-eabi/lib/thumb/v8-m.main+fp/hard\libc_nano.a(libc_a-exit.o)
                              C:/ST/STM32CubeIDE_2.0.0/STM32CubeIDE/plugins/com.st.stm32cube.ide.mcu.externaltools.gnu-tools-for-stm32.13.3.rel1.win32_1.0.100.202509120712/tools/bin/../lib/gcc/arm-none-eabi/13.3.1/../../../../arm-none-eabi/lib/thumb/v8-m.main+fp/hard/crt0.o (exit)
C:/ST/STM32CubeIDE_2.0.0/STM32CubeIDE/plugins/com.st.stm32cube.ide.mcu.externaltools.gnu-tools-for-stm32.13.3.rel1.win32_1.0.100.202509120712/tools/bin/../lib/gcc/arm-none-eabi/13.3.1/../../../../arm-none-eabi/lib/thumb/v8-m.main+fp/hard\libc_nano.a(libc_a-malloc.o)
                              ./Application/User/main.o (free)
C:/ST/STM32CubeIDE_2.0.0/STM32CubeIDE/plugins/com.st.stm32cube.ide.mcu.externaltools.gnu-tools-for-stm32.13.3.rel1.win32_1.0.100.202509120712/tools/bin/../lib/gcc/arm-none-eabi/13.3.1/../../../../arm-none-eabi/lib/thumb/v8-m.main+fp/hard\libc_nano.a(libc_a-mallocr.o)
                              C:/ST/STM32CubeIDE_2.0.0/STM32CubeIDE/plugins/com.st.stm32cube.ide.mcu.externaltools.gnu-tools-for-stm32.13.3.rel1.win32_1.0.100.202509120712/tools/bin/../lib/gcc/arm-none-eabi/13.3.1/../../../../arm-none-eabi/lib/thumb/v8-m.main+fp/hard\libc_nano.a(libc_a-callocr.o) (_malloc_r)
C:/ST/STM32CubeIDE_2.0.0/STM32CubeIDE/plugins/com.st.stm32cube.ide.mcu.externaltools.gnu-tools-for-stm32.13.3.rel1.win32_1.0.100.202509120712/tools/bin/../lib/gcc/arm-none-eabi/13.3.1/../../../../arm-none-eabi/lib/thumb/v8-m.main+fp/hard\libc_nano.a(libc_a-mlock.o)
                              C:/ST/STM32CubeIDE_2.0.0/STM32CubeIDE/plugins/com.st.stm32cube.ide.mcu.externaltools.gnu-tools-for-stm32.13.3.rel1.win32_1.0.100.202509120712/tools/bin/../lib/gcc/arm-none-eabi/13.3.1/../../../../arm-none-eabi/lib/thumb/v8-m.main+fp/hard\libc_nano.a(libc_a-mallocr.o) (__malloc_lock)
C:/ST/STM32CubeIDE_2.0.0/STM32CubeIDE/plugins/com.st.stm32cube.ide.mcu.externaltools.gnu-tools-for-stm32.13.3.rel1.win32_1.0.100.202509120712/tools/bin/../lib/gcc/arm-none-eabi/13.3.1/../../../../arm-none-eabi/lib/thumb/v8-m.main+fp/hard\libc_nano.a(libc_a-findfp.o)
                              C:/ST/STM32CubeIDE_2.0.0/STM32CubeIDE/plugins/com.st.stm32cube.ide.mcu.externaltools.gnu-tools-for-stm32.13.3.rel1.win32_1.0.100.202509120712/tools/bin/../lib/gcc/arm-none-eabi/13.3.1/../../../../arm-none-eabi/lib/thumb/v8-m.main+fp/hard\libc_nano.a(libc_a-exit.o) (__stdio_exit_handler)
C:/ST/STM32CubeIDE_2.0.0/STM32CubeIDE/plugins/com.st.stm32cube.ide.mcu.externaltools.gnu-tools-for-stm32.13.3.rel1.win32_1.0.100.202509120712/tools/bin/../lib/gcc/arm-none-eabi/13.3.1/../../../../arm-none-eabi/lib/thumb/v8-m.main+fp/hard\libc_nano.a(libc_a-fwalk.o)
                              C:/ST/STM32CubeIDE_2.0.0/STM32CubeIDE/plugins/com.st.stm32cube.ide.mcu.externaltools.gnu-tools-for-stm32.13.3.rel1.win32_1.0.100.202509120712/tools/bin/../lib/gcc/arm-none-eabi/13.3.1/../../../../arm-none-eabi/lib/thumb/v8-m.main+fp/hard\libc_nano.a(libc_a-findfp.o) (_fwalk_sglue)
C:/ST/STM32CubeIDE_2.0.0/STM32CubeIDE/plugins/com.st.stm32cube.ide.mcu.externaltools.gnu-tools-for-stm32.13.3.rel1.win32_1.0.100.202509120712/tools/bin/../lib/gcc/arm-none-eabi/13.3.1/../../../../arm-none-eabi/lib/thumb/v8-m.main+fp/hard\libc_nano.a(libc_a-printf.o)
                              ./Application/User/main.o (printf)
C:/ST/STM32CubeIDE_2.0.0/STM32CubeIDE/plugins/com.st.stm32cube.ide.mcu.externaltools.gnu-tools-for-stm32.13.3.rel1.win32_1.0.100.202509120712/tools/bin/../lib/gcc/arm-none-eabi/13.3.1/../../../../arm-none-eabi/lib/thumb/v8-m.main+fp/hard\libc_nano.a(libc_a-puts.o)
                              ./Application/User/main.o (puts)
[...]
Memory Configuration

Name             Origin             Length             Attributes
RAM              0x20018000         0x00018000         xrw
ROM              0x08040000         0x00040000         xr
*default*        0x00000000         0xffffffff

Linker script and memory map

LOAD C:/ST/STM32CubeIDE_2.0.0/STM32CubeIDE/plugins/com.st.stm32cube.ide.mcu.externaltools.gnu-tools-for-stm32.13.3.rel1.win32_1.0.100.202509120712/tools/bin/../lib/gcc/arm-none-eabi/13.3.1/thumb/v8-m.main+fp/hard/crti.o
LOAD C:/ST/STM32CubeIDE_2.0.0/STM32CubeIDE/plugins/com.st.stm32cube.ide.mcu.externaltools.gnu-tools-for-stm32.13.3.rel1.win32_1.0.100.202509120712/tools/bin/../lib/gcc/arm-none-eabi/13.3.1/thumb/v8-m.main+fp/hard/crtbegin.o
LOAD C:/ST/STM32CubeIDE_2.0.0/STM32CubeIDE/plugins/com.st.stm32cube.ide.mcu.externaltools.gnu-tools-for-stm32.13.3.rel1.win32_1.0.100.202509120712/tools/bin/../lib/gcc/arm-none-eabi/13.3.1/../../../../arm-none-eabi/lib/thumb/v8-m.main+fp/hard/crt0.o
LOAD ./Application/Startup/startup_stm32l552zetxq.o
LOAD ./Application/User/app_freertos.o
LOAD ./Application/User/main.o
LOAD ./Application/User/stm32l5xx_hal_msp.o
LOAD ./Application/User/stm32l5xx_hal_timebase_tim.o
LOAD ./Application/User/stm32l5xx_it.o
LOAD ./Application/User/syscalls.o
LOAD ./Application/User/sysmem.o
LOAD ./Drivers/BSP/STM32L5xx_Nucleo/stm32l5xx_nucleo.o
LOAD ./Drivers/CMSIS/system_stm32l5xx_ns.o
LOAD ./Drivers/STM32L5xx_HAL_Driver/stm32l5xx_hal.o
LOAD ./Drivers/STM32L5xx_HAL_Driver/stm32l5xx_hal_cortex.o
LOAD ./Drivers/STM32L5xx_HAL_Driver/stm32l5xx_hal_dma.o
LOAD ./Drivers/STM32L5xx_HAL_Driver/stm32l5xx_hal_dma_ex.o
LOAD ./Drivers/STM32L5xx_HAL_Driver/stm32l5xx_hal_exti.o
LOAD ./Drivers/STM32L5xx_HAL_Driver/stm32l5xx_hal_flash.o
LOAD ./Drivers/STM32L5xx_HAL_Driver/stm32l5xx_hal_flash_ex.o
LOAD ./Drivers/STM32L5xx_HAL_Driver/stm32l5xx_hal_flash_ramfunc.o
LOAD ./Drivers/STM32L5xx_HAL_Driver/stm32l5xx_hal_gpio.o
LOAD ./Drivers/STM32L5xx_HAL_Driver/stm32l5xx_hal_i2c.o
LOAD ./Drivers/STM32L5xx_HAL_Driver/stm32l5xx_hal_i2c_ex.o
LOAD ./Drivers/STM32L5xx_HAL_Driver/stm32l5xx_hal_icache.o
LOAD ./Drivers/STM32L5xx_HAL_Driver/stm32l5xx_hal_pwr.o
LOAD ./Drivers/STM32L5xx_HAL_Driver/stm32l5xx_hal_pwr_ex.o
LOAD ./Drivers/STM32L5xx_HAL_Driver/stm32l5xx_hal_rcc.o
LOAD ./Drivers/STM32L5xx_HAL_Driver/stm32l5xx_hal_rcc_ex.o
LOAD ./Drivers/STM32L5xx_HAL_Driver/stm32l5xx_hal_tim.o
LOAD ./Drivers/STM32L5xx_HAL_Driver/stm32l5xx_hal_tim_ex.o
LOAD ./Drivers/STM32L5xx_HAL_Driver/stm32l5xx_hal_uart.o
LOAD ./Drivers/STM32L5xx_HAL_Driver/stm32l5xx_hal_uart_ex.o
LOAD ./Middlewares/FreeRTOS/cmsis_os2.o
LOAD ./Middlewares/FreeRTOS/croutine.o
LOAD ./Middlewares/FreeRTOS/event_groups.o
LOAD ./Middlewares/FreeRTOS/heap_4.o
LOAD ./Middlewares/FreeRTOS/list.o
LOAD ./Middlewares/FreeRTOS/port.o
LOAD ./Middlewares/FreeRTOS/portasm.o
LOAD ./Middlewares/FreeRTOS/queue.o
LOAD ./Middlewares/FreeRTOS/stream_buffer.o
LOAD ./Middlewares/FreeRTOS/tasks.o
LOAD ./Middlewares/FreeRTOS/timers.o
LOAD C:/Users/PC/STM32CubeIDE/workspace_2.0.0/freertos/STM32CubeIDE/Secure/Debug/secure_nsclib.o
START GROUP
LOAD C:/ST/STM32CubeIDE_2.0.0/STM32CubeIDE/plugins/com.st.stm32cube.ide.mcu.externaltools.gnu-tools-for-stm32.13.3.rel1.win32_1.0.100.202509120712/tools/bin/../lib/gcc/arm-none-eabi/13.3.1/../../../../arm-none-eabi/lib/thumb/v8-m.main+fp/hard\libc_nano.a
LOAD C:/ST/STM32CubeIDE_2.0.0/STM32CubeIDE/plugins/com.st.stm32cube.ide.mcu.externaltools.gnu-tools-for-stm32.13.3.rel1.win32_1.0.100.202509120712/tools/bin/../lib/gcc/arm-none-eabi/13.3.1/../../../../arm-none-eabi/lib/thumb/v8-m.main+fp/hard\libm.a
END GROUP
START GROUP
LOAD C:/ST/STM32CubeIDE_2.0.0/STM32CubeIDE/plugins/com.st.stm32cube.ide.mcu.externaltools.gnu-tools-for-stm32.13.3.rel1.win32_1.0.100.202509120712/tools/bin/../lib/gcc/arm-none-eabi/13.3.1/thumb/v8-m.main+fp/hard\libgcc.a
LOAD C:/ST/STM32CubeIDE_2.0.0/STM32CubeIDE/plugins/com.st.stm32cube.ide.mcu.externaltools.gnu-tools-for-stm32.13.3.rel1.win32_1.0.100.202509120712/tools/bin/../lib/gcc/arm-none-eabi/13.3.1/../../../../arm-none-eabi/lib/thumb/v8-m.main+fp/hard\libc_nano.a
END GROUP
START GROUP
LOAD C:/ST/STM32CubeIDE_2.0.0/STM32CubeIDE/plugins/com.st.stm32cube.ide.mcu.externaltools.gnu-tools-for-stm32.13.3.rel1.win32_1.0.100.202509120712/tools/bin/../lib/gcc/arm-none-eabi/13.3.1/thumb/v8-m.main+fp/hard\libgcc.a
LOAD C:/ST/STM32CubeIDE_2.0.0/STM32CubeIDE/plugins/com.st.stm32cube.ide.mcu.externaltools.gnu-tools-for-stm32.13.3.rel1.win32_1.0.100.202509120712/tools/bin/../lib/gcc/arm-none-eabi/13.3.1/../../../../arm-none-eabi/lib/thumb/v8-m.main+fp/hard\libc_nano.a
LOAD C:/ST/STM32CubeIDE_2.0.0/STM32CubeIDE/plugins/com.st.stm32cube.ide.mcu.externaltools.gnu-tools-for-stm32.13.3.rel1.win32_1.0.100.202509120712/tools/bin/../lib/gcc/arm-none-eabi/13.3.1/../../../../arm-none-eabi/lib/thumb/v8-m.main+fp/hard\libnosys.a
END GROUP
START GROUP
LOAD C:/ST/STM32CubeIDE_2.0.0/STM32CubeIDE/plugins/com.st.stm32cube.ide.mcu.externaltools.gnu-tools-for-stm32.13.3.rel1.win32_1.0.100.202509120712/tools/bin/../lib/gcc/arm-none-eabi/13.3.1/thumb/v8-m.main+fp/hard\libgcc.a
LOAD C:/ST/STM32CubeIDE_2.0.0/STM32CubeIDE/plugins/com.st.stm32cube.ide.mcu.externaltools.gnu-tools-for-stm32.13.3.rel1.win32_1.0.100.202509120712/tools/bin/../lib/gcc/arm-none-eabi/13.3.1/../../../../arm-none-eabi/lib/thumb/v8-m.main+fp/hard\libc_nano.a
LOAD C:/ST/STM32CubeIDE_2.0.0/STM32CubeIDE/plugins/com.st.stm32cube.ide.mcu.externaltools.gnu-tools-for-stm32.13.3.rel1.win32_1.0.100.202509120712/tools/bin/../lib/gcc/arm-none-eabi/13.3.1/../../../../arm-none-eabi/lib/thumb/v8-m.main+fp/hard\libnosys.a
END GROUP
LOAD C:/ST/STM32CubeIDE_2.0.0/STM32CubeIDE/plugins/com.st.stm32cube.ide.mcu.externaltools.gnu-tools-for-stm32.13.3.rel1.win32_1.0.100.202509120712/tools/bin/../lib/gcc/arm-none-eabi/13.3.1/thumb/v8-m.main+fp/hard/crtend.o
LOAD C:/ST/STM32CubeIDE_2.0.0/STM32CubeIDE/plugins/com.st.stm32cube.ide.mcu.externaltools.gnu-tools-for-stm32.13.3.rel1.win32_1.0.100.202509120712/tools/bin/../lib/gcc/arm-none-eabi/13.3.1/thumb/v8-m.main+fp/hard/crtn.o
                0x20030000                        _estack = (ORIGIN (RAM) + LENGTH (RAM))
                0x00000200                        _Min_Heap_Size = 0x200
                0x00000400                        _Min_Stack_Size = 0x400

.isr_vector     0x08040000      0x1f8
                0x08040000                        . = ALIGN (0x8)
 *(.isr_vector)
 .isr_vector    0x08040000      0x1f4 ./Application/Startup/startup_stm32l552zetxq.o
                0x08040000                g_pfnVectors
                0x080401f8                        . = ALIGN (0x8)
 *fill*         0x080401f4        0x4 

.text           0x08040200     0x5750
                0x08040200                        . = ALIGN (0x8)
 *(.text)
 .text          0x08040200       0x40 C:/ST/STM32CubeIDE_2.0.0/STM32CubeIDE/plugins/com.st.stm32cube.ide.mcu.externaltools.gnu-tools-for-stm32.13.3.rel1.win32_1.0.100.202509120712/tools/bin/../lib/gcc/arm-none-eabi/13.3.1/thumb/v8-m.main+fp/hard/crtbegin.o
 .text          0x08040240       0x30 C:/ST/STM32CubeIDE_2.0.0/STM32CubeIDE/plugins/com.st.stm32cube.ide.mcu.externaltools.gnu-tools-for-stm32.13.3.rel1.win32_1.0.100.202509120712/tools/bin/../lib/gcc/arm-none-eabi/13.3.1/thumb/v8-m.main+fp/hard\libgcc.a(_aeabi_uldivmod.o)
                0x08040240                __aeabi_uldivmod
 .text          0x08040270      0x348 C:/ST/STM32CubeIDE_2.0.0/STM32CubeIDE/plugins/com.st.stm32cube.ide.mcu.externaltools.gnu-tools-for-stm32.13.3.rel1.win32_1.0.100.202509120712/tools/bin/../lib/gcc/arm-none-eabi/13.3.1/thumb/v8-m.main+fp/hard\libgcc.a(_udivmoddi4.o)
                0x08040270                __udivmoddi4
 .text          0x080405b8        0x4 C:/ST/STM32CubeIDE_2.0.0/STM32CubeIDE/plugins/com.st.stm32cube.ide.mcu.externaltools.gnu-tools-for-stm32.13.3.rel1.win32_1.0.100.202509120712/tools/bin/../lib/gcc/arm-none-eabi/13.3.1/thumb/v8-m.main+fp/hard\libgcc.a(_dvmd_tls.o)
                0x080405b8                __aeabi_idiv0
                0x080405b8                __aeabi_ldiv0
 *(.text*)
 .text.Reset_Handler
                0x080405bc       0x50 ./Application/Startup/startup_stm32l552zetxq.o
                0x080405bc                Reset_Handler
 .text.Default_Handler
                0x0804060c        0x2 ./Application/Startup/startup_stm32l552zetxq.o
                0x0804060c                EXTI2_IRQHandler
                0x0804060c                TIM8_TRG_COM_IRQHandler
                0x0804060c                TIM8_CC_IRQHandler
                0x0804060c                EXTI5_IRQHandler
                0x0804060c                DebugMon_Handler
                0x0804060c                FLASH_S_IRQHandler
                0x0804060c                EXTI13_IRQHandler
                0x0804060c                TIM1_CC_IRQHandler
                0x0804060c                TSC_IRQHandler
                0x0804060c                HardFault_Handler
                0x0804060c                TAMP_IRQHandler
                0x0804060c                EXTI12_IRQHandler
                0x0804060c                DMA2_Channel8_IRQHandler
                0x0804060c                NMI_Handler
                0x0804060c                EXTI3_IRQHandler
                0x0804060c                EXTI8_IRQHandler
                0x0804060c                LPTIM2_IRQHandler
                0x0804060c                DFSDM1_FLT1_IRQHandler
                0x0804060c                USB_FS_IRQHandler
                0x0804060c                I2C3_ER_IRQHandler
                0x0804060c                DFSDM1_FLT2_IRQHandler
                0x0804060c                DMAMUX1_IRQHandler
                0x0804060c                LPTIM3_IRQHandler
                0x0804060c                EXTI0_IRQHandler
                0x0804060c                I2C2_EV_IRQHandler
                0x0804060c                FPU_IRQHandler
                0x0804060c                FDCAN1_IT1_IRQHandler
                0x0804060c                ADC1_2_IRQHandler
                0x0804060c                SPI1_IRQHandler
                0x0804060c                OCTOSPI1_IRQHandler
                0x0804060c                TIM8_UP_IRQHandler
                0x0804060c                RCC_S_IRQHandler
                0x0804060c                DMA2_Channel2_IRQHandler
                0x0804060c                DMA1_Channel4_IRQHandler
                0x0804060c                SAI2_IRQHandler
                0x0804060c                DFSDM1_FLT3_IRQHandler
                0x0804060c                EXTI15_IRQHandler
                0x0804060c                TIM17_IRQHandler
                0x0804060c                USART3_IRQHandler
                0x0804060c                RTC_IRQHandler
                0x0804060c                EXTI9_IRQHandler
                0x0804060c                DMA1_Channel7_IRQHandler
                0x0804060c                UART5_IRQHandler
                0x0804060c                TIM4_IRQHandler
                0x0804060c                DMA2_Channel1_IRQHandler
                0x0804060c                I2C1_EV_IRQHandler
                0x0804060c                DMA1_Channel6_IRQHandler
                0x0804060c                TIM16_IRQHandler
                0x0804060c                UART4_IRQHandler
                0x0804060c                DMA2_Channel4_IRQHandler
                0x0804060c                SecureFault_Handler
                0x0804060c                TIM3_IRQHandler
                0x0804060c                RCC_IRQHandler
                0x0804060c                TIM1_TRG_COM_IRQHandler
                0x0804060c                DMA1_Channel1_IRQHandler
                0x0804060c                Default_Handler
                0x0804060c                DMA2_Channel7_IRQHandler
                0x0804060c                DMA1_Channel8_IRQHandler
                0x0804060c                TIM7_IRQHandler
                0x0804060c                SDMMC1_IRQHandler
                0x0804060c                TIM5_IRQHandler
                0x0804060c                UCPD1_IRQHandler
                0x0804060c                TIM15_IRQHandler
                0x0804060c                I2C3_EV_IRQHandler
                0x0804060c                PVD_PVM_IRQHandler
                0x0804060c                SPI2_IRQHandler
                0x0804060c                EXTI14_IRQHandler
                0x0804060c                EXTI11_IRQHandler
                0x0804060c                DMA2_Channel5_IRQHandler
                0x0804060c                CRS_IRQHandler
                0x0804060c                DMA1_Channel5_IRQHandler
                0x0804060c                EXTI4_IRQHandler
                0x0804060c                RTC_S_IRQHandler
                0x0804060c                RNG_IRQHandler
                0x0804060c                DMAMUX1_S_IRQHandler
                0x0804060c                DMA1_Channel3_IRQHandler
                0x0804060c                COMP_IRQHandler
                0x0804060c                TIM1_UP_IRQHandler
                0x0804060c                WWDG_IRQHandler
                0x0804060c                I2C4_EV_IRQHandler
                0x0804060c                DMA2_Channel6_IRQHandler
                0x0804060c                FDCAN1_IT0_IRQHandler
                0x0804060c                TIM2_IRQHandler
                0x0804060c                TAMP_S_IRQHandler
                0x0804060c                EXTI7_IRQHandler
                0x0804060c                TIM1_BRK_IRQHandler
                0x0804060c                DAC_IRQHandler
                0x0804060c                EXTI1_IRQHandler
                0x0804060c                GTZC_IRQHandler
                0x0804060c                USART2_IRQHandler
                0x0804060c                DFSDM1_FLT0_IRQHandler
                0x0804060c                I2C2_ER_IRQHandler
                0x0804060c                DMA1_Channel2_IRQHandler
                0x0804060c                TIM8_BRK_IRQHandler
                0x0804060c                FLASH_IRQHandler
                0x0804060c                BusFault_Handler
                0x0804060c                USART1_IRQHandler
                0x0804060c                EXTI10_IRQHandler
                0x0804060c                SPI3_IRQHandler
                0x0804060c                I2C1_ER_IRQHandler
                0x0804060c                FMC_IRQHandler
                0x0804060c                EXTI6_IRQHandler
                0x0804060c                LPTIM1_IRQHandler
                0x0804060c                I2C4_ER_IRQHandler
                0x0804060c                ICACHE_IRQHandler
                0x0804060c                SAI1_IRQHandler
                0x0804060c                HASH_IRQHandler
                0x0804060c                DMA2_Channel3_IRQHandler
 .text.vApplicationStackOverflowHook
                0x0804060e        0x2 ./Application/User/app_freertos.o
                0x0804060e                vApplicationStackOverflowHook
 .text.NormalTask
                0x08040610       0x68 ./Application/User/main.o
                0x08040610                NormalTask
 .text.SMARM_Experiment_Task
                0x08040678      0x11c ./Application/User/main.o
                0x08040678                SMARM_Experiment_Task
 .text.__io_putchar
                0x08040794       0x20 ./Application/User/main.o
                0x08040794                __io_putchar
 .text.HAL_TIM_PeriodElapsedCallback
                0x080407b4       0x14 ./Application/User/main.o
                0x080407b4                HAL_TIM_PeriodElapsedCallback
 .text.Error_Handler
                0x080407c8        0xa ./Application/User/main.o
                0x080407c8                Error_Handler
 .text.SystemClock_Config
                0x080407d2       0x70 ./Application/User/main.o
                0x080407d2                SystemClock_Config
 *fill*         0x08040842        0x2 
 .text.startup.main
                0x08040844      0x138 ./Application/User/main.o
                0x08040844                main
 .text.HAL_MspInit
                0x0804097c       0x3c ./Application/User/stm32l5xx_hal_msp.o
                0x0804097c                HAL_MspInit
 .text.HAL_UART_MspInit
                0x080409b8       0x9c ./Application/User/stm32l5xx_hal_msp.o
                0x080409b8                HAL_UART_MspInit
 .text.HAL_TIM_Base_MspInit
                0x08040a54       0x3c ./Application/User/stm32l5xx_hal_msp.o
                0x08040a54                HAL_TIM_Base_MspInit
 .text.HAL_InitTick
                0x08040a90       0x78 ./Application/User/stm32l5xx_hal_timebase_tim.o
                0x08040a90                HAL_InitTick
 .text.MemManage_Handler
                0x08040b08        0x2 ./Application/User/stm32l5xx_it.o
                0x08040b08                MemManage_Handler
 .text.UsageFault_Handler
                0x08040b0a        0x2 ./Application/User/stm32l5xx_it.o
                0x08040b0a                UsageFault_Handler
 .text.TIM6_IRQHandler
                0x08040b0c        0xc ./Application/User/stm32l5xx_it.o
                0x08040b0c                TIM6_IRQHandler
 .text.LPUART1_IRQHandler
                0x08040b18        0xc ./Application/User/stm32l5xx_it.o
                0x08040b18                LPUART1_IRQHandler
 .text._read    0x08040b24       0x1c ./Application/User/syscalls.o
                0x08040b24                _read
 .text._write   0x08040b40       0x1c ./Application/User/syscalls.o
                0x08040b40                _write
 .text._close   0x08040b5c        0x6 ./Application/User/syscalls.o
                0x08040b5c                _close
 .text._fstat   0x08040b62        0xa ./Application/User/syscalls.o
                0x08040b62                _fstat
 .text._isatty  0x08040b6c        0x4 ./Application/User/syscalls.o
                0x08040b6c                _isatty
 .text._lseek   0x08040b70        0x4 ./Application/User/syscalls.o
                0x08040b70                _lseek
 .text._sbrk    0x08040b74       0x40 ./Application/User/sysmem.o
                0x08040b74                _sbrk
 .text.BSP_LED_On
                0x08040bb4       0x20 ./Drivers/BSP/STM32L5xx_Nucleo/stm32l5xx_nucleo.o
                0x08040bb4                BSP_LED_On
 .text.SystemInit
                0x08040bd4        0x2 ./Drivers/CMSIS/system_stm32l5xx_ns.o
                0x08040bd4                SystemInit
 *fill*         0x08040bd6        0x2 
 .text.SystemCoreClockUpdate
                0x08040bd8       0x10 ./Drivers/CMSIS/system_stm32l5xx_ns.o
                0x08040bd8                SystemCoreClockUpdate
 .text.HAL_Init
                0x08040be8       0x22 ./Drivers/STM32L5xx_HAL_Driver/stm32l5xx_hal.o
                0x08040be8                HAL_Init
 *fill*         0x08040c0a        0x2 
 .text.HAL_IncTick
                0x08040c0c       0x18 ./Drivers/STM32L5xx_HAL_Driver/stm32l5xx_hal.o
                0x08040c0c                HAL_IncTick
 .text.HAL_GetTick
                0x08040c24        0xc ./Drivers/STM32L5xx_HAL_Driver/stm32l5xx_hal.o
                0x08040c24                HAL_GetTick
 .text.HAL_NVIC_SetPriorityGrouping
                0x08040c30       0x24 ./Drivers/STM32L5xx_HAL_Driver/stm32l5xx_hal_cortex.o
                0x08040c30                HAL_NVIC_SetPriorityGrouping
 .text.HAL_NVIC_SetPriority
                0x08040c54       0x60 ./Drivers/STM32L5xx_HAL_Driver/stm32l5xx_hal_cortex.o
                0x08040c54                HAL_NVIC_SetPriority
 .text.HAL_NVIC_EnableIRQ
                0x08040cb4       0x1c ./Drivers/STM32L5xx_HAL_Driver/stm32l5xx_hal_cortex.o
                0x08040cb4                HAL_NVIC_EnableIRQ
 .text.HAL_DMA_Abort
                0x08040cd0       0x64 ./Drivers/STM32L5xx_HAL_Driver/stm32l5xx_hal_dma.o
                0x08040cd0                HAL_DMA_Abort
 .text.HAL_DMA_Abort_IT
                0x08040d34       0x6a ./Drivers/STM32L5xx_HAL_Driver/stm32l5xx_hal_dma.o
                0x08040d34                HAL_DMA_Abort_IT
 *fill*         0x08040d9e        0x2 
 .text.HAL_GPIO_Init
                0x08040da0      0x184 ./Drivers/STM32L5xx_HAL_Driver/stm32l5xx_hal_gpio.o
                0x08040da0                HAL_GPIO_Init
 .text.HAL_GPIO_WritePin
                0x08040f24        0xa ./Drivers/STM32L5xx_HAL_Driver/stm32l5xx_hal_gpio.o
                0x08040f24                HAL_GPIO_WritePin
 *fill*         0x08040f2e        0x2 
 .text.HAL_PWREx_GetVoltageRange
                0x08040f30       0x10 ./Drivers/STM32L5xx_HAL_Driver/stm32l5xx_hal_pwr_ex.o
                0x08040f30                HAL_PWREx_GetVoltageRange
 .text.HAL_PWREx_EnableVddIO2
                0x08040f40       0x10 ./Drivers/STM32L5xx_HAL_Driver/stm32l5xx_hal_pwr_ex.o
                0x08040f40                HAL_PWREx_EnableVddIO2
 .text.HAL_PWREx_SMPS_GetEffectiveMode
                0x08040f50       0x1c ./Drivers/STM32L5xx_HAL_Driver/stm32l5xx_hal_pwr_ex.o
                0x08040f50                HAL_PWREx_SMPS_GetEffectiveMode
 .text.HAL_PWREx_ControlVoltageScaling
                0x08040f6c       0x6c ./Drivers/STM32L5xx_HAL_Driver/stm32l5xx_hal_pwr_ex.o
                0x08040f6c                HAL_PWREx_ControlVoltageScaling
 .text.RCC_SetFlashLatencyFromMSIRange
                0x08040fd8       0x80 ./Drivers/STM32L5xx_HAL_Driver/stm32l5xx_hal_rcc.o
 .text.HAL_RCC_GetSysClockFreq
                0x08041058       0x9c ./Drivers/STM32L5xx_HAL_Driver/stm32l5xx_hal_rcc.o
                0x08041058                HAL_RCC_GetSysClockFreq
 .text.HAL_RCC_GetHCLKFreq
                0x080410f4       0x20 ./Drivers/STM32L5xx_HAL_Driver/stm32l5xx_hal_rcc.o
                0x080410f4                HAL_RCC_GetHCLKFreq
 .text.HAL_RCC_OscConfig
                0x08041114      0x638 ./Drivers/STM32L5xx_HAL_Driver/stm32l5xx_hal_rcc.o
                0x08041114                HAL_RCC_OscConfig
 .text.HAL_RCC_ClockConfig
                0x0804174c      0x1ec ./Drivers/STM32L5xx_HAL_Driver/stm32l5xx_hal_rcc.o
                0x0804174c                HAL_RCC_ClockConfig
 .text.HAL_RCC_GetPCLK1Freq
                0x08041938       0x20 ./Drivers/STM32L5xx_HAL_Driver/stm32l5xx_hal_rcc.o
                0x08041938                HAL_RCC_GetPCLK1Freq
 .text.HAL_RCC_GetPCLK2Freq
                0x08041958       0x20 ./Drivers/STM32L5xx_HAL_Driver/stm32l5xx_hal_rcc.o
                0x08041958                HAL_RCC_GetPCLK2Freq
 .text.HAL_RCC_GetClockConfig
                0x08041978       0x3c ./Drivers/STM32L5xx_HAL_Driver/stm32l5xx_hal_rcc.o
                0x08041978                HAL_RCC_GetClockConfig
 .text.RCCEx_PLLSAI1_Config
                0x080419b4       0xf4 ./Drivers/STM32L5xx_HAL_Driver/stm32l5xx_hal_rcc_ex.o
 .text.RCCEx_PLLSAI2_Config.constprop.0
                0x08041aa8       0xb4 ./Drivers/STM32L5xx_HAL_Driver/stm32l5xx_hal_rcc_ex.o
 .text.HAL_RCCEx_PeriphCLKConfig
                0x08041b5c      0x4bc ./Drivers/STM32L5xx_HAL_Driver/stm32l5xx_hal_rcc_ex.o
                0x08041b5c                HAL_RCCEx_PeriphCLKConfig
 .text.HAL_TIM_Base_Start
                0x08042018       0x6c ./Drivers/STM32L5xx_HAL_Driver/stm32l5xx_hal_tim.o
                0x08042018                HAL_TIM_Base_Start
 .text.HAL_TIM_Base_Start_IT
                0x08042084       0x74 ./Drivers/STM32L5xx_HAL_Driver/stm32l5xx_hal_tim.o
                0x08042084                HAL_TIM_Base_Start_IT
 .text.HAL_TIM_OC_DelayElapsedCallback
                0x080420f8        0x2 ./Drivers/STM32L5xx_HAL_Driver/stm32l5xx_hal_tim.o
                0x080420f8                HAL_TIM_OC_DelayElapsedCallback
 .text.HAL_TIM_IC_CaptureCallback
                0x080420fa        0x2 ./Drivers/STM32L5xx_HAL_Driver/stm32l5xx_hal_tim.o
                0x080420fa                HAL_TIM_IC_CaptureCallback
 .text.HAL_TIM_PWM_PulseFinishedCallback
                0x080420fc        0x2 ./Drivers/STM32L5xx_HAL_Driver/stm32l5xx_hal_tim.o
                0x080420fc                HAL_TIM_PWM_PulseFinishedCallback
 .text.HAL_TIM_TriggerCallback
                0x080420fe        0x2 ./Drivers/STM32L5xx_HAL_Driver/stm32l5xx_hal_tim.o
                0x080420fe                HAL_TIM_TriggerCallback
 .text.HAL_TIM_IRQHandler
                0x08042100      0x140 ./Drivers/STM32L5xx_HAL_Driver/stm32l5xx_hal_tim.o
                0x08042100                HAL_TIM_IRQHandler
 .text.TIM_Base_SetConfig
                0x08042240       0xb0 ./Drivers/STM32L5xx_HAL_Driver/stm32l5xx_hal_tim.o
                0x08042240                TIM_Base_SetConfig
 .text.HAL_TIM_Base_Init
                0x080422f0       0x60 ./Drivers/STM32L5xx_HAL_Driver/stm32l5xx_hal_tim.o
                0x080422f0                HAL_TIM_Base_Init
 .text.TIM_ETR_SetConfig
                0x08042350       0x14 ./Drivers/STM32L5xx_HAL_Driver/stm32l5xx_hal_tim.o
                0x08042350                TIM_ETR_SetConfig
 .text.HAL_TIM_ConfigClockSource
                0x08042364      0x144 ./Drivers/STM32L5xx_HAL_Driver/stm32l5xx_hal_tim.o
                0x08042364                HAL_TIM_ConfigClockSource
 .text.HAL_TIMEx_MasterConfigSynchronization
                0x080424a8       0x8c ./Drivers/STM32L5xx_HAL_Driver/stm32l5xx_hal_tim_ex.o
                0x080424a8                HAL_TIMEx_MasterConfigSynchronization
 .text.HAL_TIMEx_CommutCallback
                0x08042534        0x2 ./Drivers/STM32L5xx_HAL_Driver/stm32l5xx_hal_tim_ex.o
                0x08042534                HAL_TIMEx_CommutCallback
 .text.HAL_TIMEx_BreakCallback
                0x08042536        0x2 ./Drivers/STM32L5xx_HAL_Driver/stm32l5xx_hal_tim_ex.o
                0x08042536                HAL_TIMEx_BreakCallback
 .text.HAL_TIMEx_Break2Callback
                0x08042538        0x2 ./Drivers/STM32L5xx_HAL_Driver/stm32l5xx_hal_tim_ex.o
                0x08042538                HAL_TIMEx_Break2Callback
 *fill*         0x0804253a        0x2 
 .text.UART_EndRxTransfer
                0x0804253c       0x58 ./Drivers/STM32L5xx_HAL_Driver/stm32l5xx_hal_uart.o
 .text.HAL_UART_TxCpltCallback
                0x08042594        0x2 ./Drivers/STM32L5xx_HAL_Driver/stm32l5xx_hal_uart.o
                0x08042594                HAL_UART_TxCpltCallback
 .text.HAL_UART_ErrorCallback
                0x08042596        0x2 ./Drivers/STM32L5xx_HAL_Driver/stm32l5xx_hal_uart.o
                0x08042596                HAL_UART_ErrorCallback
 .text.UART_DMAAbortOnError
                0x08042598       0x14 ./Drivers/STM32L5xx_HAL_Driver/stm32l5xx_hal_uart.o
 .text.HAL_UARTEx_RxEventCallback
                0x080425ac        0x2 ./Drivers/STM32L5xx_HAL_Driver/stm32l5xx_hal_uart.o
                0x080425ac                HAL_UARTEx_RxEventCallback
 *fill*         0x080425ae        0x2 
 .text.HAL_UART_IRQHandler
                0x080425b0      0x2f8 ./Drivers/STM32L5xx_HAL_Driver/stm32l5xx_hal_uart.o
                0x080425b0                HAL_UART_IRQHandler
 .text.UART_SetConfig
                0x080428a8      0x258 ./Drivers/STM32L5xx_HAL_Driver/stm32l5xx_hal_uart.o
                0x080428a8                UART_SetConfig
 .text.UART_AdvFeatureConfig
                0x08042b00       0xaa ./Drivers/STM32L5xx_HAL_Driver/stm32l5xx_hal_uart.o
                0x08042b00                UART_AdvFeatureConfig
 .text.UART_WaitOnFlagUntilTimeout
                0x08042baa       0x90 ./Drivers/STM32L5xx_HAL_Driver/stm32l5xx_hal_uart.o
                0x08042baa                UART_WaitOnFlagUntilTimeout
 .text.HAL_UART_Transmit
                0x08042c3a       0xaa ./Drivers/STM32L5xx_HAL_Driver/stm32l5xx_hal_uart.o
                0x08042c3a                HAL_UART_Transmit
 .text.UART_CheckIdleState
                0x08042ce4       0xb6 ./Drivers/STM32L5xx_HAL_Driver/stm32l5xx_hal_uart.o
                0x08042ce4                UART_CheckIdleState
 .text.HAL_UART_Init
                0x08042d9a       0x60 ./Drivers/STM32L5xx_HAL_Driver/stm32l5xx_hal_uart.o
                0x08042d9a                HAL_UART_Init
 *fill*         0x08042dfa        0x2 
 .text.UARTEx_SetNbDataToProcess
                0x08042dfc       0x44 ./Drivers/STM32L5xx_HAL_Driver/stm32l5xx_hal_uart_ex.o
 .text.HAL_UARTEx_WakeupCallback
                0x08042e40        0x2 ./Drivers/STM32L5xx_HAL_Driver/stm32l5xx_hal_uart_ex.o
                0x08042e40                HAL_UARTEx_WakeupCallback
 .text.HAL_UARTEx_RxFifoFullCallback
                0x08042e42        0x2 ./Drivers/STM32L5xx_HAL_Driver/stm32l5xx_hal_uart_ex.o
                0x08042e42                HAL_UARTEx_RxFifoFullCallback
 .text.HAL_UARTEx_TxFifoEmptyCallback
                0x08042e44        0x2 ./Drivers/STM32L5xx_HAL_Driver/stm32l5xx_hal_uart_ex.o
                0x08042e44                HAL_UARTEx_TxFifoEmptyCallback
 .text.HAL_UARTEx_DisableFifoMode
                0x08042e46       0x36 ./Drivers/STM32L5xx_HAL_Driver/stm32l5xx_hal_uart_ex.o
                0x08042e46                HAL_UARTEx_DisableFifoMode
 .text.HAL_UARTEx_SetTxFifoThreshold
                0x08042e7c       0x40 ./Drivers/STM32L5xx_HAL_Driver/stm32l5xx_hal_uart_ex.o
                0x08042e7c                HAL_UARTEx_SetTxFifoThreshold
 .text.HAL_UARTEx_SetRxFifoThreshold
                0x08042ebc       0x40 ./Drivers/STM32L5xx_HAL_Driver/stm32l5xx_hal_uart_ex.o
                0x08042ebc                HAL_UARTEx_SetRxFifoThreshold
 .text.SysTick_Handler
                0x08042efc       0x1a ./Middlewares/FreeRTOS/cmsis_os2.o
                0x08042efc                SysTick_Handler
 *fill*         0x08042f16        0x2 
 .text.osKernelInitialize
                0x08042f18       0x24 ./Middlewares/FreeRTOS/cmsis_os2.o
                0x08042f18                osKernelInitialize
 .text.osKernelStart
                0x08042f3c       0x34 ./Middlewares/FreeRTOS/cmsis_os2.o
                0x08042f3c                osKernelStart
 .text.osKernelGetTickCount
                0x08042f70        0xe ./Middlewares/FreeRTOS/cmsis_os2.o
                0x08042f70                osKernelGetTickCount
 .text.osThreadNew
                0x08042f7e       0x8c ./Middlewares/FreeRTOS/cmsis_os2.o
                0x08042f7e                osThreadNew
 .text.osDelay  0x0804300a       0x18 ./Middlewares/FreeRTOS/cmsis_os2.o
                0x0804300a                osDelay
 .text.osDelayUntil
                0x08043022       0x2e ./Middlewares/FreeRTOS/cmsis_os2.o
                0x08043022                osDelayUntil
 .text.vApplicationGetIdleTaskMemory
                0x08043050       0x18 ./Middlewares/FreeRTOS/cmsis_os2.o
                0x08043050                vApplicationGetIdleTaskMemory
 .text.vApplicationGetTimerTaskMemory
                0x08043068       0x18 ./Middlewares/FreeRTOS/cmsis_os2.o
                0x08043068                vApplicationGetTimerTaskMemory
 .text.prvInsertBlockIntoFreeList
                0x08043080       0x4c ./Middlewares/FreeRTOS/heap_4.o
 .text.pvPortMalloc
                0x080430cc      0x114 ./Middlewares/FreeRTOS/heap_4.o
                0x080430cc                pvPortMalloc
 .text.vPortFree
                0x080431e0       0x64 ./Middlewares/FreeRTOS/heap_4.o
                0x080431e0                vPortFree
 .text.vListInitialise
                0x08043244       0x16 ./Middlewares/FreeRTOS/list.o
                0x08043244                vListInitialise
 .text.vListInitialiseItem
                0x0804325a        0x6 ./Middlewares/FreeRTOS/list.o
                0x0804325a                vListInitialiseItem
 .text.vListInsertEnd
                0x08043260       0x16 ./Middlewares/FreeRTOS/list.o
                0x08043260                vListInsertEnd
 .text.vListInsert
                0x08043276       0x2e ./Middlewares/FreeRTOS/list.o
                0x08043276                vListInsert
 .text.uxListRemove
                0x080432a4       0x20 ./Middlewares/FreeRTOS/list.o
                0x080432a4                uxListRemove
 .text.prvTaskExitError
                0x080432c4       0x28 ./Middlewares/FreeRTOS/port.o
 .text.vPortSetupTimerInterrupt
                0x080432ec       0x24 ./Middlewares/FreeRTOS/port.o
                0x080432ec                vPortSetupTimerInterrupt
 .text.vPortYield
                0x08043310       0x16 ./Middlewares/FreeRTOS/port.o
                0x08043310                vPortYield
 *fill*         0x08043326        0x2 
 .text.vPortEnterCritical
                0x08043328       0x1c ./Middlewares/FreeRTOS/port.o
                0x08043328                vPortEnterCritical
 .text.vPortExitCritical
                0x08043344       0x28 ./Middlewares/FreeRTOS/port.o
                0x08043344                vPortExitCritical
 .text.xPortSysTickHandler
                0x0804336c       0x24 ./Middlewares/FreeRTOS/port.o
                0x0804336c                xPortSysTickHandler
 .text.vPortSVCHandler_C
                0x08043390       0x54 ./Middlewares/FreeRTOS/port.o
                0x08043390                vPortSVCHandler_C
 .text.pxPortInitialiseStack
                0x080433e4       0x70 ./Middlewares/FreeRTOS/port.o
                0x080433e4                pxPortInitialiseStack
 .text.xPortStartScheduler
                0x08043454       0x3c ./Middlewares/FreeRTOS/port.o
                0x08043454                xPortStartScheduler
 .text.vRestoreContextOfFirstTask
                0x08043490       0x38 ./Middlewares/FreeRTOS/portasm.o
                0x08043490                vRestoreContextOfFirstTask
 *fill*         0x080434c8        0x8 
 .text.vStartFirstTask
                0x080434d0       0x24 ./Middlewares/FreeRTOS/portasm.o
                0x080434d0                vStartFirstTask
 .text.ulSetInterruptMask
                0x080434f4       0x16 ./Middlewares/FreeRTOS/portasm.o
                0x080434f4                ulSetInterruptMask
 .text.vClearInterruptMask
                0x0804350a        0xe ./Middlewares/FreeRTOS/portasm.o
                0x0804350a                vClearInterruptMask
 *fill*         0x08043518        0x8 
 .text.PendSV_Handler
                0x08043520       0x98 ./Middlewares/FreeRTOS/portasm.o
                0x08043520                PendSV_Handler
 *fill*         0x080435b8        0x8 
 .text.SVC_Handler
                0x080435c0       0x24 ./Middlewares/FreeRTOS/portasm.o
                0x080435c0                SVC_Handler
 .text.vPortAllocateSecureContext
                0x080435e4        0x4 ./Middlewares/FreeRTOS/portasm.o
                0x080435e4                vPortAllocateSecureContext
 .text.vPortFreeSecureContext
                0x080435e8        0xc ./Middlewares/FreeRTOS/portasm.o
                0x080435e8                vPortFreeSecureContext
 .text.prvIsQueueEmpty
                0x080435f4       0x16 ./Middlewares/FreeRTOS/queue.o
 .text.prvCopyDataToQueue
                0x0804360a       0x66 ./Middlewares/FreeRTOS/queue.o
 .text.prvCopyDataFromQueue
                0x08043670       0x2c ./Middlewares/FreeRTOS/queue.o
 .text.prvUnlockQueue
                0x0804369c       0x6c ./Middlewares/FreeRTOS/queue.o
 .text.xQueueGenericReset
                0x08043708       0x62 ./Middlewares/FreeRTOS/queue.o
                0x08043708                xQueueGenericReset
 .text.xQueueGenericCreateStatic
                0x0804376a       0x60 ./Middlewares/FreeRTOS/queue.o
                0x0804376a                xQueueGenericCreateStatic
 .text.xQueueGenericSend
                0x080437ca      0x112 ./Middlewares/FreeRTOS/queue.o
                0x080437ca                xQueueGenericSend
 .text.xQueueCreateMutex
                0x080438dc       0x3a ./Middlewares/FreeRTOS/queue.o
                0x080438dc                xQueueCreateMutex
 .text.xQueueGenericSendFromISR
                0x08043916       0x88 ./Middlewares/FreeRTOS/queue.o
                0x08043916                xQueueGenericSendFromISR
 .text.xQueueReceive
                0x0804399e       0xf8 ./Middlewares/FreeRTOS/queue.o
                0x0804399e                xQueueReceive
 .text.xQueueSemaphoreTake
                0x08043a96      0x12a ./Middlewares/FreeRTOS/queue.o
                0x08043a96                xQueueSemaphoreTake
 .text.vQueueAddToRegistry
                0x08043bc0       0x24 ./Middlewares/FreeRTOS/queue.o
                0x08043bc0                vQueueAddToRegistry
 .text.vQueueWaitForMessageRestricted
                0x08043be4       0x46 ./Middlewares/FreeRTOS/queue.o
                0x08043be4                vQueueWaitForMessageRestricted
 *fill*         0x08043c2a        0x2 
 .text.prvAddNewTaskToReadyList
                0x08043c2c       0xf4 ./Middlewares/FreeRTOS/tasks.o
 .text.prvAddCurrentTaskToDelayedList
                0x08043d20       0x70 ./Middlewares/FreeRTOS/tasks.o
 .text.prvResetNextTaskUnblockTime
                0x08043d90       0x24 ./Middlewares/FreeRTOS/tasks.o
 .text.prvDeleteTCB
                0x08043db4       0x2e ./Middlewares/FreeRTOS/tasks.o
 *fill*         0x08043de2        0x2 
 .text.prvIdleTask
                0x08043de4       0x58 ./Middlewares/FreeRTOS/tasks.o
 .text.prvInitialiseNewTask.constprop.0
                0x08043e3c       0x98 ./Middlewares/FreeRTOS/tasks.o
 .text.xTaskCreateStatic
                0x08043ed4       0x4c ./Middlewares/FreeRTOS/tasks.o
                0x08043ed4                xTaskCreateStatic
 .text.xTaskCreate
                0x08043f20       0x5c ./Middlewares/FreeRTOS/tasks.o
                0x08043f20                xTaskCreate
 .text.vTaskStartScheduler
                0x08043f7c       0x78 ./Middlewares/FreeRTOS/tasks.o
                0x08043f7c                vTaskStartScheduler
 .text.vTaskSuspendAll
                0x08043ff4       0x10 ./Middlewares/FreeRTOS/tasks.o
                0x08043ff4                vTaskSuspendAll
 .text.xTaskGetTickCount
                0x08044004        0xc ./Middlewares/FreeRTOS/tasks.o
                0x08044004                xTaskGetTickCount
 .text.xTaskGetTickCountFromISR
                0x08044010        0xc ./Middlewares/FreeRTOS/tasks.o
                0x08044010                xTaskGetTickCountFromISR
 .text.xTaskIncrementTick
                0x0804401c      0x120 ./Middlewares/FreeRTOS/tasks.o
                0x0804401c                xTaskIncrementTick
 .text.xTaskResumeAll
                0x0804413c       0xcc ./Middlewares/FreeRTOS/tasks.o
                0x0804413c                xTaskResumeAll
 .text.vTaskDelayUntil
                0x08044208       0x64 ./Middlewares/FreeRTOS/tasks.o
                0x08044208                vTaskDelayUntil
 .text.vTaskDelay
                0x0804426c       0x30 ./Middlewares/FreeRTOS/tasks.o
                0x0804426c                vTaskDelay
 .text.vTaskSwitchContext
                0x0804429c       0x98 ./Middlewares/FreeRTOS/tasks.o
                0x0804429c                vTaskSwitchContext
 .text.vTaskPlaceOnEventList
                0x08044334       0x28 ./Middlewares/FreeRTOS/tasks.o
                0x08044334                vTaskPlaceOnEventList
 .text.vTaskPlaceOnEventListRestricted
                0x0804435c       0x34 ./Middlewares/FreeRTOS/tasks.o
                0x0804435c                vTaskPlaceOnEventListRestricted
 .text.xTaskRemoveFromEventList
                0x08044390       0x74 ./Middlewares/FreeRTOS/tasks.o
                0x08044390                xTaskRemoveFromEventList
 .text.vTaskInternalSetTimeOutState
                0x08044404       0x18 ./Middlewares/FreeRTOS/tasks.o
                0x08044404                vTaskInternalSetTimeOutState
 .text.xTaskCheckForTimeOut
                0x0804441c       0x60 ./Middlewares/FreeRTOS/tasks.o
                0x0804441c                xTaskCheckForTimeOut
 .text.vTaskMissedYield
                0x0804447c        0xc ./Middlewares/FreeRTOS/tasks.o
                0x0804447c                vTaskMissedYield
 .text.xTaskGetSchedulerState
                0x08044488       0x20 ./Middlewares/FreeRTOS/tasks.o
                0x08044488                xTaskGetSchedulerState
 .text.xTaskPriorityInherit
                0x080444a8       0x7c ./Middlewares/FreeRTOS/tasks.o
                0x080444a8                xTaskPriorityInherit
 .text.xTaskPriorityDisinherit
                0x08044524       0x6c ./Middlewares/FreeRTOS/tasks.o
                0x08044524                xTaskPriorityDisinherit
 .text.vTaskPriorityDisinheritAfterTimeout
                0x08044590       0x84 ./Middlewares/FreeRTOS/tasks.o
                0x08044590                vTaskPriorityDisinheritAfterTimeout
 .text.pvTaskIncrementMutexHeldCount
                0x08044614       0x18 ./Middlewares/FreeRTOS/tasks.o
                0x08044614                pvTaskIncrementMutexHeldCount
 .text.prvInsertTimerInActiveList
                0x0804462c       0x3c ./Middlewares/FreeRTOS/timers.o
 .text.prvCheckForValidListAndQueue
                0x08044668       0x68 ./Middlewares/FreeRTOS/timers.o
 .text.xTimerCreateTimerTask
                0x080446d0       0x58 ./Middlewares/FreeRTOS/timers.o
                0x080446d0                xTimerCreateTimerTask
 .text.xTimerGenericCommand
                0x08044728       0x4c ./Middlewares/FreeRTOS/timers.o
                0x08044728                xTimerGenericCommand
 .text.prvSampleTimeNow
                0x08044774       0x98 ./Middlewares/FreeRTOS/timers.o
 .text.prvTimerTask
                0x0804480c      0x198 ./Middlewares/FreeRTOS/timers.o
 .text.sbrk_aligned
                0x080449a4       0x44 C:/ST/STM32CubeIDE_2.0.0/STM32CubeIDE/plugins/com.st.stm32cube.ide.mcu.externaltools.gnu-tools-for-stm32.13.3.rel1.win32_1.0.100.202509120712/tools/bin/../lib/gcc/arm-none-eabi/13.3.1/../../../../arm-none-eabi/lib/thumb/v8-m.main+fp/hard\libc_nano.a(libc_a-mallocr.o)
 .text._malloc_r
                0x080449e8      0x100 C:/ST/STM32CubeIDE_2.0.0/STM32CubeIDE/plugins/com.st.stm32cube.ide.mcu.externaltools.gnu-tools-for-stm32.13.3.rel1.win32_1.0.100.202509120712/tools/bin/../lib/gcc/arm-none-eabi/13.3.1/../../../../arm-none-eabi/lib/thumb/v8-m.main+fp/hard\libc_nano.a(libc_a-mallocr.o)
                0x080449e8                _malloc_r
 .text.__malloc_lock
                0x08044ae8        0xc C:/ST/STM32CubeIDE_2.0.0/STM32CubeIDE/plugins/com.st.stm32cube.ide.mcu.externaltools.gnu-tools-for-stm32.13.3.rel1.win32_1.0.100.202509120712/tools/bin/../lib/gcc/arm-none-eabi/13.3.1/../../../../arm-none-eabi/lib/thumb/v8-m.main+fp/hard\libc_nano.a(libc_a-mlock.o)
                0x08044ae8                __malloc_lock
 .text.__malloc_unlock
                0x08044af4        0xc C:/ST/STM32CubeIDE_2.0.0/STM32CubeIDE/plugins/com.st.stm32cube.ide.mcu.externaltools.gnu-tools-for-stm32.13.3.rel1.win32_1.0.100.202509120712/tools/bin/../lib/gcc/arm-none-eabi/13.3.1/../../../../arm-none-eabi/lib/thumb/v8-m.main+fp/hard\libc_nano.a(libc_a-mlock.o)
                0x08044af4                __malloc_unlock
 .text.std      0x08044b00       0x6c C:/ST/STM32CubeIDE_2.0.0/STM32CubeIDE/plugins/com.st.stm32cube.ide.mcu.externaltools.gnu-tools-for-stm32.13.3.rel1.win32_1.0.100.202509120712/tools/bin/../lib/gcc/arm-none-eabi/13.3.1/../../../../arm-none-eabi/lib/thumb/v8-m.main+fp/hard\libc_nano.a(libc_a-findfp.o)
 .text.stdio_exit_handler
                0x08044b6c       0x18 C:/ST/STM32CubeIDE_2.0.0/STM32CubeIDE/plugins/com.st.stm32cube.ide.mcu.externaltools.gnu-tools-for-stm32.13.3.rel1.win32_1.0.100.202509120712/tools/bin/../lib/gcc/arm-none-eabi/13.3.1/../../../../arm-none-eabi/lib/thumb/v8-m.main+fp/hard\libc_nano.a(libc_a-findfp.o)
 .text.cleanup_stdio
                0x08044b84       0x40 C:/ST/STM32CubeIDE_2.0.0/STM32CubeIDE/plugins/com.st.stm32cube.ide.mcu.externaltools.gnu-tools-for-stm32.13.3.rel1.win32_1.0.100.202509120712/tools/bin/../lib/gcc/arm-none-eabi/13.3.1/../../../../arm-none-eabi/lib/thumb/v8-m.main+fp/hard\libc_nano.a(libc_a-findfp.o)
 .text.global_stdio_init.part.0
                0x08044bc4       0x3c C:/ST/STM32CubeIDE_2.0.0/STM32CubeIDE/plugins/com.st.stm32cube.ide.mcu.externaltools.gnu-tools-for-stm32.13.3.rel1.win32_1.0.100.202509120712/tools/bin/../lib/gcc/arm-none-eabi/13.3.1/../../../../arm-none-eabi/lib/thumb/v8-m.main+fp/hard\libc_nano.a(libc_a-findfp.o)
 .text.__sfp_lock_acquire
                0x08044c00        0xc C:/ST/STM32CubeIDE_2.0.0/STM32CubeIDE/plugins/com.st.stm32cube.ide.mcu.externaltools.gnu-tools-for-stm32.13.3.rel1.win32_1.0.100.202509120712/tools/bin/../lib/gcc/arm-none-eabi/13.3.1/../../../../arm-none-eabi/lib/thumb/v8-m.main+fp/hard\libc_nano.a(libc_a-findfp.o)
                0x08044c00                __sfp_lock_acquire
 .text.__sfp_lock_release
                0x08044c0c        0xc C:/ST/STM32CubeIDE_2.0.0/STM32CubeIDE/plugins/com.st.stm32cube.ide.mcu.externaltools.gnu-tools-for-stm32.13.3.rel1.win32_1.0.100.202509120712/tools/bin/../lib/gcc/arm-none-eabi/13.3.1/../../../../arm-none-eabi/lib/thumb/v8-m.main+fp/hard\libc_nano.a(libc_a-findfp.o)
                0x08044c0c                __sfp_lock_release
 .text.__sinit  0x08044c18       0x30 C:/ST/STM32CubeIDE_2.0.0/STM32CubeIDE/plugins/com.st.stm32cube.ide.mcu.externaltools.gnu-tools-for-stm32.13.3.rel1.win32_1.0.100.202509120712/tools/bin/../lib/gcc/arm-none-eabi/13.3.1/../../../../arm-none-eabi/lib/thumb/v8-m.main+fp/hard\libc_nano.a(libc_a-findfp.o)
                0x08044c18                __sinit
 .text._fwalk_sglue
                0x08044c48       0x3c C:/ST/STM32CubeIDE_2.0.0/STM32CubeIDE/plugins/com.st.stm32cube.ide.mcu.externaltools.gnu-tools-for-stm32.13.3.rel1.win32_1.0.100.202509120712/tools/bin/../lib/gcc/arm-none-eabi/13.3.1/../../../../arm-none-eabi/lib/thumb/v8-m.main+fp/hard\libc_nano.a(libc_a-fwalk.o)
                0x08044c48                _fwalk_sglue
 .text.printf   0x08044c84       0x24 C:/ST/STM32CubeIDE_2.0.0/STM32CubeIDE/plugins/com.st.stm32cube.ide.mcu.externaltools.gnu-tools-for-stm32.13.3.rel1.win32_1.0.100.202509120712/tools/bin/../lib/gcc/arm-none-eabi/13.3.1/../../../../arm-none-eabi/lib/thumb/v8-m.main+fp/hard\libc_nano.a(libc_a-printf.o)
                0x08044c84                iprintf
                0x08044c84                printf
 .text._puts_r  0x08044ca8       0xaa C:/ST/STM32CubeIDE_2.0.0/STM32CubeIDE/plugins/com.st.stm32cube.ide.mcu.externaltools.gnu-tools-for-stm32.13.3.rel1.win32_1.0.100.202509120712/tools/bin/../lib/gcc/arm-none-eabi/13.3.1/../../../../arm-none-eabi/lib/thumb/v8-m.main+fp/hard\libc_nano.a(libc_a-puts.o)
                0x08044ca8                _puts_r
 *fill*         0x08044d52        0x2 
 .text.puts     0x08044d54       0x10 C:/ST/STM32CubeIDE_2.0.0/STM32CubeIDE/plugins/com.st.stm32cube.ide.mcu.externaltools.gnu-tools-for-stm32.13.3.rel1.win32_1.0.100.202509120712/tools/bin/../lib/gcc/arm-none-eabi/13.3.1/../../../../arm-none-eabi/lib/thumb/v8-m.main+fp/hard\libc_nano.a(libc_a-puts.o)
                0x08044d54                puts
 .text.__sread  0x08044d64       0x22 C:/ST/STM32CubeIDE_2.0.0/STM32CubeIDE/plugins/com.st.stm32cube.ide.mcu.externaltools.gnu-tools-for-stm32.13.3.rel1.win32_1.0.100.202509120712/tools/bin/../lib/gcc/arm-none-eabi/13.3.1/../../../../arm-none-eabi/lib/thumb/v8-m.main+fp/hard\libc_nano.a(libc_a-stdio.o)
                0x08044d64                __sread
 .text.__swrite
                0x08044d86       0x38 C:/ST/STM32CubeIDE_2.0.0/STM32CubeIDE/plugins/com.st.stm32cube.ide.mcu.externaltools.gnu-tools-for-stm32.13.3.rel1.win32_1.0.100.202509120712/tools/bin/../lib/gcc/arm-none-eabi/13.3.1/../../../../arm-none-eabi/lib/thumb/v8-m.main+fp/hard\libc_nano.a(libc_a-stdio.o)
                0x08044d86                __swrite
 .text.__sseek  0x08044dbe       0x24 C:/ST/STM32CubeIDE_2.0.0/STM32CubeIDE/plugins/com.st.stm32cube.ide.mcu.externaltools.gnu-tools-for-stm32.13.3.rel1.win32_1.0.100.202509120712/tools/bin/../lib/gcc/arm-none-eabi/13.3.1/../../../../arm-none-eabi/lib/thumb/v8-m.main+fp/hard\libc_nano.a(libc_a-stdio.o)
                0x08044dbe                __sseek
 .text.__sclose
                0x08044de2        0x8 C:/ST/STM32CubeIDE_2.0.0/STM32CubeIDE/plugins/com.st.stm32cube.ide.mcu.externaltools.gnu-tools-for-stm32.13.3.rel1.win32_1.0.100.202509120712/tools/bin/../lib/gcc/arm-none-eabi/13.3.1/../../../../arm-none-eabi/lib/thumb/v8-m.main+fp/hard\libc_nano.a(libc_a-stdio.o)
                0x08044de2                __sclose
 .text.__swbuf_r
                0x08044dea       0x7c C:/ST/STM32CubeIDE_2.0.0/STM32CubeIDE/plugins/com.st.stm32cube.ide.mcu.externaltools.gnu-tools-for-stm32.13.3.rel1.win32_1.0.100.202509120712/tools/bin/../lib/gcc/arm-none-eabi/13.3.1/../../../../arm-none-eabi/lib/thumb/v8-m.main+fp/hard\libc_nano.a(libc_a-wbuf.o)
                0x08044dea                __swbuf_r
 *fill*         0x08044e66        0x2 
 .text.__swsetup_r
                0x08044e68       0xac C:/ST/STM32CubeIDE_2.0.0/STM32CubeIDE/plugins/com.st.stm32cube.ide.mcu.externaltools.gnu-tools-for-stm32.13.3.rel1.win32_1.0.100.202509120712/tools/bin/../lib/gcc/arm-none-eabi/13.3.1/../../../../arm-none-eabi/lib/thumb/v8-m.main+fp/hard\libc_nano.a(libc_a-wsetup.o)
                0x08044e68                __swsetup_r
 .text.memset   0x08044f14       0x10 C:/ST/STM32CubeIDE_2.0.0/STM32CubeIDE/plugins/com.st.stm32cube.ide.mcu.externaltools.gnu-tools-for-stm32.13.3.rel1.win32_1.0.100.202509120712/tools/bin/../lib/gcc/arm-none-eabi/13.3.1/../../../../arm-none-eabi/lib/thumb/v8-m.main+fp/hard\libc_nano.a(libc_a-memset.o)
                0x08044f14                memset
 .text._close_r
                0x08044f24       0x20 C:/ST/STM32CubeIDE_2.0.0/STM32CubeIDE/plugins/com.st.stm32cube.ide.mcu.externaltools.gnu-tools-for-stm32.13.3.rel1.win32_1.0.100.202509120712/tools/bin/../lib/gcc/arm-none-eabi/13.3.1/../../../../arm-none-eabi/lib/thumb/v8-m.main+fp/hard\libc_nano.a(libc_a-closer.o)
                0x08044f24                _close_r
 .text._lseek_r
                0x08044f44       0x24 C:/ST/STM32CubeIDE_2.0.0/STM32CubeIDE/plugins/com.st.stm32cube.ide.mcu.externaltools.gnu-tools-for-stm32.13.3.rel1.win32_1.0.100.202509120712/tools/bin/../lib/gcc/arm-none-eabi/13.3.1/../../../../arm-none-eabi/lib/thumb/v8-m.main+fp/hard\libc_nano.a(libc_a-lseekr.o)
                0x08044f44                _lseek_r
 .text._read_r  0x08044f68       0x24 C:/ST/STM32CubeIDE_2.0.0/STM32CubeIDE/plugins/com.st.stm32cube.ide.mcu.externaltools.gnu-tools-for-stm32.13.3.rel1.win32_1.0.100.202509120712/tools/bin/../lib/gcc/arm-none-eabi/13.3.1/../../../../arm-none-eabi/lib/thumb/v8-m.main+fp/hard\libc_nano.a(libc_a-readr.o)
                0x08044f68                _read_r
 .text._sbrk_r  0x08044f8c       0x20 C:/ST/STM32CubeIDE_2.0.0/STM32CubeIDE/plugins/com.st.stm32cube.ide.mcu.externaltools.gnu-tools-for-stm32.13.3.rel1.win32_1.0.100.202509120712/tools/bin/../lib/gcc/arm-none-eabi/13.3.1/../../../../arm-none-eabi/lib/thumb/v8-m.main+fp/hard\libc_nano.a(libc_a-sbrkr.o)
                0x08044f8c                _sbrk_r
 .text._write_r
                0x08044fac       0x24 C:/ST/STM32CubeIDE_2.0.0/STM32CubeIDE/plugins/com.st.stm32cube.ide.mcu.externaltools.gnu-tools-for-stm32.13.3.rel1.win32_1.0.100.202509120712/tools/bin/../lib/gcc/arm-none-eabi/13.3.1/../../../../arm-none-eabi/lib/thumb/v8-m.main+fp/hard\libc_nano.a(libc_a-writer.o)
                0x08044fac                _write_r
 .text.__errno  0x08044fd0        0xc C:/ST/STM32CubeIDE_2.0.0/STM32CubeIDE/plugins/com.st.stm32cube.ide.mcu.externaltools.gnu-tools-for-stm32.13.3.rel1.win32_1.0.100.202509120712/tools/bin/../lib/gcc/arm-none-eabi/13.3.1/../../../../arm-none-eabi/lib/thumb/v8-m.main+fp/hard\libc_nano.a(libc_a-errno.o)
                0x08044fd0                __errno
 .text.__libc_init_array
                0x08044fdc       0x48 C:/ST/STM32CubeIDE_2.0.0/STM32CubeIDE/plugins/com.st.stm32cube.ide.mcu.externaltools.gnu-tools-for-stm32.13.3.rel1.win32_1.0.100.202509120712/tools/bin/../lib/gcc/arm-none-eabi/13.3.1/../../../../arm-none-eabi/lib/thumb/v8-m.main+fp/hard\libc_nano.a(libc_a-init.o)
                0x08044fdc                __libc_init_array
 .text.__retarget_lock_init_recursive
                0x08045024        0x2 C:/ST/STM32CubeIDE_2.0.0/STM32CubeIDE/plugins/com.st.stm32cube.ide.mcu.externaltools.gnu-tools-for-stm32.13.3.rel1.win32_1.0.100.202509120712/tools/bin/../lib/gcc/arm-none-eabi/13.3.1/../../../../arm-none-eabi/lib/thumb/v8-m.main+fp/hard\libc_nano.a(libc_a-lock.o)
                0x08045024                __retarget_lock_init_recursive
 .text.__retarget_lock_acquire_recursive
                0x08045026        0x2 C:/ST/STM32CubeIDE_2.0.0/STM32CubeIDE/plugins/com.st.stm32cube.ide.mcu.externaltools.gnu-tools-for-stm32.13.3.rel1.win32_1.0.100.202509120712/tools/bin/../lib/gcc/arm-none-eabi/13.3.1/../../../../arm-none-eabi/lib/thumb/v8-m.main+fp/hard\libc_nano.a(libc_a-lock.o)
                0x08045026                __retarget_lock_acquire_recursive
 .text.__retarget_lock_release_recursive
                0x08045028        0x2 C:/ST/STM32CubeIDE_2.0.0/STM32CubeIDE/plugins/com.st.stm32cube.ide.mcu.externaltools.gnu-tools-for-stm32.13.3.rel1.win32_1.0.100.202509120712/tools/bin/../lib/gcc/arm-none-eabi/13.3.1/../../../../arm-none-eabi/lib/thumb/v8-m.main+fp/hard\libc_nano.a(libc_a-lock.o)
                0x08045028                __retarget_lock_release_recursive
 .text.memcpy   0x0804502a       0x1a C:/ST/STM32CubeIDE_2.0.0/STM32CubeIDE/plugins/com.st.stm32cube.ide.mcu.externaltools.gnu-tools-for-stm32.13.3.rel1.win32_1.0.100.202509120712/tools/bin/../lib/gcc/arm-none-eabi/13.3.1/../../../../arm-none-eabi/lib/thumb/v8-m.main+fp/hard\libc_nano.a(libc_a-memcpy-stub.o)
                0x0804502a                memcpy
 .text._free_r  0x08045044       0x94 C:/ST/STM32CubeIDE_2.0.0/STM32CubeIDE/plugins/com.st.stm32cube.ide.mcu.externaltools.gnu-tools-for-stm32.13.3.rel1.win32_1.0.100.202509120712/tools/bin/../lib/gcc/arm-none-eabi/13.3.1/../../../../arm-none-eabi/lib/thumb/v8-m.main+fp/hard\libc_nano.a(libc_a-freer.o)
                0x08045044                _free_r
 .text.__sfputc_r
                0x080450d8       0x2e C:/ST/STM32CubeIDE_2.0.0/STM32CubeIDE/plugins/com.st.stm32cube.ide.mcu.externaltools.gnu-tools-for-stm32.13.3.rel1.win32_1.0.100.202509120712/tools/bin/../lib/gcc/arm-none-eabi/13.3.1/../../../../arm-none-eabi/lib/thumb/v8-m.main+fp/hard\libc_nano.a(libc_a-nano-vfprintf.o)
 .text.__sfputs_r
                0x08045106       0x24 C:/ST/STM32CubeIDE_2.0.0/STM32CubeIDE/plugins/com.st.stm32cube.ide.mcu.externaltools.gnu-tools-for-stm32.13.3.rel1.win32_1.0.100.202509120712/tools/bin/../lib/gcc/arm-none-eabi/13.3.1/../../../../arm-none-eabi/lib/thumb/v8-m.main+fp/hard\libc_nano.a(libc_a-nano-vfprintf.o)
                0x08045106                __sfputs_r
 *fill*         0x0804512a        0x2 
 .text._vfprintf_r
                0x0804512c      0x230 C:/ST/STM32CubeIDE_2.0.0/STM32CubeIDE/plugins/com.st.stm32cube.ide.mcu.externaltools.gnu-tools-for-stm32.13.3.rel1.win32_1.0.100.202509120712/tools/bin/../lib/gcc/arm-none-eabi/13.3.1/../../../../arm-none-eabi/lib/thumb/v8-m.main+fp/hard\libc_nano.a(libc_a-nano-vfprintf.o)
                0x0804512c                _vfprintf_r
                0x0804512c                _vfiprintf_r
 .text._printf_common
                0x0804535c       0xe4 C:/ST/STM32CubeIDE_2.0.0/STM32CubeIDE/plugins/com.st.stm32cube.ide.mcu.externaltools.gnu-tools-for-stm32.13.3.rel1.win32_1.0.100.202509120712/tools/bin/../lib/gcc/arm-none-eabi/13.3.1/../../../../arm-none-eabi/lib/thumb/v8-m.main+fp/hard\libc_nano.a(libc_a-nano-vfprintf_i.o)
                0x0804535c                _printf_common
 .text._printf_i
                0x08045440      0x23c C:/ST/STM32CubeIDE_2.0.0/STM32CubeIDE/plugins/com.st.stm32cube.ide.mcu.externaltools.gnu-tools-for-stm32.13.3.rel1.win32_1.0.100.202509120712/tools/bin/../lib/gcc/arm-none-eabi/13.3.1/../../../../arm-none-eabi/lib/thumb/v8-m.main+fp/hard\libc_nano.a(libc_a-nano-vfprintf_i.o)
                0x08045440                _printf_i
 .text.__sflush_r
                0x0804567c      0x108 C:/ST/STM32CubeIDE_2.0.0/STM32CubeIDE/plugins/com.st.stm32cube.ide.mcu.externaltools.gnu-tools-for-stm32.13.3.rel1.win32_1.0.100.202509120712/tools/bin/../lib/gcc/arm-none-eabi/13.3.1/../../../../arm-none-eabi/lib/thumb/v8-m.main+fp/hard\libc_nano.a(libc_a-fflush.o)
                0x0804567c                __sflush_r
 .text._fflush_r
                0x08045784       0x50 C:/ST/STM32CubeIDE_2.0.0/STM32CubeIDE/plugins/com.st.stm32cube.ide.mcu.externaltools.gnu-tools-for-stm32.13.3.rel1.win32_1.0.100.202509120712/tools/bin/../lib/gcc/arm-none-eabi/13.3.1/../../../../arm-none-eabi/lib/thumb/v8-m.main+fp/hard\libc_nano.a(libc_a-fflush.o)
                0x08045784                _fflush_r
 .text.__swhatbuf_r
                0x080457d4       0x4a C:/ST/STM32CubeIDE_2.0.0/STM32CubeIDE/plugins/com.st.stm32cube.ide.mcu.externaltools.gnu-tools-for-stm32.13.3.rel1.win32_1.0.100.202509120712/tools/bin/../lib/gcc/arm-none-eabi/13.3.1/../../../../arm-none-eabi/lib/thumb/v8-m.main+fp/hard\libc_nano.a(libc_a-makebuf.o)
                0x080457d4                __swhatbuf_r
 .text.__smakebuf_r
                0x0804581e       0x78 C:/ST/STM32CubeIDE_2.0.0/STM32CubeIDE/plugins/com.st.stm32cube.ide.mcu.externaltools.gnu-tools-for-stm32.13.3.rel1.win32_1.0.100.202509120712/tools/bin/../lib/gcc/arm-none-eabi/13.3.1/../../../../arm-none-eabi/lib/thumb/v8-m.main+fp/hard\libc_nano.a(libc_a-makebuf.o)
                0x0804581e                __smakebuf_r
 *fill*         0x08045896        0x2 
 .text._fstat_r
                0x08045898       0x24 C:/ST/STM32CubeIDE_2.0.0/STM32CubeIDE/plugins/com.st.stm32cube.ide.mcu.externaltools.gnu-tools-for-stm32.13.3.rel1.win32_1.0.100.202509120712/tools/bin/../lib/gcc/arm-none-eabi/13.3.1/../../../../arm-none-eabi/lib/thumb/v8-m.main+fp/hard\libc_nano.a(libc_a-fstatr.o)
                0x08045898                _fstat_r
 .text._isatty_r
                0x080458bc       0x20 C:/ST/STM32CubeIDE_2.0.0/STM32CubeIDE/plugins/com.st.stm32cube.ide.mcu.externaltools.gnu-tools-for-stm32.13.3.rel1.win32_1.0.100.202509120712/tools/bin/../lib/gcc/arm-none-eabi/13.3.1/../../../../arm-none-eabi/lib/thumb/v8-m.main+fp/hard\libc_nano.a(libc_a-isattyr.o)
                0x080458bc                _isatty_r
 .text.memchr   0x080458dc       0x1c C:/ST/STM32CubeIDE_2.0.0/STM32CubeIDE/plugins/com.st.stm32cube.ide.mcu.externaltools.gnu-tools-for-stm32.13.3.rel1.win32_1.0.100.202509120712/tools/bin/../lib/gcc/arm-none-eabi/13.3.1/../../../../arm-none-eabi/lib/thumb/v8-m.main+fp/hard\libc_nano.a(libc_a-memchr-stub.o)
                0x080458dc                memchr
 *(.glue_7)
 .glue_7        0x080458f8        0x0 linker stubs
 *(.glue_7t)
 .glue_7t       0x080458f8        0x0 linker stubs
 *(.eh_frame)
 .eh_frame      0x080458f8        0x0 C:/ST/STM32CubeIDE_2.0.0/STM32CubeIDE/plugins/com.st.stm32cube.ide.mcu.externaltools.gnu-tools-for-stm32.13.3.rel1.win32_1.0.100.202509120712/tools/bin/../lib/gcc/arm-none-eabi/13.3.1/thumb/v8-m.main+fp/hard/crtbegin.o
 *(.init)
 .init          0x080458f8        0x4 C:/ST/STM32CubeIDE_2.0.0/STM32CubeIDE/plugins/com.st.stm32cube.ide.mcu.externaltools.gnu-tools-for-stm32.13.3.rel1.win32_1.0.100.202509120712/tools/bin/../lib/gcc/arm-none-eabi/13.3.1/thumb/v8-m.main+fp/hard/crti.o
                0x080458f8                _init
 .init          0x080458fc        0x8 C:/ST/STM32CubeIDE_2.0.0/STM32CubeIDE/plugins/com.st.stm32cube.ide.mcu.externaltools.gnu-tools-for-stm32.13.3.rel1.win32_1.0.100.202509120712/tools/bin/../lib/gcc/arm-none-eabi/13.3.1/thumb/v8-m.main+fp/hard/crtn.o
 *(.fini)
 .fini          0x08045904        0x4 C:/ST/STM32CubeIDE_2.0.0/STM32CubeIDE/plugins/com.st.stm32cube.ide.mcu.externaltools.gnu-tools-for-stm32.13.3.rel1.win32_1.0.100.202509120712/tools/bin/../lib/gcc/arm-none-eabi/13.3.1/thumb/v8-m.main+fp/hard/crti.o
                0x08045904                _fini
 .fini          0x08045908        0x8 C:/ST/STM32CubeIDE_2.0.0/STM32CubeIDE/plugins/com.st.stm32cube.ide.mcu.externaltools.gnu-tools-for-stm32.13.3.rel1.win32_1.0.100.202509120712/tools/bin/../lib/gcc/arm-none-eabi/13.3.1/thumb/v8-m.main+fp/hard/crtn.o
 .fini.__stub   0x08045910       0x40 linker stubs
                0x08045950                        . = ALIGN (0x8)
                0x08045950                        _etext = .

.vfp11_veneer   0x08045950        0x0
 .vfp11_veneer  0x08045950        0x0 linker stubs

.v4_bx          0x08045950        0x0
 .v4_bx         0x08045950        0x0 linker stubs

.iplt           0x08045950        0x0
 .iplt          0x08045950        0x0 C:/ST/STM32CubeIDE_2.0.0/STM32CubeIDE/plugins/com.st.stm32cube.ide.mcu.externaltools.gnu-tools-for-stm32.13.3.rel1.win32_1.0.100.202509120712/tools/bin/../lib/gcc/arm-none-eabi/13.3.1/thumb/v8-m.main+fp/hard/crtbegin.o

.rodata         0x08045950      0x1d0
                0x08045950                        . = ALIGN (0x8)
 *(.rodata)
 *(.rodata*)
 .rodata.SMARM_Experiment_Task.str1.1
                0x08045950       0xed ./Application/User/main.o
                                 0x8f (size before relaxing)
 .rodata.str1.1
                0x08045a3d        0x0 ./Application/User/main.o
                                 0x19 (size before relaxing)
 *fill*         0x08045a3d        0x3 
 .rodata.myTask02_attributes
                0x08045a40       0x24 ./Application/User/main.o
                0x08045a40                myTask02_attributes
 .rodata.LEDThreadHandle_attributes
                0x08045a64       0x24 ./Application/User/main.o
                0x08045a64                LEDThreadHandle_attributes
 .rodata.LED_PORT
                0x08045a88        0xc ./Drivers/BSP/STM32L5xx_Nucleo/stm32l5xx_nucleo.o
 .rodata.LED_PIN
                0x08045a94        0x6 ./Drivers/BSP/STM32L5xx_Nucleo/stm32l5xx_nucleo.o
 *fill*         0x08045a9a        0x2 
 .rodata.MSIRangeTable
                0x08045a9c       0x40 ./Drivers/CMSIS/system_stm32l5xx_ns.o
                0x08045a9c                MSIRangeTable
 .rodata.APBPrescTable
                0x08045adc        0x8 ./Drivers/CMSIS/system_stm32l5xx_ns.o
                0x08045adc                APBPrescTable
 .rodata.AHBPrescTable
                0x08045ae4       0x10 ./Drivers/CMSIS/system_stm32l5xx_ns.o
                0x08045ae4                AHBPrescTable
 .rodata.UARTPrescTable
                0x08045af4       0x18 ./Drivers/STM32L5xx_HAL_Driver/stm32l5xx_hal_uart.o
                0x08045af4                UARTPrescTable
 .rodata.denominator.0
                0x08045b0c        0x8 ./Drivers/STM32L5xx_HAL_Driver/stm32l5xx_hal_uart_ex.o
 .rodata.numerator.1
                0x08045b14        0x8 ./Drivers/STM32L5xx_HAL_Driver/stm32l5xx_hal_uart_ex.o
 .rodata.vTaskStartScheduler.str1.1
                0x08045b1c        0x0 ./Middlewares/FreeRTOS/tasks.o
                                  0x5 (size before relaxing)
 .rodata.prvCheckForValidListAndQueue.str1.1
                0x08045b1c        0x0 ./Middlewares/FreeRTOS/timers.o
                                  0x5 (size before relaxing)
 .rodata.xTimerCreateTimerTask.str1.1
                0x08045b1c        0x0 ./Middlewares/FreeRTOS/timers.o
                                  0x8 (size before relaxing)
 .rodata._vfprintf_r.str1.1
                0x08045b1c        0x0 C:/ST/STM32CubeIDE_2.0.0/STM32CubeIDE/plugins/com.st.stm32cube.ide.mcu.externaltools.gnu-tools-for-stm32.13.3.rel1.win32_1.0.100.202509120712/tools/bin/../lib/gcc/arm-none-eabi/13.3.1/../../../../arm-none-eabi/lib/thumb/v8-m.main+fp/hard\libc_nano.a(libc_a-nano-vfprintf.o)
                                 0x11 (size before relaxing)
 .rodata._printf_i.str1.1
                0x08045b1c        0x0 C:/ST/STM32CubeIDE_2.0.0/STM32CubeIDE/plugins/com.st.stm32cube.ide.mcu.externaltools.gnu-tools-for-stm32.13.3.rel1.win32_1.0.100.202509120712/tools/bin/../lib/gcc/arm-none-eabi/13.3.1/../../../../arm-none-eabi/lib/thumb/v8-m.main+fp/hard\libc_nano.a(libc_a-nano-vfprintf_i.o)
                                 0x22 (size before relaxing)
                0x08045b20                        . = ALIGN (0x8)
 *fill*         0x08045b1c        0x4 

.ARM.extab      0x08045b20        0x0
                0x08045b20                        . = ALIGN (0x8)
 *(.ARM.extab* .gnu.linkonce.armextab.*)
                0x08045b20                        . = ALIGN (0x8)

.ARM            0x08045b20        0x8
                0x08045b20                        . = ALIGN (0x8)
                0x08045b20                        __exidx_start = .
 *(.ARM.exidx*)
 .ARM.exidx     0x08045b20        0x8 C:/ST/STM32CubeIDE_2.0.0/STM32CubeIDE/plugins/com.st.stm32cube.ide.mcu.externaltools.gnu-tools-for-stm32.13.3.rel1.win32_1.0.100.202509120712/tools/bin/../lib/gcc/arm-none-eabi/13.3.1/thumb/v8-m.main+fp/hard\libgcc.a(_udivmoddi4.o)
                0x08045b28                        __exidx_end = .
                0x08045b28                        . = ALIGN (0x8)

.preinit_array  0x08045b28        0x0
                0x08045b28                        . = ALIGN (0x8)
                0x08045b28                        PROVIDE (__preinit_array_start = .)
 *(.preinit_array*)
                0x08045b28                        PROVIDE (__preinit_array_end = .)
                0x08045b28                        . = ALIGN (0x8)

.init_array     0x08045b28        0x8
                0x08045b28                        . = ALIGN (0x8)
                0x08045b28                        PROVIDE (__init_array_start = .)
 *(SORT_BY_NAME(.init_array.*))
 *(.init_array*)
 .init_array    0x08045b28        0x4 C:/ST/STM32CubeIDE_2.0.0/STM32CubeIDE/plugins/com.st.stm32cube.ide.mcu.externaltools.gnu-tools-for-stm32.13.3.rel1.win32_1.0.100.202509120712/tools/bin/../lib/gcc/arm-none-eabi/13.3.1/thumb/v8-m.main+fp/hard/crtbegin.o
                0x08045b2c                        PROVIDE (__init_array_end = .)
                0x08045b30                        . = ALIGN (0x8)
 *fill*         0x08045b2c        0x4 

.fini_array     0x08045b30        0x8
                0x08045b30                        . = ALIGN (0x8)
                [!provide]                        PROVIDE (__fini_array_start = .)
 *(SORT_BY_NAME(.fini_array.*))
 *(.fini_array*)
 .fini_array    0x08045b30        0x4 C:/ST/STM32CubeIDE_2.0.0/STM32CubeIDE/plugins/com.st.stm32cube.ide.mcu.externaltools.gnu-tools-for-stm32.13.3.rel1.win32_1.0.100.202509120712/tools/bin/../lib/gcc/arm-none-eabi/13.3.1/thumb/v8-m.main+fp/hard/crtbegin.o
                [!provide]                        PROVIDE (__fini_array_end = .)
                0x08045b38                        . = ALIGN (0x8)
 *fill*         0x08045b34        0x4 
                0x08045b38                        _sidata = LOADADDR (.data)

.rel.dyn        0x08045b38        0x0
 .rel.iplt      0x08045b38        0x0 C:/ST/STM32CubeIDE_2.0.0/STM32CubeIDE/plugins/com.st.stm32cube.ide.mcu.externaltools.gnu-tools-for-stm32.13.3.rel1.win32_1.0.100.202509120712/tools/bin/../lib/gcc/arm-none-eabi/13.3.1/thumb/v8-m.main+fp/hard/crtbegin.o

.data           0x20018000       0x70 load address 0x08045b38
                0x20018000                        . = ALIGN (0x8)
                0x20018000                        _sdata = .
 *(.data)
 *(.data*)
 .data.SystemCoreClock
                0x20018000        0x4 ./Drivers/CMSIS/system_stm32l5xx_ns.o
                0x20018000                SystemCoreClock
 .data.uwTickFreq
                0x20018004        0x1 ./Drivers/STM32L5xx_HAL_Driver/stm32l5xx_hal.o
                0x20018004                uwTickFreq
 *fill*         0x20018005        0x3 
 .data.uwTickPrio
                0x20018008        0x4 ./Drivers/STM32L5xx_HAL_Driver/stm32l5xx_hal.o
                0x20018008                uwTickPrio
 .data.ulCriticalNesting
                0x2001800c        0x4 ./Middlewares/FreeRTOS/port.o
 .data.__sglue  0x20018010        0xc C:/ST/STM32CubeIDE_2.0.0/STM32CubeIDE/plugins/com.st.stm32cube.ide.mcu.externaltools.gnu-tools-for-stm32.13.3.rel1.win32_1.0.100.202509120712/tools/bin/../lib/gcc/arm-none-eabi/13.3.1/../../../../arm-none-eabi/lib/thumb/v8-m.main+fp/hard\libc_nano.a(libc_a-findfp.o)
                0x20018010                __sglue
 .data._impure_ptr
                0x2001801c        0x4 C:/ST/STM32CubeIDE_2.0.0/STM32CubeIDE/plugins/com.st.stm32cube.ide.mcu.externaltools.gnu-tools-for-stm32.13.3.rel1.win32_1.0.100.202509120712/tools/bin/../lib/gcc/arm-none-eabi/13.3.1/../../../../arm-none-eabi/lib/thumb/v8-m.main+fp/hard\libc_nano.a(libc_a-impure.o)
                0x2001801c                _impure_ptr
 .data._impure_data
                0x20018020       0x4c C:/ST/STM32CubeIDE_2.0.0/STM32CubeIDE/plugins/com.st.stm32cube.ide.mcu.externaltools.gnu-tools-for-stm32.13.3.rel1.win32_1.0.100.202509120712/tools/bin/../lib/gcc/arm-none-eabi/13.3.1/../../../../arm-none-eabi/lib/thumb/v8-m.main+fp/hard\libc_nano.a(libc_a-impure.o)
                0x20018020                _impure_data
                0x20018070                        . = ALIGN (0x8)
 *fill*         0x2001806c        0x4 
                0x20018070                        _edata = .

.igot.plt       0x20018070        0x0 load address 0x08045ba8
 .igot.plt      0x20018070        0x0 C:/ST/STM32CubeIDE_2.0.0/STM32CubeIDE/plugins/com.st.stm32cube.ide.mcu.externaltools.gnu-tools-for-stm32.13.3.rel1.win32_1.0.100.202509120712/tools/bin/../lib/gcc/arm-none-eabi/13.3.1/thumb/v8-m.main+fp/hard/crtbegin.o
                0x20018070                        . = ALIGN (0x8)

.bss            0x20018070     0x39a8 load address 0x08045ba8
                0x20018070                        _sbss = .
                0x20018070                        __bss_start__ = _sbss
 *(.bss)
 .bss           0x20018070       0x1c C:/ST/STM32CubeIDE_2.0.0/STM32CubeIDE/plugins/com.st.stm32cube.ide.mcu.externaltools.gnu-tools-for-stm32.13.3.rel1.win32_1.0.100.202509120712/tools/bin/../lib/gcc/arm-none-eabi/13.3.1/thumb/v8-m.main+fp/hard/crtbegin.o
 *(.bss*)
 .bss.g_normal_counter
                0x2001808c        0x4 ./Application/User/main.o
                0x2001808c                g_normal_counter
 .bss.myTask02Handle
                0x20018090        0x4 ./Application/User/main.o
                0x20018090                myTask02Handle
 .bss.LEDThreadHandleHandle
                0x20018094        0x4 ./Application/User/main.o
                0x20018094                LEDThreadHandleHandle
 .bss.hlpuart1  0x20018098       0x94 ./Application/User/main.o
                0x20018098                hlpuart1
 .bss.htim2     0x2001812c       0x4c ./Application/User/main.o
                0x2001812c                htim2
 .bss.uart_mutex
                0x20018178        0x4 ./Application/User/main.o
                0x20018178                uart_mutex
 .bss.htim6     0x2001817c       0x4c ./Application/User/stm32l5xx_hal_timebase_tim.o
                0x2001817c                htim6
 .bss.__sbrk_heap_end
                0x200181c8        0x4 ./Application/User/sysmem.o
 .bss.uwTick    0x200181cc        0x4 ./Drivers/STM32L5xx_HAL_Driver/stm32l5xx_hal.o
                0x200181cc                uwTick
 .bss.Timer_Stack.0
                0x200181d0      0x800 ./Middlewares/FreeRTOS/cmsis_os2.o
 .bss.Timer_TCB.1
                0x200189d0       0x5c ./Middlewares/FreeRTOS/cmsis_os2.o
 .bss.Idle_Stack.2
                0x20018a2c      0x800 ./Middlewares/FreeRTOS/cmsis_os2.o
 .bss.Idle_TCB.3
                0x2001922c       0x5c ./Middlewares/FreeRTOS/cmsis_os2.o
 .bss.KernelState
                0x20019288        0x4 ./Middlewares/FreeRTOS/cmsis_os2.o
 .bss.xBlockAllocatedBit
                0x2001928c        0x4 ./Middlewares/FreeRTOS/heap_4.o
 .bss.xNumberOfSuccessfulFrees
                0x20019290        0x4 ./Middlewares/FreeRTOS/heap_4.o
 .bss.xNumberOfSuccessfulAllocations
                0x20019294        0x4 ./Middlewares/FreeRTOS/heap_4.o
 .bss.xMinimumEverFreeBytesRemaining
                0x20019298        0x4 ./Middlewares/FreeRTOS/heap_4.o
 .bss.xFreeBytesRemaining
                0x2001929c        0x4 ./Middlewares/FreeRTOS/heap_4.o
 .bss.pxEnd     0x200192a0        0x4 ./Middlewares/FreeRTOS/heap_4.o
 .bss.xStart    0x200192a4        0x8 ./Middlewares/FreeRTOS/heap_4.o
 .bss.ucHeap    0x200192ac     0x2000 ./Middlewares/FreeRTOS/heap_4.o
 .bss.xSecureContext
                0x2001b2ac        0x4 ./Middlewares/FreeRTOS/port.o
                0x2001b2ac                xSecureContext
 .bss.xQueueRegistry
                0x2001b2b0       0x40 ./Middlewares/FreeRTOS/queue.o
                0x2001b2b0                xQueueRegistry
 .bss.uxSchedulerSuspended
                0x2001b2f0        0x4 ./Middlewares/FreeRTOS/tasks.o
 .bss.xNextTaskUnblockTime
                0x2001b2f4        0x4 ./Middlewares/FreeRTOS/tasks.o
 .bss.uxTaskNumber
                0x2001b2f8        0x4 ./Middlewares/FreeRTOS/tasks.o
 .bss.xNumOfOverflows
                0x2001b2fc        0x4 ./Middlewares/FreeRTOS/tasks.o
 .bss.xYieldPending
                0x2001b300        0x4 ./Middlewares/FreeRTOS/tasks.o
 .bss.xPendedTicks
                0x2001b304        0x4 ./Middlewares/FreeRTOS/tasks.o
 .bss.xSchedulerRunning
                0x2001b308        0x4 ./Middlewares/FreeRTOS/tasks.o
 .bss.uxTopReadyPriority
                0x2001b30c        0x4 ./Middlewares/FreeRTOS/tasks.o
 .bss.xTickCount
                0x2001b310        0x4 ./Middlewares/FreeRTOS/tasks.o
 .bss.uxCurrentNumberOfTasks
                0x2001b314        0x4 ./Middlewares/FreeRTOS/tasks.o
 .bss.xSuspendedTaskList
                0x2001b318       0x14 ./Middlewares/FreeRTOS/tasks.o
 .bss.uxDeletedTasksWaitingCleanUp
                0x2001b32c        0x4 ./Middlewares/FreeRTOS/tasks.o
 .bss.xTasksWaitingTermination
                0x2001b330       0x14 ./Middlewares/FreeRTOS/tasks.o
 .bss.xPendingReadyList
                0x2001b344       0x14 ./Middlewares/FreeRTOS/tasks.o
 .bss.pxOverflowDelayedTaskList
                0x2001b358        0x4 ./Middlewares/FreeRTOS/tasks.o
 .bss.pxDelayedTaskList
                0x2001b35c        0x4 ./Middlewares/FreeRTOS/tasks.o
 .bss.xDelayedTaskList2
                0x2001b360       0x14 ./Middlewares/FreeRTOS/tasks.o
 .bss.xDelayedTaskList1
                0x2001b374       0x14 ./Middlewares/FreeRTOS/tasks.o
 .bss.pxReadyTasksLists
                0x2001b388      0x460 ./Middlewares/FreeRTOS/tasks.o
 .bss.pxCurrentTCB
                0x2001b7e8        0x4 ./Middlewares/FreeRTOS/tasks.o
                0x2001b7e8                pxCurrentTCB
 .bss.xStaticTimerQueue.0
                0x2001b7ec       0x50 ./Middlewares/FreeRTOS/timers.o
 .bss.ucStaticTimerQueueStorage.1
                0x2001b83c       0x50 ./Middlewares/FreeRTOS/timers.o
 .bss.xLastTime.2
                0x2001b88c        0x4 ./Middlewares/FreeRTOS/timers.o
 .bss.xTimerTaskHandle
                0x2001b890        0x4 ./Middlewares/FreeRTOS/timers.o
 .bss.xTimerQueue
                0x2001b894        0x4 ./Middlewares/FreeRTOS/timers.o
 .bss.pxOverflowTimerList
                0x2001b898        0x4 ./Middlewares/FreeRTOS/timers.o
 .bss.pxCurrentTimerList
                0x2001b89c        0x4 ./Middlewares/FreeRTOS/timers.o
 .bss.xActiveTimerList2
                0x2001b8a0       0x14 ./Middlewares/FreeRTOS/timers.o
 .bss.xActiveTimerList1
                0x2001b8b4       0x14 ./Middlewares/FreeRTOS/timers.o
 .bss.__malloc_sbrk_start
                0x2001b8c8        0x4 C:/ST/STM32CubeIDE_2.0.0/STM32CubeIDE/plugins/com.st.stm32cube.ide.mcu.externaltools.gnu-tools-for-stm32.13.3.rel1.win32_1.0.100.202509120712/tools/bin/../lib/gcc/arm-none-eabi/13.3.1/../../../../arm-none-eabi/lib/thumb/v8-m.main+fp/hard\libc_nano.a(libc_a-mallocr.o)
                0x2001b8c8                __malloc_sbrk_start
 .bss.__malloc_free_list
                0x2001b8cc        0x4 C:/ST/STM32CubeIDE_2.0.0/STM32CubeIDE/plugins/com.st.stm32cube.ide.mcu.externaltools.gnu-tools-for-stm32.13.3.rel1.win32_1.0.100.202509120712/tools/bin/../lib/gcc/arm-none-eabi/13.3.1/../../../../arm-none-eabi/lib/thumb/v8-m.main+fp/hard\libc_nano.a(libc_a-mallocr.o)
                0x2001b8cc                __malloc_free_list
 .bss.__sf      0x2001b8d0      0x138 C:/ST/STM32CubeIDE_2.0.0/STM32CubeIDE/plugins/com.st.stm32cube.ide.mcu.externaltools.gnu-tools-for-stm32.13.3.rel1.win32_1.0.100.202509120712/tools/bin/../lib/gcc/arm-none-eabi/13.3.1/../../../../arm-none-eabi/lib/thumb/v8-m.main+fp/hard\libc_nano.a(libc_a-findfp.o)
                0x2001b8d0                __sf
 .bss.__stdio_exit_handler
                0x2001ba08        0x4 C:/ST/STM32CubeIDE_2.0.0/STM32CubeIDE/plugins/com.st.stm32cube.ide.mcu.externaltools.gnu-tools-for-stm32.13.3.rel1.win32_1.0.100.202509120712/tools/bin/../lib/gcc/arm-none-eabi/13.3.1/../../../../arm-none-eabi/lib/thumb/v8-m.main+fp/hard\libc_nano.a(libc_a-findfp.o)
                0x2001ba08                __stdio_exit_handler
 .bss.errno     0x2001ba0c        0x4 C:/ST/STM32CubeIDE_2.0.0/STM32CubeIDE/plugins/com.st.stm32cube.ide.mcu.externaltools.gnu-tools-for-stm32.13.3.rel1.win32_1.0.100.202509120712/tools/bin/../lib/gcc/arm-none-eabi/13.3.1/../../../../arm-none-eabi/lib/thumb/v8-m.main+fp/hard\libc_nano.a(libc_a-reent.o)
                0x2001ba0c                errno
 .bss.__lock___malloc_recursive_mutex
                0x2001ba10        0x1 C:/ST/STM32CubeIDE_2.0.0/STM32CubeIDE/plugins/com.st.stm32cube.ide.mcu.externaltools.gnu-tools-for-stm32.13.3.rel1.win32_1.0.100.202509120712/tools/bin/../lib/gcc/arm-none-eabi/13.3.1/../../../../arm-none-eabi/lib/thumb/v8-m.main+fp/hard\libc_nano.a(libc_a-lock.o)
                0x2001ba10                __lock___malloc_recursive_mutex
 .bss.__lock___sfp_recursive_mutex
                0x2001ba11        0x1 C:/ST/STM32CubeIDE_2.0.0/STM32CubeIDE/plugins/com.st.stm32cube.ide.mcu.externaltools.gnu-tools-for-stm32.13.3.rel1.win32_1.0.100.202509120712/tools/bin/../lib/gcc/arm-none-eabi/13.3.1/../../../../arm-none-eabi/lib/thumb/v8-m.main+fp/hard\libc_nano.a(libc_a-lock.o)
                0x2001ba11                __lock___sfp_recursive_mutex
 *(COMMON)
                0x2001ba18                        . = ALIGN (0x8)
 *fill*         0x2001ba12        0x6 
                0x2001ba18                        _ebss = .
                0x2001ba18                        __bss_end__ = _ebss

._user_heap_stack
                0x2001ba18      0x600 load address 0x08045ba8
                0x2001ba18                        . = ALIGN (0x8)
                [!provide]                        PROVIDE (end = .)
                0x2001ba18                        PROVIDE (_end = .)
                0x2001bc18                        . = (. + _Min_Heap_Size)
 *fill*         0x2001ba18      0x200 
                0x2001c018                        . = (. + _Min_Stack_Size)
 *fill*         0x2001bc18      0x400 
                0x2001c018                        . = ALIGN (0x8)

/DISCARD/
 libc.a(*)
 libm.a(*)
 libgcc.a(*)

.ARM.attributes
                0x00000000       0x36
 *(.ARM.attributes)
 .ARM.attributes
                0x00000000       0x26 C:/ST/STM32CubeIDE_2.0.0/STM32CubeIDE/plugins/com.st.stm32cube.ide.mcu.externaltools.gnu-tools-for-stm32.13.3.rel1.win32_1.0.100.202509120712/tools/bin/../lib/gcc/arm-none-eabi/13.3.1/thumb/v8-m.main+fp/hard/crti.o
 .ARM.attributes
                0x00000026       0x38 C:/ST/STM32CubeIDE_2.0.0/STM32CubeIDE/plugins/com.st.stm32cube.ide.mcu.externaltools.gnu-tools-for-stm32.13.3.rel1.win32_1.0.100.202509120712/tools/bin/../lib/gcc/arm-none-eabi/13.3.1/thumb/v8-m.main+fp/hard/crtbegin.o
 .ARM.attributes
                0x0000005e       0x24 ./Application/Startup/startup_stm32l552zetxq.o
 .ARM.attributes
                0x00000082       0x3a ./Application/User/app_freertos.o
 .ARM.attributes
                0x000000bc       0x3a ./Application/User/main.o
 .ARM.attributes
                0x000000f6       0x3a ./Application/User/stm32l5xx_hal_msp.o
 .ARM.attributes
                0x00000130       0x3a ./Application/User/stm32l5xx_hal_timebase_tim.o
 .ARM.attributes
                0x0000016a       0x3a ./Application/User/stm32l5xx_it.o
 .ARM.attributes
                0x000001a4       0x3a ./Application/User/syscalls.o
 .ARM.attributes
                0x000001de       0x3a ./Application/User/sysmem.o
 .ARM.attributes
                0x00000218       0x3a ./Drivers/BSP/STM32L5xx_Nucleo/stm32l5xx_nucleo.o
 .ARM.attributes
                0x00000252       0x3a ./Drivers/CMSIS/system_stm32l5xx_ns.o
 .ARM.attributes
                0x0000028c       0x3a ./Drivers/STM32L5xx_HAL_Driver/stm32l5xx_hal.o
 .ARM.attributes
                0x000002c6       0x3a ./Drivers/STM32L5xx_HAL_Driver/stm32l5xx_hal_cortex.o
 .ARM.attributes
                0x00000300       0x3a ./Drivers/STM32L5xx_HAL_Driver/stm32l5xx_hal_dma.o
 .ARM.attributes
                0x0000033a       0x3a ./Drivers/STM32L5xx_HAL_Driver/stm32l5xx_hal_gpio.o
 .ARM.attributes
                0x00000374       0x3a ./Drivers/STM32L5xx_HAL_Driver/stm32l5xx_hal_pwr_ex.o
 .ARM.attributes
                0x000003ae       0x3a ./Drivers/STM32L5xx_HAL_Driver/stm32l5xx_hal_rcc.o
 .ARM.attributes
                0x000003e8       0x3a ./Drivers/STM32L5xx_HAL_Driver/stm32l5xx_hal_rcc_ex.o
 .ARM.attributes
                0x00000422       0x3a ./Drivers/STM32L5xx_HAL_Driver/stm32l5xx_hal_tim.o
 .ARM.attributes
                0x0000045c       0x3a ./Drivers/STM32L5xx_HAL_Driver/stm32l5xx_hal_tim_ex.o
 .ARM.attributes
                0x00000496       0x3a ./Drivers/STM32L5xx_HAL_Driver/stm32l5xx_hal_uart.o
 .ARM.attributes
                0x000004d0       0x3a ./Drivers/STM32L5xx_HAL_Driver/stm32l5xx_hal_uart_ex.o
 .ARM.attributes
                0x0000050a       0x3a ./Middlewares/FreeRTOS/cmsis_os2.o
 .ARM.attributes
                0x00000544       0x3a ./Middlewares/FreeRTOS/heap_4.o
 .ARM.attributes
                0x0000057e       0x3a ./Middlewares/FreeRTOS/list.o
 .ARM.attributes
                0x000005b8       0x3a ./Middlewares/FreeRTOS/port.o
 .ARM.attributes
                0x000005f2       0x3a ./Middlewares/FreeRTOS/portasm.o
 .ARM.attributes
                0x0000062c       0x3a ./Middlewares/FreeRTOS/queue.o
 .ARM.attributes
                0x00000666       0x3a ./Middlewares/FreeRTOS/tasks.o
 .ARM.attributes
                0x000006a0       0x3a ./Middlewares/FreeRTOS/timers.o
 .ARM.attributes
                0x000006da       0x38 C:/ST/STM32CubeIDE_2.0.0/STM32CubeIDE/plugins/com.st.stm32cube.ide.mcu.externaltools.gnu-tools-for-stm32.13.3.rel1.win32_1.0.100.202509120712/tools/bin/../lib/gcc/arm-none-eabi/13.3.1/../../../../arm-none-eabi/lib/thumb/v8-m.main+fp/hard\libc_nano.a(libc_a-mallocr.o)
 .ARM.attributes
                0x00000712       0x38 C:/ST/STM32CubeIDE_2.0.0/STM32CubeIDE/plugins/com.st.stm32cube.ide.mcu.externaltools.gnu-tools-for-stm32.13.3.rel1.win32_1.0.100.202509120712/tools/bin/../lib/gcc/arm-none-eabi/13.3.1/../../../../arm-none-eabi/lib/thumb/v8-m.main+fp/hard\libc_nano.a(libc_a-mlock.o)
 .ARM.attributes
                0x0000074a       0x38 C:/ST/STM32CubeIDE_2.0.0/STM32CubeIDE/plugins/com.st.stm32cube.ide.mcu.externaltools.gnu-tools-for-stm32.13.3.rel1.win32_1.0.100.202509120712/tools/bin/../lib/gcc/arm-none-eabi/13.3.1/../../../../arm-none-eabi/lib/thumb/v8-m.main+fp/hard\libc_nano.a(libc_a-findfp.o)
 .ARM.attributes
                0x00000782       0x38 C:/ST/STM32CubeIDE_2.0.0/STM32CubeIDE/plugins/com.st.stm32cube.ide.mcu.externaltools.gnu-tools-for-stm32.13.3.rel1.win32_1.0.100.202509120712/tools/bin/../lib/gcc/arm-none-eabi/13.3.1/../../../../arm-none-eabi/lib/thumb/v8-m.main+fp/hard\libc_nano.a(libc_a-fwalk.o)
 .ARM.attributes
                0x000007ba       0x38 C:/ST/STM32CubeIDE_2.0.0/STM32CubeIDE/plugins/com.st.stm32cube.ide.mcu.externaltools.gnu-tools-for-stm32.13.3.rel1.win32_1.0.100.202509120712/tools/bin/../lib/gcc/arm-none-eabi/13.3.1/../../../../arm-none-eabi/lib/thumb/v8-m.main+fp/hard\libc_nano.a(libc_a-printf.o)
 .ARM.attributes
                0x000007f2       0x38 C:/ST/STM32CubeIDE_2.0.0/STM32CubeIDE/plugins/com.st.stm32cube.ide.mcu.externaltools.gnu-tools-for-stm32.13.3.rel1.win32_1.0.100.202509120712/tools/bin/../lib/gcc/arm-none-eabi/13.3.1/../../../../arm-none-eabi/lib/thumb/v8-m.main+fp/hard\libc_nano.a(libc_a-puts.o)
 .ARM.attributes
                0x0000082a       0x38 C:/ST/STM32CubeIDE_2.0.0/STM32CubeIDE/plugins/com.st.stm32cube.ide.mcu.externaltools.gnu-tools-for-stm32.13.3.rel1.win32_1.0.100.202509120712/tools/bin/../lib/gcc/arm-none-eabi/13.3.1/../../../../arm-none-eabi/lib/thumb/v8-m.main+fp/hard\libc_nano.a(libc_a-stdio.o)
 .ARM.attributes
                0x00000862       0x38 C:/ST/STM32CubeIDE_2.0.0/STM32CubeIDE/plugins/com.st.stm32cube.ide.mcu.externaltools.gnu-tools-for-stm32.13.3.rel1.win32_1.0.100.202509120712/tools/bin/../lib/gcc/arm-none-eabi/13.3.1/../../../../arm-none-eabi/lib/thumb/v8-m.main+fp/hard\libc_nano.a(libc_a-wbuf.o)
 .ARM.attributes
                0x0000089a       0x38 C:/ST/STM32CubeIDE_2.0.0/STM32CubeIDE/plugins/com.st.stm32cube.ide.mcu.externaltools.gnu-tools-for-stm32.13.3.rel1.win32_1.0.100.202509120712/tools/bin/../lib/gcc/arm-none-eabi/13.3.1/../../../../arm-none-eabi/lib/thumb/v8-m.main+fp/hard\libc_nano.a(libc_a-wsetup.o)
 .ARM.attributes
                0x000008d2       0x38 C:/ST/STM32CubeIDE_2.0.0/STM32CubeIDE/plugins/com.st.stm32cube.ide.mcu.externaltools.gnu-tools-for-stm32.13.3.rel1.win32_1.0.100.202509120712/tools/bin/../lib/gcc/arm-none-eabi/13.3.1/../../../../arm-none-eabi/lib/thumb/v8-m.main+fp/hard\libc_nano.a(libc_a-memset.o)
 .ARM.attributes
                0x0000090a       0x38 C:/ST/STM32CubeIDE_2.0.0/STM32CubeIDE/plugins/com.st.stm32cube.ide.mcu.externaltools.gnu-tools-for-stm32.13.3.rel1.win32_1.0.100.202509120712/tools/bin/../lib/gcc/arm-none-eabi/13.3.1/../../../../arm-none-eabi/lib/thumb/v8-m.main+fp/hard\libc_nano.a(libc_a-closer.o)
 .ARM.attributes
                0x00000942       0x38 C:/ST/STM32CubeIDE_2.0.0/STM32CubeIDE/plugins/com.st.stm32cube.ide.mcu.externaltools.gnu-tools-for-stm32.13.3.rel1.win32_1.0.100.202509120712/tools/bin/../lib/gcc/arm-none-eabi/13.3.1/../../../../arm-none-eabi/lib/thumb/v8-m.main+fp/hard\libc_nano.a(libc_a-reent.o)
 .ARM.attributes
                0x0000097a       0x38 C:/ST/STM32CubeIDE_2.0.0/STM32CubeIDE/plugins/com.st.stm32cube.ide.mcu.externaltools.gnu-tools-for-stm32.13.3.rel1.win32_1.0.100.202509120712/tools/bin/../lib/gcc/arm-none-eabi/13.3.1/../../../../arm-none-eabi/lib/thumb/v8-m.main+fp/hard\libc_nano.a(libc_a-impure.o)
 .ARM.attributes
                0x000009b2       0x38 C:/ST/STM32CubeIDE_2.0.0/STM32CubeIDE/plugins/com.st.stm32cube.ide.mcu.externaltools.gnu-tools-for-stm32.13.3.rel1.win32_1.0.100.202509120712/tools/bin/../lib/gcc/arm-none-eabi/13.3.1/../../../../arm-none-eabi/lib/thumb/v8-m.main+fp/hard\libc_nano.a(libc_a-lseekr.o)
 .ARM.attributes
                0x000009ea       0x38 C:/ST/STM32CubeIDE_2.0.0/STM32CubeIDE/plugins/com.st.stm32cube.ide.mcu.externaltools.gnu-tools-for-stm32.13.3.rel1.win32_1.0.100.202509120712/tools/bin/../lib/gcc/arm-none-eabi/13.3.1/../../../../arm-none-eabi/lib/thumb/v8-m.main+fp/hard\libc_nano.a(libc_a-readr.o)
 .ARM.attributes
                0x00000a22       0x38 C:/ST/STM32CubeIDE_2.0.0/STM32CubeIDE/plugins/com.st.stm32cube.ide.mcu.externaltools.gnu-tools-for-stm32.13.3.rel1.win32_1.0.100.202509120712/tools/bin/../lib/gcc/arm-none-eabi/13.3.1/../../../../arm-none-eabi/lib/thumb/v8-m.main+fp/hard\libc_nano.a(libc_a-sbrkr.o)
 .ARM.attributes
                0x00000a5a       0x38 C:/ST/STM32CubeIDE_2.0.0/STM32CubeIDE/plugins/com.st.stm32cube.ide.mcu.externaltools.gnu-tools-for-stm32.13.3.rel1.win32_1.0.100.202509120712/tools/bin/../lib/gcc/arm-none-eabi/13.3.1/../../../../arm-none-eabi/lib/thumb/v8-m.main+fp/hard\libc_nano.a(libc_a-writer.o)
 .ARM.attributes
                0x00000a92       0x38 C:/ST/STM32CubeIDE_2.0.0/STM32CubeIDE/plugins/com.st.stm32cube.ide.mcu.externaltools.gnu-tools-for-stm32.13.3.rel1.win32_1.0.100.202509120712/tools/bin/../lib/gcc/arm-none-eabi/13.3.1/../../../../arm-none-eabi/lib/thumb/v8-m.main+fp/hard\libc_nano.a(libc_a-errno.o)
 .ARM.attributes
                0x00000aca       0x38 C:/ST/STM32CubeIDE_2.0.0/STM32CubeIDE/plugins/com.st.stm32cube.ide.mcu.externaltools.gnu-tools-for-stm32.13.3.rel1.win32_1.0.100.202509120712/tools/bin/../lib/gcc/arm-none-eabi/13.3.1/../../../../arm-none-eabi/lib/thumb/v8-m.main+fp/hard\libc_nano.a(libc_a-init.o)
 .ARM.attributes
                0x00000b02       0x38 C:/ST/STM32CubeIDE_2.0.0/STM32CubeIDE/plugins/com.st.stm32cube.ide.mcu.externaltools.gnu-tools-for-stm32.13.3.rel1.win32_1.0.100.202509120712/tools/bin/../lib/gcc/arm-none-eabi/13.3.1/../../../../arm-none-eabi/lib/thumb/v8-m.main+fp/hard\libc_nano.a(libc_a-lock.o)
 .ARM.attributes
                0x00000b3a       0x38 C:/ST/STM32CubeIDE_2.0.0/STM32CubeIDE/plugins/com.st.stm32cube.ide.mcu.externaltools.gnu-tools-for-stm32.13.3.rel1.win32_1.0.100.202509120712/tools/bin/../lib/gcc/arm-none-eabi/13.3.1/../../../../arm-none-eabi/lib/thumb/v8-m.main+fp/hard\libc_nano.a(libc_a-memcpy-stub.o)
 .ARM.attributes
                0x00000b72       0x38 C:/ST/STM32CubeIDE_2.0.0/STM32CubeIDE/plugins/com.st.stm32cube.ide.mcu.externaltools.gnu-tools-for-stm32.13.3.rel1.win32_1.0.100.202509120712/tools/bin/../lib/gcc/arm-none-eabi/13.3.1/../../../../arm-none-eabi/lib/thumb/v8-m.main+fp/hard\libc_nano.a(libc_a-freer.o)
 .ARM.attributes
                0x00000baa       0x38 C:/ST/STM32CubeIDE_2.0.0/STM32CubeIDE/plugins/com.st.stm32cube.ide.mcu.externaltools.gnu-tools-for-stm32.13.3.rel1.win32_1.0.100.202509120712/tools/bin/../lib/gcc/arm-none-eabi/13.3.1/../../../../arm-none-eabi/lib/thumb/v8-m.main+fp/hard\libc_nano.a(libc_a-nano-vfprintf.o)
 .ARM.attributes
                0x00000be2       0x38 C:/ST/STM32CubeIDE_2.0.0/STM32CubeIDE/plugins/com.st.stm32cube.ide.mcu.externaltools.gnu-tools-for-stm32.13.3.rel1.win32_1.0.100.202509120712/tools/bin/../lib/gcc/arm-none-eabi/13.3.1/../../../../arm-none-eabi/lib/thumb/v8-m.main+fp/hard\libc_nano.a(libc_a-nano-vfprintf_i.o)
 .ARM.attributes
                0x00000c1a       0x38 C:/ST/STM32CubeIDE_2.0.0/STM32CubeIDE/plugins/com.st.stm32cube.ide.mcu.externaltools.gnu-tools-for-stm32.13.3.rel1.win32_1.0.100.202509120712/tools/bin/../lib/gcc/arm-none-eabi/13.3.1/../../../../arm-none-eabi/lib/thumb/v8-m.main+fp/hard\libc_nano.a(libc_a-fflush.o)
 .ARM.attributes
                0x00000c52       0x38 C:/ST/STM32CubeIDE_2.0.0/STM32CubeIDE/plugins/com.st.stm32cube.ide.mcu.externaltools.gnu-tools-for-stm32.13.3.rel1.win32_1.0.100.202509120712/tools/bin/../lib/gcc/arm-none-eabi/13.3.1/../../../../arm-none-eabi/lib/thumb/v8-m.main+fp/hard\libc_nano.a(libc_a-makebuf.o)
 .ARM.attributes
                0x00000c8a       0x38 C:/ST/STM32CubeIDE_2.0.0/STM32CubeIDE/plugins/com.st.stm32cube.ide.mcu.externaltools.gnu-tools-for-stm32.13.3.rel1.win32_1.0.100.202509120712/tools/bin/../lib/gcc/arm-none-eabi/13.3.1/../../../../arm-none-eabi/lib/thumb/v8-m.main+fp/hard\libc_nano.a(libc_a-fstatr.o)
 .ARM.attributes
                0x00000cc2       0x38 C:/ST/STM32CubeIDE_2.0.0/STM32CubeIDE/plugins/com.st.stm32cube.ide.mcu.externaltools.gnu-tools-for-stm32.13.3.rel1.win32_1.0.100.202509120712/tools/bin/../lib/gcc/arm-none-eabi/13.3.1/../../../../arm-none-eabi/lib/thumb/v8-m.main+fp/hard\libc_nano.a(libc_a-isattyr.o)
 .ARM.attributes
                0x00000cfa       0x38 C:/ST/STM32CubeIDE_2.0.0/STM32CubeIDE/plugins/com.st.stm32cube.ide.mcu.externaltools.gnu-tools-for-stm32.13.3.rel1.win32_1.0.100.202509120712/tools/bin/../lib/gcc/arm-none-eabi/13.3.1/../../../../arm-none-eabi/lib/thumb/v8-m.main+fp/hard\libc_nano.a(libc_a-memchr-stub.o)
 .ARM.attributes
                0x00000d32       0x26 C:/ST/STM32CubeIDE_2.0.0/STM32CubeIDE/plugins/com.st.stm32cube.ide.mcu.externaltools.gnu-tools-for-stm32.13.3.rel1.win32_1.0.100.202509120712/tools/bin/../lib/gcc/arm-none-eabi/13.3.1/thumb/v8-m.main+fp/hard\libgcc.a(_aeabi_uldivmod.o)
 .ARM.attributes
                0x00000d58       0x38 C:/ST/STM32CubeIDE_2.0.0/STM32CubeIDE/plugins/com.st.stm32cube.ide.mcu.externaltools.gnu-tools-for-stm32.13.3.rel1.win32_1.0.100.202509120712/tools/bin/../lib/gcc/arm-none-eabi/13.3.1/thumb/v8-m.main+fp/hard\libgcc.a(_udivmoddi4.o)
 .ARM.attributes
                0x00000d90       0x26 C:/ST/STM32CubeIDE_2.0.0/STM32CubeIDE/plugins/com.st.stm32cube.ide.mcu.externaltools.gnu-tools-for-stm32.13.3.rel1.win32_1.0.100.202509120712/tools/bin/../lib/gcc/arm-none-eabi/13.3.1/thumb/v8-m.main+fp/hard\libgcc.a(_dvmd_tls.o)
 .ARM.attributes
                0x00000db6       0x26 C:/ST/STM32CubeIDE_2.0.0/STM32CubeIDE/plugins/com.st.stm32cube.ide.mcu.externaltools.gnu-tools-for-stm32.13.3.rel1.win32_1.0.100.202509120712/tools/bin/../lib/gcc/arm-none-eabi/13.3.1/thumb/v8-m.main+fp/hard/crtn.o
OUTPUT(FreeRTOS_SecureIOToggle_TrustZone_NonSecure.elf elf32-littlearm)
LOAD linker stubs
LOAD C:/ST/STM32CubeIDE_2.0.0/STM32CubeIDE/plugins/com.st.stm32cube.ide.mcu.externaltools.gnu-tools-for-stm32.13.3.rel1.win32_1.0.100.202509120712/tools/bin/../lib/gcc/arm-none-eabi/13.3.1/../../../../arm-none-eabi/lib/thumb/v8-m.main+fp/hard\libc.a
LOAD C:/ST/STM32CubeIDE_2.0.0/STM32CubeIDE/plugins/com.st.stm32cube.ide.mcu.externaltools.gnu-tools-for-stm32.13.3.rel1.win32_1.0.100.202509120712/tools/bin/../lib/gcc/arm-none-eabi/13.3.1/../../../../arm-none-eabi/lib/thumb/v8-m.main+fp/hard\libm.a
LOAD C:/ST/STM32CubeIDE_2.0.0/STM32CubeIDE/plugins/com.st.stm32cube.ide.mcu.externaltools.gnu-tools-for-stm32.13.3.rel1.win32_1.0.100.202509120712/tools/bin/../lib/gcc/arm-none-eabi/13.3.1/thumb/v8-m.main+fp/hard\libgcc.a

.debug_line     0x00000000    0x26654
 .debug_line    0x00000000       0x77 ./Application/Startup/startup_stm32l552zetxq.o
 .debug_line    0x00000077      0x9b1 ./Application/User/app_freertos.o
 .debug_line    0x00000a28     0x1dc2 ./Application/User/main.o
 .debug_line    0x000027ea      0x9f4 ./Application/User/stm32l5xx_hal_msp.o
 .debug_line    0x000031de      0x8bb ./Application/User/stm32l5xx_hal_timebase_tim.o
 .debug_line    0x00003a99      0x8f3 ./Application/User/stm32l5xx_it.o
 .debug_line    0x0000438c      0x973 ./Application/User/syscalls.o
 .debug_line    0x00004cff      0x5c5 ./Application/User/sysmem.o
 .debug_line    0x000052c4      0xd88 ./Drivers/BSP/STM32L5xx_Nucleo/stm32l5xx_nucleo.o
 .debug_line    0x0000604c      0x823 ./Drivers/CMSIS/system_stm32l5xx_ns.o
 .debug_line    0x0000686f      0xd10 ./Drivers/STM32L5xx_HAL_Driver/stm32l5xx_hal.o
 .debug_line    0x0000757f      0xf14 ./Drivers/STM32L5xx_HAL_Driver/stm32l5xx_hal_cortex.o
 .debug_line    0x00008493     0x12fb ./Drivers/STM32L5xx_HAL_Driver/stm32l5xx_hal_dma.o
 .debug_line    0x0000978e      0xd0a ./Drivers/STM32L5xx_HAL_Driver/stm32l5xx_hal_gpio.o