../Application/User/aes-gcm/aes-common.h:181:24:AES_GET_BE32	0	static
../Application/User/aes-gcm/aes-common.h:186:20:AES_PUT_BE32	0	static
../Application/User/aes-gcm/aes-common.h:215:20:AES_PUT_BE64	0	static
../Application/User/aes-gcm/aes-gcm.c:21:13:xor_block	0	static
../Application/User/aes-gcm/aes-gcm.c:32:13:shift_right_block	8	static
../Application/User/aes-gcm/aes-gcm.c:61:13:gf_mult	40	static
../Application/User/aes-gcm/aes-gcm.c:171:15:aes_gcm_init_hash_subkey	16	static
../Application/User/aes-gcm/aes-gcm.c:99:13:ghash	56	static
../Application/User/aes-gcm/aes-gcm.c:224:13:aes_gcm_ghash	48	static
../Application/User/aes-gcm/aes-gcm.c:139:13:aes_gctr.part.0	72	static
../Application/User/aes-gcm/aes-gcm.c:187:13:aes_gcm_prepare_j0	40	static
../Application/User/aes-gcm/aes-gcm.c:210:13:aes_gcm_gctr.part.0	48	static
../Application/User/aes-gcm/aes-gcm.c:249:5:aes_gcm_ae	80	static
../Application/User/aes-gcm/aes-gcm.c:283:5:aes_gcm_ad	96	static
../Application/User/aes-gcm/aes-gcm.c:317:5:aes_gmac	40	static
