../Application/User/Speck/speck.c:114:6:Speck_Encrypt_32	16	static
../Application/User/Speck/speck.c:131:6:Speck_Encrypt_48	32	static
../Application/User/Speck/speck.c:154:6:Speck_Encrypt_64	12	static
../Application/User/Speck/speck.c:171:6:Speck_Encrypt_96	64	static
../Application/User/Speck/speck.c:193:6:Speck_Encrypt_128	20	static
../Application/User/Speck/speck.c:215:6:Speck_Decrypt_32	12	static
../Application/User/Speck/speck.c:231:6:Speck_Decrypt_48	32	static
../Application/User/Speck/speck.c:255:6:Speck_Decrypt_64	12	static
../Application/User/Speck/speck.c:272:6:Speck_Decrypt_96	56	static
../Application/User/Speck/speck.c:295:6:Speck_Decrypt_128	20	static
../Application/User/Speck/speck.c:21:9:Speck_Init	104	static
../Application/User/Speck/speck.c:109:9:Speck_Encrypt	8	static
../Application/User/Speck/speck.c:210:9:Speck_Decrypt	8	static
