C:/Users/PC/STM32CubeIDE/workspace_2.0.0/freertos/Drivers/STM32L5xx_HAL_Driver/Src/stm32l5xx_hal_flash_ex.c:742:13:FLASH_MassErase	8	static,ignoring_inline_asm
C:/Users/PC/STM32CubeIDE/workspace_2.0.0/freertos/Drivers/STM32L5xx_HAL_Driver/Src/stm32l5xx_hal_flash_ex.c:304:19:HAL_FLASHEx_OBProgram	24	static
C:/Users/PC/STM32CubeIDE/workspace_2.0.0/freertos/Drivers/STM32L5xx_HAL_Driver/Src/stm32l5xx_hal_flash_ex.c:389:6:HAL_FLASHEx_OBGetConfig	8	static
C:/Users/PC/STM32CubeIDE/workspace_2.0.0/freertos/Drivers/STM32L5xx_HAL_Driver/Src/stm32l5xx_hal_flash_ex.c:443:19:HAL_FLASHEx_ConfigBBAttributes	16	static,ignoring_inline_asm
C:/Users/PC/STM32CubeIDE/workspace_2.0.0/freertos/Drivers/STM32L5xx_HAL_Driver/Src/stm32l5xx_hal_flash_ex.c:500:6:HAL_FLASHEx_GetConfigBBAttributes	0	static
C:/Users/PC/STM32CubeIDE/workspace_2.0.0/freertos/Drivers/STM32L5xx_HAL_Driver/Src/stm32l5xx_hal_flash_ex.c:538:6:HAL_FLASHEx_EnableSecHideProtection	0	static
C:/Users/PC/STM32CubeIDE/workspace_2.0.0/freertos/Drivers/STM32L5xx_HAL_Driver/Src/stm32l5xx_hal_flash_ex.c:583:6:HAL_FLASHEx_ConfigPrivMode	0	static
C:/Users/PC/STM32CubeIDE/workspace_2.0.0/freertos/Drivers/STM32L5xx_HAL_Driver/Src/stm32l5xx_hal_flash_ex.c:599:10:HAL_FLASHEx_GetPrivMode	0	static
C:/Users/PC/STM32CubeIDE/workspace_2.0.0/freertos/Drivers/STM32L5xx_HAL_Driver/Src/stm32l5xx_hal_flash_ex.c:615:19:HAL_FLASHEx_ConfigSecInversion	16	static
C:/Users/PC/STM32CubeIDE/workspace_2.0.0/freertos/Drivers/STM32L5xx_HAL_Driver/Src/stm32l5xx_hal_flash_ex.c:647:10:HAL_FLASHEx_GetSecInversion	0	static
C:/Users/PC/STM32CubeIDE/workspace_2.0.0/freertos/Drivers/STM32L5xx_HAL_Driver/Src/stm32l5xx_hal_flash_ex.c:663:19:HAL_FLASHEx_ConfigLVEPin	16	static
C:/Users/PC/STM32CubeIDE/workspace_2.0.0/freertos/Drivers/STM32L5xx_HAL_Driver/Src/stm32l5xx_hal_flash_ex.c:715:10:HAL_FLASHEx_GetLVEPin	0	static
C:/Users/PC/STM32CubeIDE/workspace_2.0.0/freertos/Drivers/STM32L5xx_HAL_Driver/Src/stm32l5xx_hal_flash_ex.c:798:6:FLASH_PageErase	12	static,ignoring_inline_asm
C:/Users/PC/STM32CubeIDE/workspace_2.0.0/freertos/Drivers/STM32L5xx_HAL_Driver/Src/stm32l5xx_hal_flash_ex.c:168:19:HAL_FLASHEx_Erase	32	static
C:/Users/PC/STM32CubeIDE/workspace_2.0.0/freertos/Drivers/STM32L5xx_HAL_Driver/Src/stm32l5xx_hal_flash_ex.c:238:19:HAL_FLASHEx_Erase_IT	24	static
