C:/Users/laoam/OneDrive/Documents/stm32/workspace/freertostrustzone-master/freertostrustzone-master/Middlewares/Third_Party/FreeRTOS/Source/portable/GCC/ARM_CM33/secure/secure_context.c:68:36:SecureContext_Init	0	static,ignoring_inline_asm
C:/Users/laoam/OneDrive/Documents/stm32/workspace/freertostrustzone-master/freertostrustzone-master/Middlewares/Third_Party/FreeRTOS/Source/portable/GCC/ARM_CM33/secure/secure_context.c:101:54:SecureContext_AllocateContext	16	static,ignoring_inline_asm
C:/Users/laoam/OneDrive/Documents/stm32/workspace/freertostrustzone-master/freertostrustzone-master/Middlewares/Third_Party/FreeRTOS/Source/portable/GCC/ARM_CM33/secure/secure_context.c:183:36:SecureContext_FreeContext	8	static,ignoring_inline_asm
