C:/Users/PC/STM32CubeIDE/workspace_2.0.0/freertos/Middlewares/Third_Party/FreeRTOS/Source/portable/GCC/ARM_CM33/secure/secure_heap.c:179:13:prvInsertBlockIntoFreeList	8	static
C:/Users/PC/STM32CubeIDE/workspace_2.0.0/freertos/Middlewares/Third_Party/FreeRTOS/Source/portable/GCC/ARM_CM33/secure/secure_heap.c:240:7:pvPortMalloc	24	static,ignoring_inline_asm
C:/Users/PC/STM32CubeIDE/workspace_2.0.0/freertos/Middlewares/Third_Party/FreeRTOS/Source/portable/GCC/ARM_CM33/secure/secure_heap.c:386:6:vPortFree	8	static,ignoring_inline_asm
C:/Users/PC/STM32CubeIDE/workspace_2.0.0/freertos/Middlewares/Third_Party/FreeRTOS/Source/portable/GCC/ARM_CM33/secure/secure_heap.c:434:8:xPortGetFreeHeapSize	0	static
C:/Users/PC/STM32CubeIDE/workspace_2.0.0/freertos/Middlewares/Third_Party/FreeRTOS/Source/portable/GCC/ARM_CM33/secure/secure_heap.c:440:8:xPortGetMinimumEverFreeHeapSize	0	static
C:/Users/PC/STM32CubeIDE/workspace_2.0.0/freertos/Middlewares/Third_Party/FreeRTOS/Source/portable/GCC/ARM_CM33/secure/secure_heap.c:446:6:vPortInitialiseBlocks	0	static
