C:/Users/PC/STM32CubeIDE/workspace_2.0.0/freertos/NonSecure/Src/main.c:570:6:NormalTask	32	static
C:/Users/PC/STM32CubeIDE/workspace_2.0.0/freertos/NonSecure/Src/main.c:638:6:SMARM_Experiment_Task	96	static
C:/Users/PC/STM32CubeIDE/workspace_2.0.0/freertos/NonSecure/Src/main.c:76:10:SpeckShuffle_Index	40	static
C:/Users/PC/STM32CubeIDE/workspace_2.0.0/freertos/NonSecure/Src/main.c:102:6:InitSpeckShuffle	16	static
C:/Users/PC/STM32CubeIDE/workspace_2.0.0/freertos/NonSecure/Src/main.c:113:6:Init_FF1_Speck	32	static
C:/Users/PC/STM32CubeIDE/workspace_2.0.0/freertos/NonSecure/Src/main.c:131:6:FF1_SetKey	0	static
C:/Users/PC/STM32CubeIDE/workspace_2.0.0/freertos/NonSecure/Src/main.c:512:5:_gettimeofday	0	static
C:/Users/PC/STM32CubeIDE/workspace_2.0.0/freertos/NonSecure/Src/main.c:531:6:__io_putchar	16	static
C:/Users/PC/STM32CubeIDE/workspace_2.0.0/freertos/NonSecure/Src/main.c:721:6:HAL_TIM_PeriodElapsedCallback	0	static
C:/Users/PC/STM32CubeIDE/workspace_2.0.0/freertos/NonSecure/Src/main.c:739:6:Error_Handler	8	static
C:/Users/PC/STM32CubeIDE/workspace_2.0.0/freertos/NonSecure/Src/main.c:351:6:SystemClock_Config	104	static
C:/Users/PC/STM32CubeIDE/workspace_2.0.0/freertos/NonSecure/Src/main.c:257:5:main	40	static
C:/Users/PC/STM32CubeIDE/workspace_2.0.0/freertos/NonSecure/Src/main.c:524:7:SecureFault_Callback	8	static
C:/Users/PC/STM32CubeIDE/workspace_2.0.0/freertos/NonSecure/Src/main.c:544:7:SecureError_Callback	8	static
