C:/Users/PC/STM32CubeIDE/workspace_2.0.0/freertos/NonSecure/Src/main.c:589:6:NormalTask	32	static
C:/Users/PC/STM32CubeIDE/workspace_2.0.0/freertos/NonSecure/Src/main.c:657:6:SMARM_Experiment_Task	96	static
C:/Users/PC/STM32CubeIDE/workspace_2.0.0/freertos/NonSecure/Src/main.c:75:10:SpeckShuffle_Index	40	static
C:/Users/PC/STM32CubeIDE/workspace_2.0.0/freertos/NonSecure/Src/main.c:101:6:InitSpeckShuffle	16	static
C:/Users/PC/STM32CubeIDE/workspace_2.0.0/freertos/NonSecure/Src/main.c:112:6:Init_FF1_Speck	32	static
C:/Users/PC/STM32CubeIDE/workspace_2.0.0/freertos/NonSecure/Src/main.c:130:6:FF1_SetKey	0	static
C:/Users/PC/STM32CubeIDE/workspace_2.0.0/freertos/NonSecure/Src/main.c:514:5:_gettimeofday	0	static
C:/Users/PC/STM32CubeIDE/workspace_2.0.0/freertos/NonSecure/Src/main.c:533:6:__io_putchar	16	static
C:/Users/PC/STM32CubeIDE/workspace_2.0.0/freertos/NonSecure/Src/main.c:738:7:RTSMARM_Test_NormalWorld	808	static
C:/Users/PC/STM32CubeIDE/workspace_2.0.0/freertos/NonSecure/Src/main.c:868:7:RTSMARM_FF1_Speck_Test_NormalWorld	8	static
C:/Users/PC/STM32CubeIDE/workspace_2.0.0/freertos/NonSecure/Src/main.c:947:6:HAL_TIM_PeriodElapsedCallback	0	static
C:/Users/PC/STM32CubeIDE/workspace_2.0.0/freertos/NonSecure/Src/main.c:965:6:Error_Handler	8	static
C:/Users/PC/STM32CubeIDE/workspace_2.0.0/freertos/NonSecure/Src/main.c:353:6:SystemClock_Config	104	static
C:/Users/PC/STM32CubeIDE/workspace_2.0.0/freertos/NonSecure/Src/main.c:259:5:main	40	static
C:/Users/PC/STM32CubeIDE/workspace_2.0.0/freertos/NonSecure/Src/main.c:526:7:SecureFault_Callback	8	static
C:/Users/PC/STM32CubeIDE/workspace_2.0.0/freertos/NonSecure/Src/main.c:546:7:SecureError_Callback	8	static
