C:/Users/PC/STM32CubeIDE/workspace_2.0.0/freertos/NonSecure/Src/main.c:413:6:NormalTask	3
C:/Users/PC/STM32CubeIDE/workspace_2.0.0/freertos/NonSecure/Src/main.c:406:13:ns_fmt_energy_mj6	1
C:/Users/PC/STM32CubeIDE/workspace_2.0.0/freertos/NonSecure/Src/main.c:465:6:SMARM_Experiment_Task	13
C:/Users/PC/STM32CubeIDE/workspace_2.0.0/freertos/NonSecure/Src/main.c:343:5:_gettimeofday	1
C:/Users/PC/STM32CubeIDE/workspace_2.0.0/freertos/NonSecure/Src/main.c:362:6:__io_putchar	1
C:/Users/PC/STM32CubeIDE/workspace_2.0.0/freertos/NonSecure/Src/main.c:580:6:HAL_TIM_PeriodElapsedCallback	2
C:/Users/PC/STM32CubeIDE/workspace_2.0.0/freertos/NonSecure/Src/main.c:598:6:Error_Handler	1
C:/Users/PC/STM32CubeIDE/workspace_2.0.0/freertos/NonSecure/Src/main.c:184:6:SystemClock_Config	3
C:/Users/PC/STM32CubeIDE/workspace_2.0.0/freertos/NonSecure/Src/main.c:82:5:main	11
C:/Users/PC/STM32CubeIDE/workspace_2.0.0/freertos/NonSecure/Src/main.c:355:7:SecureFault_Callback	0
C:/Users/PC/STM32CubeIDE/workspace_2.0.0/freertos/NonSecure/Src/main.c:375:7:SecureError_Callback	0
