C:/Users/laoam/OneDrive/Documents/stm32/workspace/freertostrustzone-master/freertostrustzone-master/NonSecure/Src/main.c:164:5:main	8	static
C:/Users/laoam/OneDrive/Documents/stm32/workspace/freertostrustzone-master/freertostrustzone-master/NonSecure/Src/main.c:258:6:SystemClock_Config	104	static
C:/Users/laoam/OneDrive/Documents/stm32/workspace/freertostrustzone-master/freertostrustzone-master/NonSecure/Src/main.c:305:13:MX_TIM2_Init	40	static
C:/Users/laoam/OneDrive/Documents/stm32/workspace/freertostrustzone-master/freertostrustzone-master/NonSecure/Src/main.c:350:13:MX_LPUART1_UART_Init	8	static
C:/Users/laoam/OneDrive/Documents/stm32/workspace/freertostrustzone-master/freertostrustzone-master/NonSecure/Src/main.c:398:13:MX_GPIO_Init	16	static
C:/Users/laoam/OneDrive/Documents/stm32/workspace/freertostrustzone-master/freertostrustzone-master/NonSecure/Src/main.c:421:7:SecureFault_Callback	8	static
C:/Users/laoam/OneDrive/Documents/stm32/workspace/freertostrustzone-master/freertostrustzone-master/NonSecure/Src/main.c:428:6:__io_putchar	16	static
C:/Users/laoam/OneDrive/Documents/stm32/workspace/freertostrustzone-master/freertostrustzone-master/NonSecure/Src/main.c:441:7:SecureError_Callback	8	static
C:/Users/laoam/OneDrive/Documents/stm32/workspace/freertostrustzone-master/freertostrustzone-master/NonSecure/Src/main.c:457:21:__busy_wait_cycles	24	static,ignoring_inline_asm
C:/Users/laoam/OneDrive/Documents/stm32/workspace/freertostrustzone-master/freertostrustzone-master/NonSecure/Src/main.c:492:18:GetBank	16	static
C:/Users/laoam/OneDrive/Documents/stm32/workspace/freertostrustzone-master/freertostrustzone-master/NonSecure/Src/main.c:498:6:LED_Thread	32	static
C:/Users/laoam/OneDrive/Documents/stm32/workspace/freertostrustzone-master/freertostrustzone-master/NonSecure/Src/main.c:563:10:GetPage	24	static
C:/Users/laoam/OneDrive/Documents/stm32/workspace/freertostrustzone-master/freertostrustzone-master/NonSecure/Src/main.c:583:19:EraseFlashPages_256KB	32	static
C:/Users/laoam/OneDrive/Documents/stm32/workspace/freertostrustzone-master/freertostrustzone-master/NonSecure/Src/main.c:610:19:EraseFlashPages	48	static
C:/Users/laoam/OneDrive/Documents/stm32/workspace/freertostrustzone-master/freertostrustzone-master/NonSecure/Src/main.c:647:6:uint32_to_str	40	static
C:/Users/laoam/OneDrive/Documents/stm32/workspace/freertostrustzone-master/freertostrustzone-master/NonSecure/Src/main.c:671:6:StartTask08	192	static
C:/Users/laoam/OneDrive/Documents/stm32/workspace/freertostrustzone-master/freertostrustzone-master/NonSecure/Src/main.c:905:6:StartTask07	24	static,ignoring_inline_asm
C:/Users/laoam/OneDrive/Documents/stm32/workspace/freertostrustzone-master/freertostrustzone-master/NonSecure/Src/main.c:952:6:StartTask06	80	static
C:/Users/laoam/OneDrive/Documents/stm32/workspace/freertostrustzone-master/freertostrustzone-master/NonSecure/Src/main.c:1046:6:StartTask05	56	static,ignoring_inline_asm
C:/Users/laoam/OneDrive/Documents/stm32/workspace/freertostrustzone-master/freertostrustzone-master/NonSecure/Src/main.c:1199:6:LinearHmac	104	static
C:/Users/laoam/OneDrive/Documents/stm32/workspace/freertostrustzone-master/freertostrustzone-master/NonSecure/Src/main.c:1262:6:StartTask02	216	static
C:/Users/laoam/OneDrive/Documents/stm32/workspace/freertostrustzone-master/freertostrustzone-master/NonSecure/Src/main.c:1323:6:HAL_TIM_PeriodElapsedCallback	16	static
C:/Users/laoam/OneDrive/Documents/stm32/workspace/freertostrustzone-master/freertostrustzone-master/NonSecure/Src/main.c:1341:6:Error_Handler	8	static
