C:/Users/PC/STM32CubeIDE/workspace_2.0.0/freertos/NonSecure/Src/main.c:674:10:GetPage	0	static
C:/Users/PC/STM32CubeIDE/workspace_2.0.0/freertos/NonSecure/Src/main.c:804:17:NUM2	0	static
C:/Users/PC/STM32CubeIDE/workspace_2.0.0/freertos/NonSecure/Src/main.c:1843:6:NS_SMARM_Benchmark_Experiment	336	static
C:/Users/PC/STM32CubeIDE/workspace_2.0.0/freertos/NonSecure/Src/main.c:76:10:SpeckShuffle_Index	40	static
C:/Users/PC/STM32CubeIDE/workspace_2.0.0/freertos/NonSecure/Src/main.c:102:6:InitSpeckShuffle	16	static
C:/Users/PC/STM32CubeIDE/workspace_2.0.0/freertos/NonSecure/Src/main.c:113:6:Init_FF1_Speck	32	static
C:/Users/PC/STM32CubeIDE/workspace_2.0.0/freertos/NonSecure/Src/main.c:131:6:FF1_SetKey	0	static
C:/Users/PC/STM32CubeIDE/workspace_2.0.0/freertos/NonSecure/Src/main.c:520:5:_gettimeofday	0	static
C:/Users/PC/STM32CubeIDE/workspace_2.0.0/freertos/NonSecure/Src/main.c:539:6:__io_putchar	16	static
C:/Users/PC/STM32CubeIDE/workspace_2.0.0/freertos/NonSecure/Src/main.c:609:6:LED_Thread	32	static,ignoring_inline_asm
C:/Users/PC/STM32CubeIDE/workspace_2.0.0/freertos/NonSecure/Src/main.c:694:19:EraseFlashPages_256KB	32	static
C:/Users/PC/STM32CubeIDE/workspace_2.0.0/freertos/NonSecure/Src/main.c:745:19:EraseFlashPages	40	static
C:/Users/PC/STM32CubeIDE/workspace_2.0.0/freertos/NonSecure/Src/main.c:927:10:FF1Permute	352	static
C:/Users/PC/STM32CubeIDE/workspace_2.0.0/freertos/NonSecure/Src/main.c:964:6:Init_FF1_Key	32	static
C:/Users/PC/STM32CubeIDE/workspace_2.0.0/freertos/NonSecure/Src/main.c:974:6:StartTask09	64	static,ignoring_inline_asm
C:/Users/PC/STM32CubeIDE/workspace_2.0.0/freertos/NonSecure/Src/main.c:1063:6:StartTask08	72	static,ignoring_inline_asm
C:/Users/PC/STM32CubeIDE/workspace_2.0.0/freertos/NonSecure/Src/main.c:1242:6:StartTask07	24	static,ignoring_inline_asm
C:/Users/PC/STM32CubeIDE/workspace_2.0.0/freertos/NonSecure/Src/main.c:1383:6:StartTask05	56	static,ignoring_inline_asm
C:/Users/PC/STM32CubeIDE/workspace_2.0.0/freertos/NonSecure/Src/main.c:1554:10:FeistelPermute	24	static
C:/Users/PC/STM32CubeIDE/workspace_2.0.0/freertos/NonSecure/Src/main.c:1589:6:Test_Simulation	24	static
C:/Users/PC/STM32CubeIDE/workspace_2.0.0/freertos/NonSecure/Src/main.c:1627:6:NormalTask	32	static
C:/Users/PC/STM32CubeIDE/workspace_2.0.0/freertos/NonSecure/Src/main.c:1695:6:SMARM_Experiment_Task	96	static
C:/Users/PC/STM32CubeIDE/workspace_2.0.0/freertos/NonSecure/Src/main.c:1763:6:NS_SMARM_measurement	320	static
C:/Users/PC/STM32CubeIDE/workspace_2.0.0/freertos/NonSecure/Src/main.c:1818:6:Test_SpeckShuffle_Basic	40	static
C:/Users/PC/STM32CubeIDE/workspace_2.0.0/freertos/NonSecure/Src/main.c:1953:6:NS_SMARM_Benchmark_Experiment_test	328	static
C:/Users/PC/STM32CubeIDE/workspace_2.0.0/freertos/NonSecure/Src/main.c:2039:6:LinearHMAC	48	static
C:/Users/PC/STM32CubeIDE/workspace_2.0.0/freertos/NonSecure/Src/main.c:2122:6:StartTask02	16	static
C:/Users/PC/STM32CubeIDE/workspace_2.0.0/freertos/NonSecure/Src/main.c:2183:6:HAL_TIM_PeriodElapsedCallback	0	static
C:/Users/PC/STM32CubeIDE/workspace_2.0.0/freertos/NonSecure/Src/main.c:2201:6:Error_Handler	8	static
C:/Users/PC/STM32CubeIDE/workspace_2.0.0/freertos/NonSecure/Src/main.c:359:6:SystemClock_Config	104	static
C:/Users/PC/STM32CubeIDE/workspace_2.0.0/freertos/NonSecure/Src/main.c:263:5:main	40	static
C:/Users/PC/STM32CubeIDE/workspace_2.0.0/freertos/NonSecure/Src/main.c:532:7:SecureFault_Callback	8	static
C:/Users/PC/STM32CubeIDE/workspace_2.0.0/freertos/NonSecure/Src/main.c:1289:6:StartTask06	48	static
C:/Users/PC/STM32CubeIDE/workspace_2.0.0/freertos/NonSecure/Src/main.c:552:7:SecureError_Callback	8	static
