C:/Users/laoam/OneDrive/Documents/stm32/workspace/freertostrustzone-master/freertostrustzone-master/NonSecure/Src/main.c:565:10:GetPage	0	static
C:/Users/laoam/OneDrive/Documents/stm32/workspace/freertostrustzone-master/freertostrustzone-master/NonSecure/Src/main.c:1242:6:LinearHMAC	72	static,ignoring_inline_asm
C:/Users/laoam/OneDrive/Documents/stm32/workspace/freertostrustzone-master/freertostrustzone-master/NonSecure/Src/main.c:430:6:__io_putchar	16	static
C:/Users/laoam/OneDrive/Documents/stm32/workspace/freertostrustzone-master/freertostrustzone-master/NonSecure/Src/main.c:500:6:LED_Thread	32	static,ignoring_inline_asm
C:/Users/laoam/OneDrive/Documents/stm32/workspace/freertostrustzone-master/freertostrustzone-master/NonSecure/Src/main.c:585:19:EraseFlashPages_256KB	32	static
C:/Users/laoam/OneDrive/Documents/stm32/workspace/freertostrustzone-master/freertostrustzone-master/NonSecure/Src/main.c:612:19:EraseFlashPages	40	static
C:/Users/laoam/OneDrive/Documents/stm32/workspace/freertostrustzone-master/freertostrustzone-master/NonSecure/Src/main.c:649:6:uint32_to_str	40	static
C:/Users/laoam/OneDrive/Documents/stm32/workspace/freertostrustzone-master/freertostrustzone-master/NonSecure/Src/main.c:673:6:StartTask09	64	static,ignoring_inline_asm
C:/Users/laoam/OneDrive/Documents/stm32/workspace/freertostrustzone-master/freertostrustzone-master/NonSecure/Src/main.c:762:6:StartTask08	72	static,ignoring_inline_asm
C:/Users/laoam/OneDrive/Documents/stm32/workspace/freertostrustzone-master/freertostrustzone-master/NonSecure/Src/main.c:948:6:StartTask07	24	static,ignoring_inline_asm
C:/Users/laoam/OneDrive/Documents/stm32/workspace/freertostrustzone-master/freertostrustzone-master/NonSecure/Src/main.c:1089:6:StartTask05	56	static,ignoring_inline_asm
C:/Users/laoam/OneDrive/Documents/stm32/workspace/freertostrustzone-master/freertostrustzone-master/NonSecure/Src/main.c:1322:6:StartTask02	80	static
C:/Users/laoam/OneDrive/Documents/stm32/workspace/freertostrustzone-master/freertostrustzone-master/NonSecure/Src/main.c:1383:6:HAL_TIM_PeriodElapsedCallback	0	static
C:/Users/laoam/OneDrive/Documents/stm32/workspace/freertostrustzone-master/freertostrustzone-master/NonSecure/Src/main.c:1401:6:Error_Handler	8	static
C:/Users/laoam/OneDrive/Documents/stm32/workspace/freertostrustzone-master/freertostrustzone-master/NonSecure/Src/main.c:260:6:SystemClock_Config	104	static
C:/Users/laoam/OneDrive/Documents/stm32/workspace/freertostrustzone-master/freertostrustzone-master/NonSecure/Src/main.c:166:5:main	40	static
C:/Users/laoam/OneDrive/Documents/stm32/workspace/freertostrustzone-master/freertostrustzone-master/NonSecure/Src/main.c:423:7:SecureFault_Callback	8	static
C:/Users/laoam/OneDrive/Documents/stm32/workspace/freertostrustzone-master/freertostrustzone-master/NonSecure/Src/main.c:995:6:StartTask06	48	static
C:/Users/laoam/OneDrive/Documents/stm32/workspace/freertostrustzone-master/freertostrustzone-master/NonSecure/Src/main.c:443:7:SecureError_Callback	8	static
