C:/Users/PC/STM32CubeIDE/workspace_2.0.0/freertos/NonSecure/Src/main.c:174:6:SMARM_Experiment_Task	104	static
C:/Users/PC/STM32CubeIDE/workspace_2.0.0/freertos/NonSecure/Src/main.c:134:5:_gettimeofday	0	static
C:/Users/PC/STM32CubeIDE/workspace_2.0.0/freertos/NonSecure/Src/main.c:136:5:__io_putchar	16	static
C:/Users/PC/STM32CubeIDE/workspace_2.0.0/freertos/NonSecure/Src/main.c:143:6:NormalTask	32	static
C:/Users/PC/STM32CubeIDE/workspace_2.0.0/freertos/NonSecure/Src/main.c:219:6:HAL_TIM_PeriodElapsedCallback	0	static
C:/Users/PC/STM32CubeIDE/workspace_2.0.0/freertos/NonSecure/Src/main.c:224:6:Error_Handler	8	static
C:/Users/PC/STM32CubeIDE/workspace_2.0.0/freertos/NonSecure/Src/main.c:65:6:SystemClock_Config	104	static
C:/Users/PC/STM32CubeIDE/workspace_2.0.0/freertos/NonSecure/Src/main.c:45:5:main	40	static
C:/Users/PC/STM32CubeIDE/workspace_2.0.0/freertos/NonSecure/Src/main.c:135:6:SecureFault_Callback	8	static
C:/Users/PC/STM32CubeIDE/workspace_2.0.0/freertos/NonSecure/Src/main.c:137:6:SecureError_Callback	8	static
