C:/Users/laoam/OneDrive/Documents/stm32/workspace/freertostrustzone-master/freertostrustzone-master/NonSecure/Src/stm32l5xx_hal_msp.c:63:6:HAL_MspInit	8	static
C:/Users/laoam/OneDrive/Documents/stm32/workspace/freertostrustzone-master/freertostrustzone-master/NonSecure/Src/stm32l5xx_hal_msp.c:88:6:HAL_UART_MspInit	184	static
C:/Users/laoam/OneDrive/Documents/stm32/workspace/freertostrustzone-master/freertostrustzone-master/NonSecure/Src/stm32l5xx_hal_msp.c:140:6:HAL_UART_MspDeInit	8	static
C:/Users/laoam/OneDrive/Documents/stm32/workspace/freertostrustzone-master/freertostrustzone-master/NonSecure/Src/stm32l5xx_hal_msp.c:165:6:HAL_TIM_Base_MspInit	16	static
C:/Users/laoam/OneDrive/Documents/stm32/workspace/freertostrustzone-master/freertostrustzone-master/NonSecure/Src/stm32l5xx_hal_msp.c:179:6:HAL_TIM_Base_MspDeInit	0	static
