../Application/User/Crypto/hmac-sha256/hmac-sha256.c:87:6:sha256_initialize	8	static
../Application/User/Crypto/hmac-sha256/hmac-sha256.c:104:6:sha256_update	592	static
../Application/User/Crypto/hmac-sha256/hmac-sha256.c:221:6:sha256_finalize	88	static
../Application/User/Crypto/hmac-sha256/hmac-sha256.c:244:6:sha256_get	152	static
../Application/User/Crypto/hmac-sha256/hmac-sha256.c:266:6:hmac_sha256_initialize	24	static
../Application/User/Crypto/hmac-sha256/hmac-sha256.c:286:6:hmac_sha256_update	0	static
../Application/User/Crypto/hmac-sha256/hmac-sha256.c:294:6:hmac_sha256_finalize	16	static
../Application/User/Crypto/hmac-sha256/hmac-sha256.c:312:6:hmac_sha256_get	248	static
